Archive member included because of file (symbol)

contiki-ng-sky.a(uart1-putchar.o)
                              udp-server.o (putchar)
contiki-ng-sky.a(platform.o)  obj_sky/contiki-main.o (platform_init_stage_one)
contiki-ng-sky.a(msp430.o)    contiki-ng-sky.a(platform.o) (msp430_dco_required)
contiki-ng-sky.a(clock.o)     obj_sky/contiki-main.o (clock_init)
contiki-ng-sky.a(leds.o)      contiki-ng-sky.a(platform.o) (leds_init)
contiki-ng-sky.a(leds-arch.o)
                              contiki-ng-sky.a(leds.o) (leds_arch_init)
contiki-ng-sky.a(watchdog.o)  obj_sky/contiki-main.o (watchdog_start)
contiki-ng-sky.a(autostart.o)
                              obj_sky/contiki-main.o (autostart_start)
contiki-ng-sky.a(ctimer.o)    obj_sky/contiki-main.o (ctimer_init)
contiki-ng-sky.a(energest.o)  obj_sky/contiki-main.o (energest_init)
contiki-ng-sky.a(etimer.o)    contiki-ng-sky.a(clock.o) (etimer_request_poll)
contiki-ng-sky.a(log.o)       udp-server.o (log_6addr)
contiki-ng-sky.a(process.o)   contiki-ng-sky.a(ctimer.o) (process_current)
contiki-ng-sky.a(rtimer.o)    obj_sky/contiki-main.o (rtimer_init)
contiki-ng-sky.a(node-id.o)   obj_sky/contiki-main.o (node_id_init)
contiki-ng-sky.a(timer.o)     contiki-ng-sky.a(platform.o) (timer_set)
contiki-ng-sky.a(list.o)      contiki-ng-sky.a(ctimer.o) (list_init)
contiki-ng-sky.a(random.o)    contiki-ng-sky.a(platform.o) (random_init)
contiki-ng-sky.a(netstack.o)  obj_sky/contiki-main.o (netstack_init)
contiki-ng-sky.a(linkaddr.o)  contiki-ng-sky.a(platform.o) (linkaddr_copy)
contiki-ng-sky.a(csma.o)      obj_sky/contiki-main.o (csma_driver)
contiki-ng-sky.a(csma-output.o)
                              contiki-ng-sky.a(csma.o) (csma_output_packet)
contiki-ng-sky.a(uip-ds6.o)   obj_sky/contiki-main.o (uip_ds6_get_link_local)
contiki-ng-sky.a(tcpip.o)     obj_sky/contiki-main.o (tcpip_process)
contiki-ng-sky.a(uip-ds6-route.o)
                              contiki-ng-sky.a(uip-ds6.o) (uip_ds6_route_init)
contiki-ng-sky.a(uip6.o)      contiki-ng-sky.a(tcpip.o) (uip_aligned_buf)
contiki-ng-sky.a(uip-ds6-nbr.o)
                              contiki-ng-sky.a(uip-ds6.o) (uip_ds6_neighbors_init)
contiki-ng-sky.a(uip-nd6.o)   contiki-ng-sky.a(uip6.o) (uip_nd6_init)
contiki-ng-sky.a(simple-udp.o)
                              udp-server.o (simple_udp_sendto)
contiki-ng-sky.a(sicslowpan.o)
                              obj_sky/contiki-main.o (sicslowpan_driver)
contiki-ng-sky.a(uiplib.o)    contiki-ng-sky.a(log.o) (uiplib_ipaddr_snprint)
contiki-ng-sky.a(rpl.o)       udp-server.o (rpl_lite_driver)
contiki-ng-sky.a(rpl-icmp6.o)
                              contiki-ng-sky.a(rpl.o) (rpl_icmp6_init)
contiki-ng-sky.a(rpl-dag.o)   contiki-ng-sky.a(rpl.o) (curr_instance)
contiki-ng-sky.a(rpl-dag-root.o)
                              contiki-ng-sky.a(rpl.o) (rpl_dag_root_set_prefix)
contiki-ng-sky.a(contiki-sky-pla)
                              contiki-ng-sky.a(platform.o) (init_platform)
contiki-ng-sky.a(button-sensor.o)
                              contiki-ng-sky.a(contiki-sky-pla) (button_sensor)
contiki-ng-sky.a(ds2411.o)    contiki-ng-sky.a(platform.o) (ds2411_init)
contiki-ng-sky.a(xmem.o)      contiki-ng-sky.a(platform.o) (xmem_init)
contiki-ng-sky.a(sensors.o)   contiki-ng-sky.a(button-sensor.o) (sensors_changed)
contiki-ng-sky.a(cc2420.o)    contiki-ng-sky.a(platform.o) (cc2420_set_pan_addr)
contiki-ng-sky.a(cc2420-arch.o)
                              contiki-ng-sky.a(cc2420.o) (cc2420_arch_init)
contiki-ng-sky.a(uart1.o)     contiki-ng-sky.a(platform.o) (uart1_active)
contiki-ng-sky.a(rtimer-arch.o)
                              contiki-ng-sky.a(rtimer.o) (rtimer_arch_init)
contiki-ng-sky.a(stimer.o)    contiki-ng-sky.a(uip-ds6.o) (stimer_set)
contiki-ng-sky.a(memb.o)      contiki-ng-sky.a(csma-output.o) (memb_init)
contiki-ng-sky.a(queuebuf.o)  contiki-ng-sky.a(csma-output.o) (queuebuf_init)
contiki-ng-sky.a(nbr-table.o)
                              contiki-ng-sky.a(uip-ds6-nbr.o) (nbr_table_register)
contiki-ng-sky.a(packetbuf.o)
                              contiki-ng-sky.a(sicslowpan.o) (packetbuf_set_datalen)
contiki-ng-sky.a(link-stats.o)
                              contiki-ng-sky.a(sicslowpan.o) (link_stats_packet_sent)
contiki-ng-sky.a(mac-sequence.o)
                              contiki-ng-sky.a(csma.o) (mac_sequence_is_duplicate)
contiki-ng-sky.a(mac.o)       contiki-ng-sky.a(csma-output.o) (mac_call_sent_callback)
contiki-ng-sky.a(framer-802154.o)
                              contiki-ng-sky.a(csma.o) (framer_802154)
contiki-ng-sky.a(frame802154.o)
                              contiki-ng-sky.a(framer-802154.o) (frame802154_get_pan_id)
contiki-ng-sky.a(uipbuf.o)    contiki-ng-sky.a(sicslowpan.o) (uipbuf_get_attr)
contiki-ng-sky.a(uip-icmp6.o)
                              contiki-ng-sky.a(uip6.o) (uip_icmp6_input)
contiki-ng-sky.a(uip-sr.o)    contiki-ng-sky.a(rpl-dag-root.o) (uip_sr_num_nodes)
contiki-ng-sky.a(uip-udp-packet.)
[...]
Memory Configuration

Name             Origin             Length             Attributes
sfr              0x00000000         0x00000010
peripheral_8bit  0x00000010         0x000000f0
peripheral_16bit 0x00000100         0x00000100
ram_mirror       0x00000200         0x00000800         xw
infomem          0x00001000         0x00000100
infob            0x00001000         0x00000080
infoa            0x00001080         0x00000080
ram              0x00001100         0x00002800         xw
rom              0x00004000         0x0000bfe0         xr
vectors          0x0000ffe0         0x00000020
bsl              0x00000000         0x00000000
infoc            0x00000000         0x00000000
infod            0x00000000         0x00000000
ram2             0x00000000         0x00000000         xw
usbram           0x00000000         0x00000000         xw
far_rom          0x00000000         0x00000000
*default*        0x00000000         0xffffffff

Linker script and memory map

LOAD /usr/lib/gcc/msp430/4.6.3/mmpy-16/crt0ivtbl16.o
                0x00002d56                _stack = _end
LOAD udp-server.o
LOAD obj_sky/contiki-main.o
LOAD contiki-ng-sky.a
LOAD /usr/lib/gcc/msp430/4.6.3/mmpy-16/libgcc.a
LOAD /usr/lib/gcc/msp430/4.6.3/../../../../msp430/lib/mmpy-16/libc.a
LOAD /usr/lib/gcc/msp430/4.6.3/mmpy-16/libgcc.a
LOAD /usr/lib/gcc/msp430/4.6.3/mmpy-16/libcrt0.a
                0x00000080                PROVIDE (__info_segment_size, 0x80)
                0x00001000                PROVIDE (__infob, 0x1000)
                0x00001080                PROVIDE (__infoa, 0x1080)
                0x00000000                __IE1 = 0x0
                0x00000002                __IFG1 = 0x2
                0x00000004                __ME1 = 0x4
                0x00000001                __IE2 = 0x1
                0x00000003                __IFG2 = 0x3
                0x00000005                __ME2 = 0x5
                0x00000120                __WDTCTL = 0x120
                0x00000130                __MPY = 0x130
                0x00000132                __MPYS = 0x132
                0x00000134                __MAC = 0x134
                0x00000136                __MACS = 0x136
                0x00000138                __OP2 = 0x138
                0x0000013a                __RESLO = 0x13a
                0x0000013c                __RESHI = 0x13c
                0x0000013e                __SUMEXT = 0x13e
                0x00000020                __P1IN = 0x20
                0x00000021                __P1OUT = 0x21
                0x00000022                __P1DIR = 0x22
                0x00000023                __P1IFG = 0x23
                0x00000024                __P1IES = 0x24
                0x00000025                __P1IE = 0x25
                0x00000026                __P1SEL = 0x26
                0x00000028                __P2IN = 0x28
                0x00000029                __P2OUT = 0x29
                0x0000002a                __P2DIR = 0x2a
                0x0000002b                __P2IFG = 0x2b
                0x0000002c                __P2IES = 0x2c
                0x0000002d                __P2IE = 0x2d
                0x0000002e                __P2SEL = 0x2e
                0x00000018                __P3IN = 0x18
                0x00000019                __P3OUT = 0x19
                0x0000001a                __P3DIR = 0x1a
                0x0000001b                __P3SEL = 0x1b
                0x0000001c                __P4IN = 0x1c
                0x0000001d                __P4OUT = 0x1d
                0x0000001e                __P4DIR = 0x1e
                0x0000001f                __P4SEL = 0x1f
                0x00000030                __P5IN = 0x30
                0x00000031                __P5OUT = 0x31
                0x00000032                __P5DIR = 0x32
                0x00000033                __P5SEL = 0x33
                0x00000034                __P6IN = 0x34
                0x00000035                __P6OUT = 0x35
                0x00000036                __P6DIR = 0x36
                0x00000037                __P6SEL = 0x37
                0x00000070                __U0CTL = 0x70
                0x00000071                __U0TCTL = 0x71
                0x00000072                __U0RCTL = 0x72
                0x00000073                __U0MCTL = 0x73
                0x00000074                __U0BR0 = 0x74
                0x00000075                __U0BR1 = 0x75
                0x00000076                __U0RXBUF = 0x76
                0x00000077                __U0TXBUF = 0x77
                0x00000078                __U1CTL = 0x78
                0x00000079                __U1TCTL = 0x79
                0x0000007a                __U1RCTL = 0x7a
                0x0000007b                __U1MCTL = 0x7b
                0x0000007c                __U1BR0 = 0x7c
                0x0000007d                __U1BR1 = 0x7d
                0x0000007e                __U1RXBUF = 0x7e
                0x0000007f                __U1TXBUF = 0x7f
                0x00000050                __I2CIE = 0x50
                0x00000051                __I2CIFG = 0x51
                0x00000052                __I2CNDAT = 0x52
                0x00000071                __I2CTCTL = 0x71
                0x00000072                __I2CDCTL = 0x72
                0x00000073                __I2CPSC = 0x73
                0x00000074                __I2CSCLH = 0x74
                0x00000075                __I2CSCLL = 0x75
                0x00000076                __I2CDRB = 0x76
                0x00000076                __I2CDRW = 0x76
                0x00000118                __I2COA = 0x118
                0x0000011a                __I2CSA = 0x11a
                0x0000011c                __I2CIV = 0x11c
                0x0000012e                __TAIV = 0x12e
                0x00000160                __TACTL = 0x160
                0x00000162                __TACCTL0 = 0x162
                0x00000164                __TACCTL1 = 0x164
                0x00000166                __TACCTL2 = 0x166
                0x00000170                __TAR = 0x170
                0x00000172                __TACCR0 = 0x172
                0x00000174                __TACCR1 = 0x174
                0x00000176                __TACCR2 = 0x176
                0x0000011e                __TBIV = 0x11e
                0x00000180                __TBCTL = 0x180
                0x00000182                __TBCCTL0 = 0x182
                0x00000184                __TBCCTL1 = 0x184
                0x00000186                __TBCCTL2 = 0x186
                0x00000188                __TBCCTL3 = 0x188
                0x0000018a                __TBCCTL4 = 0x18a
                0x0000018c                __TBCCTL5 = 0x18c
                0x0000018e                __TBCCTL6 = 0x18e
                0x00000190                __TBR = 0x190
                0x00000192                __TBCCR0 = 0x192
                0x00000194                __TBCCR1 = 0x194
                0x00000196                __TBCCR2 = 0x196
                0x00000198                __TBCCR3 = 0x198
                0x0000019a                __TBCCR4 = 0x19a
                0x0000019c                __TBCCR5 = 0x19c
                0x0000019e                __TBCCR6 = 0x19e
                0x00000056                __DCOCTL = 0x56
                0x00000057                __BCSCTL1 = 0x57
                0x00000058                __BCSCTL2 = 0x58
                0x00000055                __SVSCTL = 0x55
                0x00000128                __FCTL1 = 0x128
                0x0000012a                __FCTL2 = 0x12a
                0x0000012c                __FCTL3 = 0x12c
                0x00000059                __CACTL1 = 0x59
                0x0000005a                __CACTL2 = 0x5a
                0x0000005b                __CAPD = 0x5b
                0x000001a0                __ADC12CTL0 = 0x1a0
                0x000001a2                __ADC12CTL1 = 0x1a2
                0x000001a4                __ADC12IFG = 0x1a4
                0x000001a6                __ADC12IE = 0x1a6
                0x000001a8                __ADC12IV = 0x1a8
                0x00000140                __ADC12MEM0 = 0x140
                0x00000142                __ADC12MEM1 = 0x142
                0x00000144                __ADC12MEM2 = 0x144
                0x00000146                __ADC12MEM3 = 0x146
                0x00000148                __ADC12MEM4 = 0x148
                0x0000014a                __ADC12MEM5 = 0x14a
                0x0000014c                __ADC12MEM6 = 0x14c
                0x0000014e                __ADC12MEM7 = 0x14e
                0x00000150                __ADC12MEM8 = 0x150
                0x00000152                __ADC12MEM9 = 0x152
                0x00000154                __ADC12MEM10 = 0x154
                0x00000156                __ADC12MEM11 = 0x156
                0x00000158                __ADC12MEM12 = 0x158
                0x0000015a                __ADC12MEM13 = 0x15a
                0x0000015c                __ADC12MEM14 = 0x15c
                0x0000015e                __ADC12MEM15 = 0x15e
                0x00000080                __ADC12MCTL0 = 0x80
                0x00000081                __ADC12MCTL1 = 0x81
                0x00000082                __ADC12MCTL2 = 0x82
                0x00000083                __ADC12MCTL3 = 0x83
                0x00000084                __ADC12MCTL4 = 0x84
                0x00000085                __ADC12MCTL5 = 0x85
                0x00000086                __ADC12MCTL6 = 0x86
                0x00000087                __ADC12MCTL7 = 0x87
                0x00000088                __ADC12MCTL8 = 0x88
                0x00000089                __ADC12MCTL9 = 0x89
                0x0000008a                __ADC12MCTL10 = 0x8a
                0x0000008b                __ADC12MCTL11 = 0x8b
                0x0000008c                __ADC12MCTL12 = 0x8c
                0x0000008d                __ADC12MCTL13 = 0x8d
                0x0000008e                __ADC12MCTL14 = 0x8e
                0x0000008f                __ADC12MCTL15 = 0x8f
                0x000001c0                __DAC12_0CTL = 0x1c0
                0x000001c2                __DAC12_1CTL = 0x1c2
                0x000001c8                __DAC12_0DAT = 0x1c8
                0x000001ca                __DAC12_1DAT = 0x1ca
                0x00000122                __DMACTL0 = 0x122
                0x00000124                __DMACTL1 = 0x124
                0x000001e0                __DMA0CTL = 0x1e0
                0x000001e8                __DMA1CTL = 0x1e8
                0x000001f0                __DMA2CTL = 0x1f0
                0x000001e2                __DMA0SA = 0x1e2
                0x000001e4                __DMA0DA = 0x1e4
                0x000001e6                __DMA0SZ = 0x1e6
                0x000001ea                __DMA1SA = 0x1ea
                0x000001ec                __DMA1DA = 0x1ec
                0x000001ee                __DMA1SZ = 0x1ee
                0x000001f2                __DMA2SA = 0x1f2
                0x000001f4                __DMA2DA = 0x1f4
                0x000001f6                __DMA2SZ = 0x1f6

.hash
 *(.hash)

.dynsym
 *(.dynsym)

.dynstr
 *(.dynstr)

.gnu.version
 *(.gnu.version)

.gnu.version_d
 *(.gnu.version_d)

.gnu.version_r
 *(.gnu.version_r)

.rel.init
 *(.rel.init)

.rela.init
 *(.rela.init)

.rel.fini
 *(.rel.fini)

.rela.fini
 *(.rela.fini)

.rel.text
 *(.rel.text .rel.text.* .rel.gnu.linkonce.t.*)

.rela.text
 *(.rela.text .rela.text.* .rela.gnu.linkonce.t.*)

.rel.rodata
 *(.rel.rodata .rel.rodata.* .rel.gnu.linkonce.r.*)

.rela.rodata
 *(.rela.rodata .rela.rodata.* .rela.gnu.linkonce.r.*)

.rel.data
 *(.rel.data .rel.data.* .rel.gnu.linkonce.d.*)

.rela.data
 *(.rela.data .rela.data.* .rela.gnu.linkonce.d.*)

.rel.bss
 *(.rel.bss .rel.bss.* .rel.gnu.linkonce.b.*)

.rela.bss
 *(.rela.bss .rela.bss.* .rela.gnu.linkonce.b.*)

.rel.ctors
 *(.rel.ctors)

.rela.ctors
 *(.rela.ctors)

.rel.dtors
 *(.rel.dtors)

.rela.dtors
 *(.rela.dtors)

.rel.got
 *(.rel.got)

.rela.got
 *(.rela.got)

.rel.plt
 *(.rel.plt)

.rela.plt
 *(.rela.plt)

.text           0x00004000     0xa456
                0x00004000                . = ALIGN (0x2)
 *(.init .init.*)
 *(.init0)
 .init0         0x00004000        0x0 /usr/lib/gcc/msp430/4.6.3/mmpy-16/libcrt0.a(_reset_vector__.o)
                0x00004000                _reset_vector__
 *(.init1)
 .init1         0x00004000        0xc /usr/lib/gcc/msp430/4.6.3/mmpy-16/libcrt0.a(__watchdog_support.o)
                0x00004000                __watchdog_support
 *(.init2)
 .init2         0x0000400c        0x4 /usr/lib/gcc/msp430/4.6.3/mmpy-16/libcrt0.a(__init_stack.o)
                0x0000400c                __init_stack
 *(.init3)
 .init3         0x00004010        0x0 /usr/lib/gcc/msp430/4.6.3/mmpy-16/libcrt0.a(__low_level_init.o)
                0x00004010                __low_level_init
 *(.init4)
 .init4         0x00004010       0x18 /usr/lib/gcc/msp430/4.6.3/mmpy-16/libcrt0.a(_copy_data.o)
                0x00004010                __do_copy_data
 .init4         0x00004028       0x16 /usr/lib/gcc/msp430/4.6.3/mmpy-16/libcrt0.a(_clear_bss.o)
                0x00004028                __do_clear_bss
 *(.init5)
 *(.init6)
 *(.init7)
 *(.init8)
 *(.init9)
 .init9         0x0000403e      0x22a obj_sky/contiki-main.o
                0x0000403e                main
 *(.fini9)
 .fini9         0x00004268        0x0 /usr/lib/gcc/msp430/4.6.3/mmpy-16/libcrt0.a(__stop_progExec__.o)
                0x00004268                __stop_progExec__
 *(.fini8)
 *(.fini7)
 *(.fini6)
 *(.fini5)
 *(.fini4)
 *(.fini3)
 *(.fini2)
 *(.fini1)
 *(.fini0)
 .fini0         0x00004268        0x6 /usr/lib/gcc/msp430/4.6.3/mmpy-16/libcrt0.a(_endless_loop__.o)
                0x00004268                _endless_loop__
 *(.fini .fini.*)
                0x0000426e                . = ALIGN (0x2)
                0x0000426e                __ctors_start = .
 *(.ctors)
                0x0000426e                __ctors_end = .
                0x0000426e                __dtors_start = .
 *(.dtors)
                0x0000426e                __dtors_end = .
                0x0000426e                . = ALIGN (0x2)
 *(.text .text.* .gnu.linkonce.t.*)
 .text          0x0000426e        0x4 /usr/lib/gcc/msp430/4.6.3/mmpy-16/crt0ivtbl16.o
                0x0000426e                __isr_14
                0x0000426e                __isr_11
                0x0000426e                __isr_2
                0x0000426e                __isr_7
                0x0000426e                __isr_0
                0x0000426e                __isr_8
                0x0000426e                __isr_3
                0x0000426e                __isr_12
                0x0000426e                __isr_13
                0x0000426e                __isr_9
 .text.process_thread_udp_server_process
                0x00004272       0x32 udp-server.o
 .text.udp_rx_callback
                0x000042a4       0xae udp-server.o
 .text.putchar  0x00004352       0x10 contiki-ng-sky.a(uart1-putchar.o)
                0x00004352                putchar
 .text.platform_init_stage_one
                0x00004362       0x12 contiki-ng-sky.a(platform.o)
                0x00004362                platform_init_stage_one
 .text.platform_init_stage_two
                0x00004374       0x66 contiki-ng-sky.a(platform.o)
                0x00004374                platform_init_stage_two
 .text.platform_init_stage_three
                0x000043da       0x7a contiki-ng-sky.a(platform.o)
                0x000043da                platform_init_stage_three
 .text.platform_idle
                0x00004454       0x54 contiki-ng-sky.a(platform.o)
                0x00004454                platform_idle
 .text.msp430_init_dco
                0x000044a8       0x84 contiki-ng-sky.a(msp430.o)
                0x000044a8                msp430_init_dco
 .text.msp430_add_lpm_req
                0x0000452c        0xc contiki-ng-sky.a(msp430.o)
                0x0000452c                msp430_add_lpm_req
 .text.msp430_cpu_init
                0x00004538       0x2a contiki-ng-sky.a(msp430.o)
                0x00004538                msp430_cpu_init
 .text.splhigh_
                0x00004562        0x8 contiki-ng-sky.a(msp430.o)
                0x00004562                splhigh_
 .text.msp430_sync_dco
                0x0000456a       0x68 contiki-ng-sky.a(msp430.o)
                0x0000456a                msp430_sync_dco
 .text.timera1  0x000045d2       0xdc contiki-ng-sky.a(clock.o)
                0x000045d2                __isr_5
                0x000045d2                timera1
 .text.clock_time
                0x000046ae       0x1a contiki-ng-sky.a(clock.o)
                0x000046ae                clock_time
 .text.clock_init
                0x000046c8       0x28 contiki-ng-sky.a(clock.o)
                0x000046c8                clock_init
 .text.clock_delay
                0x000046f0        0xc contiki-ng-sky.a(clock.o)
                0x000046f0                clock_delay
 .text.clock_seconds
                0x000046fc       0x1a contiki-ng-sky.a(clock.o)
                0x000046fc                clock_seconds
 .text.leds_init
                0x00004716        0x6 contiki-ng-sky.a(leds.o)
                0x00004716                leds_init
 .text.leds_on  0x0000471c       0x12 contiki-ng-sky.a(leds.o)
                0x0000471c                leds_on
 .text.leds_off
                0x0000472e       0x12 contiki-ng-sky.a(leds.o)
                0x0000472e                leds_off
 .text.leds_arch_init
                0x00004740        0xe contiki-ng-sky.a(leds-arch.o)
                0x00004740                leds_arch_init
 .text.leds_arch_get
                0x0000474e       0x36 contiki-ng-sky.a(leds-arch.o)
                0x0000474e                leds_arch_get
 .text.leds_arch_set
                0x00004784       0x40 contiki-ng-sky.a(leds-arch.o)
                0x00004784                leds_arch_set
 .text.watchdog_interrupt
                0x000047c4        0x6 contiki-ng-sky.a(watchdog.o)
                0x000047c4                __isr_10
                0x000047c4                watchdog_interrupt
 .text.watchdog_start
                0x000047ca       0x14 contiki-ng-sky.a(watchdog.o)
                0x000047ca                watchdog_start
 .text.watchdog_periodic
                0x000047de       0x12 contiki-ng-sky.a(watchdog.o)
                0x000047de                watchdog_periodic
 .text.watchdog_stop
                0x000047f0       0x16 contiki-ng-sky.a(watchdog.o)
                0x000047f0                watchdog_stop
 .text.watchdog_init
                0x00004806       0x14 contiki-ng-sky.a(watchdog.o)
                0x00004806                watchdog_init
 .text.autostart_start
                0x0000481a       0x16 contiki-ng-sky.a(autostart.o)
                0x0000481a                autostart_start
 .text.process_thread_ctimer_process
                0x00004830       0xa4 contiki-ng-sky.a(ctimer.o)
 .text.ctimer_init
                0x000048d4       0x18 contiki-ng-sky.a(ctimer.o)
                0x000048d4                ctimer_init
 .text.ctimer_set_with_process
                0x000048ec       0x4e contiki-ng-sky.a(ctimer.o)
                0x000048ec                ctimer_set_with_process
 .text.ctimer_set
                0x0000493a       0x10 contiki-ng-sky.a(ctimer.o)
                0x0000493a                ctimer_set
 .text.ctimer_reset
                0x0000494a       0x30 contiki-ng-sky.a(ctimer.o)
                0x0000494a                ctimer_reset
 .text.ctimer_stop
                0x0000497a       0x28 contiki-ng-sky.a(ctimer.o)
                0x0000497a                ctimer_stop
 .text.ctimer_expired
                0x000049a2       0x32 contiki-ng-sky.a(ctimer.o)
                0x000049a2                ctimer_expired
 .text.energest_init
                0x000049d4        0x2 contiki-ng-sky.a(energest.o)
                0x000049d4                energest_init
 .text.energest_flush
                0x000049d6        0x2 contiki-ng-sky.a(energest.o)
                0x000049d6                energest_flush
 .text.update_time
                0x000049d8       0x78 contiki-ng-sky.a(etimer.o)
 .text.etimer_request_poll
                0x00004a50        0xa contiki-ng-sky.a(etimer.o)
                0x00004a50                etimer_request_poll
 .text.process_thread_etimer_process
                0x00004a5a       0xc8 contiki-ng-sky.a(etimer.o)
 .text.add_timer
                0x00004b22       0x40 contiki-ng-sky.a(etimer.o)
 .text.etimer_set
                0x00004b62       0x12 contiki-ng-sky.a(etimer.o)
                0x00004b62                etimer_set
 .text.etimer_reset
                0x00004b74       0x12 contiki-ng-sky.a(etimer.o)
                0x00004b74                etimer_reset
 .text.etimer_expired
                0x00004b86        0xe contiki-ng-sky.a(etimer.o)
                0x00004b86                etimer_expired
 .text.etimer_pending
                0x00004b94        0xc contiki-ng-sky.a(etimer.o)
                0x00004b94                etimer_pending
 .text.etimer_next_expiration_time
                0x00004ba0       0x16 contiki-ng-sky.a(etimer.o)
                0x00004ba0                etimer_next_expiration_time
 .text.etimer_stop
                0x00004bb6       0x3c contiki-ng-sky.a(etimer.o)
                0x00004bb6                etimer_stop
 .text.log_6addr
                0x00004bf2       0x32 contiki-ng-sky.a(log.o)
                0x00004bf2                log_6addr
 .text.log_lladdr
                0x00004c24       0x44 contiki-ng-sky.a(log.o)
                0x00004c24                log_lladdr
 .text.call_process
                0x00004c68       0x4a contiki-ng-sky.a(process.o)
 .text.exit_process
                0x00004cb2       0x96 contiki-ng-sky.a(process.o)
 .text.do_poll  0x00004d48       0x30 contiki-ng-sky.a(process.o)
 .text.process_alloc_event
                0x00004d78        0xe contiki-ng-sky.a(process.o)
                0x00004d78                process_alloc_event
 .text.process_init
                0x00004d86       0x18 contiki-ng-sky.a(process.o)
                0x00004d86                process_init
 .text.process_run
                0x00004d9e       0x92 contiki-ng-sky.a(process.o)
                0x00004d9e                process_run
 .text.process_nevents
                0x00004e30        0xe contiki-ng-sky.a(process.o)
                0x00004e30                process_nevents
 .text.process_post
                0x00004e3e       0x42 contiki-ng-sky.a(process.o)
                0x00004e3e                process_post
 .text.process_post_synch
                0x00004e80       0x12 contiki-ng-sky.a(process.o)
                0x00004e80                process_post_synch
 .text.process_start
                0x00004e92       0x32 contiki-ng-sky.a(process.o)
                0x00004e92                process_start
 .text.process_poll
                0x00004ec4       0x18 contiki-ng-sky.a(process.o)
                0x00004ec4                process_poll
 .text.rtimer_init
                0x00004edc        0x6 contiki-ng-sky.a(rtimer.o)
                0x00004edc                rtimer_init
 .text.rtimer_run_next
                0x00004ee2       0x26 contiki-ng-sky.a(rtimer.o)
                0x00004ee2                rtimer_run_next
 .text.node_id_init
                0x00004f08       0x14 contiki-ng-sky.a(node-id.o)
                0x00004f08                node_id_init
 .text.timer_set
                0x00004f1c       0x1c contiki-ng-sky.a(timer.o)
                0x00004f1c                timer_set
 .text.timer_reset
                0x00004f38        0xe contiki-ng-sky.a(timer.o)
                0x00004f38                timer_reset
 .text.timer_expired
                0x00004f46       0x2a contiki-ng-sky.a(timer.o)
                0x00004f46                timer_expired
 .text.list_init
                0x00004f70        0x6 contiki-ng-sky.a(list.o)
                0x00004f70                list_init
 .text.list_head
                0x00004f76        0x4 contiki-ng-sky.a(list.o)
                0x00004f76                list_head
 .text.list_tail
                0x00004f7a       0x12 contiki-ng-sky.a(list.o)
                0x00004f7a                list_tail
 .text.list_remove
                0x00004f8c       0x34 contiki-ng-sky.a(list.o)
                0x00004f8c                list_remove
 .text.list_push
                0x00004fc0       0x1a contiki-ng-sky.a(list.o)
                0x00004fc0                list_push
 .text.list_add
                0x00004fda       0x2a contiki-ng-sky.a(list.o)
                0x00004fda                list_add
 .text.list_length
                0x00005004       0x10 contiki-ng-sky.a(list.o)
                0x00005004                list_length
 .text.list_item_next
                0x00005014        0xc contiki-ng-sky.a(list.o)
                0x00005014                list_item_next
 .text.random_init
                0x00005020        0x6 contiki-ng-sky.a(random.o)
                0x00005020                random_init
 .text.random_rand
                0x00005026        0x6 contiki-ng-sky.a(random.o)
                0x00005026                random_rand
 .text.netstack_process_ip_callback
                0x0000502c       0x52 contiki-ng-sky.a(netstack.o)
                0x0000502c                netstack_process_ip_callback
 .text.netstack_init
                0x0000507e        0xe contiki-ng-sky.a(netstack.o)
                0x0000507e                netstack_init
 .text.linkaddr_copy
                0x0000508c        0x8 contiki-ng-sky.a(linkaddr.o)
                0x0000508c                linkaddr_copy
 .text.linkaddr_cmp
                0x00005094       0x12 contiki-ng-sky.a(linkaddr.o)
                0x00005094                linkaddr_cmp
 .text.linkaddr_set_node_addr
                0x000050a6        0xc contiki-ng-sky.a(linkaddr.o)
                0x000050a6                linkaddr_set_node_addr
 .text.on       0x000050b2        0x6 contiki-ng-sky.a(csma.o)
 .text.off      0x000050b8        0x6 contiki-ng-sky.a(csma.o)
 .text.send_packet
                0x000050be        0x6 contiki-ng-sky.a(csma.o)
 .text.init     0x000050c4        0xa contiki-ng-sky.a(csma.o)
 .text.input_packet
                0x000050ce       0x40 contiki-ng-sky.a(csma.o)
 .text.schedule_transmission
                0x0000510e       0x72 contiki-ng-sky.a(csma-output.o)
 .text.tx_done  0x00005180       0x9a contiki-ng-sky.a(csma-output.o)
 .text.transmit_from_queue
                0x0000521a      0x1dc contiki-ng-sky.a(csma-output.o)
 .text.csma_output_packet
                0x000053f6      0x180 contiki-ng-sky.a(csma-output.o)
                0x000053f6                csma_output_packet
 .text.csma_output_init
                0x00005576       0x1e contiki-ng-sky.a(csma-output.o)
                0x00005576                csma_output_init
 .text.uip_ds6_list_loop
                0x00005594       0x92 contiki-ng-sky.a(uip-ds6.o)
                0x00005594                uip_ds6_list_loop
 .text.uip_ds6_prefix_add
                0x00005626       0x80 contiki-ng-sky.a(uip-ds6.o)
                0x00005626                uip_ds6_prefix_add
 .text.uip_ds6_is_addr_onlink
                0x000056a6       0x54 contiki-ng-sky.a(uip-ds6.o)
                0x000056a6                uip_ds6_is_addr_onlink
 .text.uip_ds6_addr_lookup
                0x000056fa       0x2a contiki-ng-sky.a(uip-ds6.o)
                0x000056fa                uip_ds6_addr_lookup
 .text.uip_ds6_get_link_local
                0x00005724       0x3e contiki-ng-sky.a(uip-ds6.o)
                0x00005724                uip_ds6_get_link_local
 .text.uip_ds6_maddr_add
                0x00005762       0x4c contiki-ng-sky.a(uip-ds6.o)
                0x00005762                uip_ds6_maddr_add
 .text.uip_ds6_addr_add
                0x000057ae       0xc4 contiki-ng-sky.a(uip-ds6.o)
                0x000057ae                uip_ds6_addr_add
 .text.uip_ds6_maddr_lookup
                0x00005872       0x2a contiki-ng-sky.a(uip-ds6.o)
                0x00005872                uip_ds6_maddr_lookup
 .text.uip_ds6_addr_rm
                0x0000589c       0x54 contiki-ng-sky.a(uip-ds6.o)
                0x0000589c                uip_ds6_addr_rm
 .text.uip_ds6_periodic
                0x000058f0       0x46 contiki-ng-sky.a(uip-ds6.o)
                0x000058f0                uip_ds6_periodic
 .text.uip_ds6_set_addr_iid
                0x00005936       0x14 contiki-ng-sky.a(uip-ds6.o)
                0x00005936                uip_ds6_set_addr_iid
 .text.uip_ds6_set_lladdr_from_iid
                0x0000594a       0x14 contiki-ng-sky.a(uip-ds6.o)
                0x0000594a                uip_ds6_set_lladdr_from_iid
 .text.get_match_length
                0x0000595e       0x3e contiki-ng-sky.a(uip-ds6.o)
                0x0000595e                get_match_length
 .text.uip_ds6_select_src
                0x0000599c       0xaa contiki-ng-sky.a(uip-ds6.o)
                0x0000599c                uip_ds6_select_src
 .text.uip_ds6_compute_reachable_time
                0x00005a46       0x3e contiki-ng-sky.a(uip-ds6.o)
                0x00005a46                uip_ds6_compute_reachable_time
 .text.uip_ds6_init
                0x00005a84      0x152 contiki-ng-sky.a(uip-ds6.o)
                0x00005a84                uip_ds6_init
 .text.tcpip_output
                0x00005bd6       0x2a contiki-ng-sky.a(tcpip.o)
                0x00005bd6                tcpip_output
 .text.udp_new  0x00005c00       0x1a contiki-ng-sky.a(tcpip.o)
                0x00005c00                udp_new
 .text.tcpip_input
                0x00005c1a       0x26 contiki-ng-sky.a(tcpip.o)
                0x00005c1a                tcpip_input
 .text.tcpip_ipv6_output
                0x00005c40      0x112 contiki-ng-sky.a(tcpip.o)
                0x00005c40                tcpip_ipv6_output
 .text.packet_input.part.4
                0x00005d52       0x12 contiki-ng-sky.a(tcpip.o)
 .text.process_thread_tcpip_process
                0x00005d64       0xc8 contiki-ng-sky.a(tcpip.o)
 .text.tcpip_uipcall
                0x00005e2c       0x2a contiki-ng-sky.a(tcpip.o)
                0x00005e2c                tcpip_uipcall
 .text.uip_ds6_route_init
                0x00005e56       0x12 contiki-ng-sky.a(uip-ds6-route.o)
                0x00005e56                uip_ds6_route_init
 .text.uip_ds6_route_nexthop
                0x00005e68        0x4 contiki-ng-sky.a(uip-ds6-route.o)
                0x00005e68                uip_ds6_route_nexthop
 .text.uip_ds6_route_lookup
                0x00005e6c        0x4 contiki-ng-sky.a(uip-ds6-route.o)
                0x00005e6c                uip_ds6_route_lookup
 .text.uip_ds6_route_rm
                0x00005e70        0x2 contiki-ng-sky.a(uip-ds6-route.o)
                0x00005e70                uip_ds6_route_rm
 .text.uip_ds6_defrt_rm
                0x00005e72       0x3c contiki-ng-sky.a(uip-ds6-route.o)
                0x00005e72                uip_ds6_defrt_rm
 .text.uip_ds6_defrt_lookup
                0x00005eae       0x3e contiki-ng-sky.a(uip-ds6-route.o)
                0x00005eae                uip_ds6_defrt_lookup
 .text.uip_ds6_defrt_add
                0x00005eec       0x72 contiki-ng-sky.a(uip-ds6-route.o)
                0x00005eec                uip_ds6_defrt_add
 .text.uip_ds6_defrt_choose
                0x00005f5e       0x3a contiki-ng-sky.a(uip-ds6-route.o)
                0x00005f5e                uip_ds6_defrt_choose
 .text.uip_ds6_defrt_periodic
                0x00005f98       0x38 contiki-ng-sky.a(uip-ds6-route.o)
                0x00005f98                uip_ds6_defrt_periodic
 .text.chksum   0x00005fd0       0x32 contiki-ng-sky.a(uip6.o)
 .text.upper_layer_chksum
                0x00006002       0x56 contiki-ng-sky.a(uip6.o)
 .text.ext_hdr_options_process
                0x00006058       0xda contiki-ng-sky.a(uip6.o)
 .text.uip_icmp6chksum
                0x00006132        0xa contiki-ng-sky.a(uip6.o)
                0x00006132                uip_icmp6chksum
 .text.uip_udpchksum
                0x0000613c        0xa contiki-ng-sky.a(uip6.o)
                0x0000613c                uip_udpchksum
 .text.uip_init
                0x00006146       0x38 contiki-ng-sky.a(uip6.o)
                0x00006146                uip_init
 .text.remove_ext_hdr
                0x0000617e       0x64 contiki-ng-sky.a(uip6.o)
                0x0000617e                remove_ext_hdr
 .text.uip_udp_new
                0x000061e2       0xaa contiki-ng-sky.a(uip6.o)
                0x000061e2                uip_udp_new
 .text.uip_process
                0x0000628c      0x4ac contiki-ng-sky.a(uip6.o)
                0x0000628c                uip_process
 .text.uip_htonl
                0x00006738       0x2e contiki-ng-sky.a(uip6.o)
                0x00006738                uip_htonl
 .text.uip_ds6_nbr_rm
                0x00006766       0x1e contiki-ng-sky.a(uip-ds6-nbr.o)
                0x00006766                uip_ds6_nbr_rm
 .text.uip_ds6_neighbors_init
                0x00006784       0x12 contiki-ng-sky.a(uip-ds6-nbr.o)
                0x00006784                uip_ds6_neighbors_init
 .text.uip_ds6_nbr_add
                0x00006796       0x3e contiki-ng-sky.a(uip-ds6-nbr.o)
                0x00006796                uip_ds6_nbr_add
 .text.uip_ds6_nbr_get_ll
                0x000067d4        0xc contiki-ng-sky.a(uip-ds6-nbr.o)
                0x000067d4                uip_ds6_nbr_get_ll
 .text.uip_ds6_nbr_lookup
                0x000067e0       0x42 contiki-ng-sky.a(uip-ds6-nbr.o)
                0x000067e0                uip_ds6_nbr_lookup
 .text.uip_ds6_nbr_ll_lookup
                0x00006822        0xc contiki-ng-sky.a(uip-ds6-nbr.o)
                0x00006822                uip_ds6_nbr_ll_lookup
 .text.uip_ds6_nbr_update_ll
                0x0000682e       0x76 contiki-ng-sky.a(uip-ds6-nbr.o)
                0x0000682e                uip_ds6_nbr_update_ll
 .text.uip_ds6_nbr_ipaddr_from_lladdr
                0x000068a4        0x6 contiki-ng-sky.a(uip-ds6-nbr.o)
                0x000068a4                uip_ds6_nbr_ipaddr_from_lladdr
 .text.uip_ds6_nbr_lladdr_from_ipaddr
                0x000068aa       0x12 contiki-ng-sky.a(uip-ds6-nbr.o)
                0x000068aa                uip_ds6_nbr_lladdr_from_ipaddr
 .text.uip_ds6_link_callback
                0x000068bc        0x2 contiki-ng-sky.a(uip-ds6-nbr.o)
                0x000068bc                uip_ds6_link_callback
 .text.ns_input
                0x000068be      0x264 contiki-ng-sky.a(uip-nd6.o)
 .text.uip_nd6_init
                0x00006b22        0xa contiki-ng-sky.a(uip-nd6.o)
                0x00006b22                uip_nd6_init
 .text.process_thread_simple_udp_process
                0x00006b2c       0xac contiki-ng-sky.a(simple-udp.o)
 .text.simple_udp_sendto
                0x00006bd8       0x30 contiki-ng-sky.a(simple-udp.o)
                0x00006bd8                simple_udp_sendto
 .text.simple_udp_register
                0x00006c08       0x9e contiki-ng-sky.a(simple-udp.o)
                0x00006c08                simple_udp_register
 .text.clear_fragments
                0x00006ca6       0x42 contiki-ng-sky.a(sicslowpan.o)
 .text.addr_context_lookup_by_number
                0x00006ce8       0x1a contiki-ng-sky.a(sicslowpan.o)
 .text.set_packet_attrs
                0x00006d02       0x48 contiki-ng-sky.a(sicslowpan.o)
 .text.compress_addr_64
                0x00006d4a       0xae contiki-ng-sky.a(sicslowpan.o)
 .text.addr_context_lookup_by_prefix
                0x00006df8       0x24 contiki-ng-sky.a(sicslowpan.o)
 .text.send_packet
                0x00006e1c       0x1a contiki-ng-sky.a(sicslowpan.o)
 .text.packet_sent
                0x00006e36       0x56 contiki-ng-sky.a(sicslowpan.o)
 .text.store_fragment
                0x00006e8c       0xc8 contiki-ng-sky.a(sicslowpan.o)
 .text.add_fragment
                0x00006f54      0x200 contiki-ng-sky.a(sicslowpan.o)
 .text.uncompress_addr
                0x00007154       0xb4 contiki-ng-sky.a(sicslowpan.o)
 .text.sicslowpan_init
                0x00007208       0x1c contiki-ng-sky.a(sicslowpan.o)
                0x00007208                sicslowpan_init
 .text.fragment_copy_payload_and_send
                0x00007224       0x64 contiki-ng-sky.a(sicslowpan.o)
 .text.output   0x00007288      0x816 contiki-ng-sky.a(sicslowpan.o)
 .text.input    0x00007a9e      0x88e contiki-ng-sky.a(sicslowpan.o)
 .text.uiplib_ipaddr_snprint
                0x0000832c      0x12a contiki-ng-sky.a(uiplib.o)
                0x0000832c                uiplib_ipaddr_snprint
 .text.rpl_has_joined
                0x00008456       0x16 contiki-ng-sky.a(rpl.o)
                0x00008456                rpl_has_joined
 .text.rpl_is_reachable
                0x0000846c       0x16 contiki-ng-sky.a(rpl.o)
                0x0000846c                rpl_is_reachable
 .text.neighbor_state_changed
                0x00008482        0x2 contiki-ng-sky.a(rpl.o)
 .text.drop_route
                0x00008484        0x2 contiki-ng-sky.a(rpl.o)
 .text.get_sr_node_ipaddr
                0x00008486       0x34 contiki-ng-sky.a(rpl.o)
 .text.init     0x000084ba       0x42 contiki-ng-sky.a(rpl.o)
 .text.set_ip_from_prefix
                0x000084fc       0x38 contiki-ng-sky.a(rpl.o)
 .text.rpl_link_callback
                0x00008534       0x1e contiki-ng-sky.a(rpl.o)
                0x00008534                rpl_link_callback
 .text.rpl_lollipop_greater_than
                0x00008552       0x44 contiki-ng-sky.a(rpl.o)
                0x00008552                rpl_lollipop_greater_than
 .text.rpl_get_global_address
                0x00008596       0xba contiki-ng-sky.a(rpl.o)
                0x00008596                rpl_get_global_address
 .text.rpl_reset_prefix
                0x00008650       0x24 contiki-ng-sky.a(rpl.o)
                0x00008650                rpl_reset_prefix
 .text.rpl_set_prefix_from_addr
                0x00008674       0x92 contiki-ng-sky.a(rpl.o)
                0x00008674                rpl_set_prefix_from_addr
 .text.rpl_get_leaf_only
                0x00008706        0x6 contiki-ng-sky.a(rpl.o)
                0x00008706                rpl_get_leaf_only
 .text.get32    0x0000870c       0x46 contiki-ng-sky.a(rpl-icmp6.o)
 .text.set32    0x00008752       0x2a contiki-ng-sky.a(rpl-icmp6.o)
 .text.get16    0x0000877c        0xe contiki-ng-sky.a(rpl-icmp6.o)
 .text.set16    0x0000878a       0x10 contiki-ng-sky.a(rpl-icmp6.o)
 .text.dao_ack_input
                0x0000879a       0x32 contiki-ng-sky.a(rpl-icmp6.o)
 .text.dao_input
                0x000087cc      0x156 contiki-ng-sky.a(rpl-icmp6.o)
 .text.dio_input
                0x00008922      0x2a8 contiki-ng-sky.a(rpl-icmp6.o)
 .text.dis_input
                0x00008bca       0x26 contiki-ng-sky.a(rpl-icmp6.o)
 .text.rpl_icmp6_update_nbr_table
                0x00008bf0       0x36 contiki-ng-sky.a(rpl-icmp6.o)
                0x00008bf0                rpl_icmp6_update_nbr_table
 .text.rpl_icmp6_dis_output
                0x00008c26       0x34 contiki-ng-sky.a(rpl-icmp6.o)
                0x00008c26                rpl_icmp6_dis_output
 .text.rpl_icmp6_dio_output
                0x00008c5a      0x22e contiki-ng-sky.a(rpl-icmp6.o)
                0x00008c5a                rpl_icmp6_dio_output
 .text.rpl_icmp6_dao_output
                0x00008e88       0xe4 contiki-ng-sky.a(rpl-icmp6.o)
                0x00008e88                rpl_icmp6_dao_output
 .text.rpl_icmp6_dao_ack_output
                0x00008f6c       0x44 contiki-ng-sky.a(rpl-icmp6.o)
                0x00008f6c                rpl_icmp6_dao_ack_output
 .text.rpl_icmp6_init
                0x00008fb0       0x22 contiki-ng-sky.a(rpl-icmp6.o)
                0x00008fb0                rpl_icmp6_init
 .text.init_dag
                0x00008fd2       0x86 contiki-ng-sky.a(rpl-dag.o)
 .text.init_dag_from_dio
                0x00009058       0x96 contiki-ng-sky.a(rpl-dag.o)
 .text.rpl_dag_get_root_ipaddr
                0x000090ee       0x22 contiki-ng-sky.a(rpl-dag.o)
                0x000090ee                rpl_dag_get_root_ipaddr
 .text.rpl_dag_leave
                0x00009110       0x4c contiki-ng-sky.a(rpl-dag.o)
                0x00009110                rpl_dag_leave
 .text.rpl_dag_poison_and_leave
                0x0000915c        0xc contiki-ng-sky.a(rpl-dag.o)
                0x0000915c                rpl_dag_poison_and_leave
 .text.rpl_dag_periodic
                0x00009168       0x6a contiki-ng-sky.a(rpl-dag.o)
                0x00009168                rpl_dag_periodic
 .text.rpl_is_addr_in_our_dag
                0x000091d2       0x34 contiki-ng-sky.a(rpl-dag.o)
                0x000091d2                rpl_is_addr_in_our_dag
 .text.rpl_local_repair
                0x00009206       0x2a contiki-ng-sky.a(rpl-dag.o)
                0x00009206                rpl_local_repair
 .text.rpl_global_repair
                0x00009230       0x2e contiki-ng-sky.a(rpl-dag.o)
                0x00009230                rpl_global_repair
 .text.rpl_dag_ready_to_advertise
                0x0000925e       0x26 contiki-ng-sky.a(rpl-dag.o)
                0x0000925e                rpl_dag_ready_to_advertise
 .text.rpl_dag_update_state
                0x00009284      0x138 contiki-ng-sky.a(rpl-dag.o)
                0x00009284                rpl_dag_update_state
 .text.rpl_process_dio
                0x000093bc      0x1b0 contiki-ng-sky.a(rpl-dag.o)
                0x000093bc                rpl_process_dio
 .text.rpl_process_dis
                0x0000956c       0x2a contiki-ng-sky.a(rpl-dag.o)
                0x0000956c                rpl_process_dis
 .text.rpl_process_dao
                0x00009596       0x66 contiki-ng-sky.a(rpl-dag.o)
                0x00009596                rpl_process_dao
 .text.rpl_process_dao_ack
                0x000095fc       0x54 contiki-ng-sky.a(rpl-dag.o)
                0x000095fc                rpl_process_dao_ack
 .text.rpl_process_hbh
                0x00009650       0x2e contiki-ng-sky.a(rpl-dag.o)
                0x00009650                rpl_process_hbh
 .text.rpl_dag_init_root
                0x0000967e       0xbe contiki-ng-sky.a(rpl-dag.o)
                0x0000967e                rpl_dag_init_root
 .text.rpl_dag_init
                0x0000973c       0x10 contiki-ng-sky.a(rpl-dag.o)
                0x0000973c                rpl_dag_init
 .text.rpl_dag_root_set_prefix
                0x0000974c       0x74 contiki-ng-sky.a(rpl-dag-root.o)
                0x0000974c                rpl_dag_root_set_prefix
 .text.rpl_dag_root_start
                0x000097c0       0x8c contiki-ng-sky.a(rpl-dag-root.o)
                0x000097c0                rpl_dag_root_start
 .text.rpl_dag_root_is_root
                0x0000984c       0x18 contiki-ng-sky.a(rpl-dag-root.o)
                0x0000984c                rpl_dag_root_is_root
 .text.init_platform
                0x00009864        0xc contiki-ng-sky.a(contiki-sky-pla)
                0x00009864                init_platform
 .text.status   0x00009870       0x16 contiki-ng-sky.a(button-sensor.o)
 .text.configure
                0x00009886       0x52 contiki-ng-sky.a(button-sensor.o)
 .text.value    0x000098d8       0x22 contiki-ng-sky.a(button-sensor.o)
 .text.irq_p2   0x000098fa       0x48 contiki-ng-sky.a(button-sensor.o)
                0x000098fa                irq_p2
                0x000098fa                __isr_1
 .text.owreadb  0x00009942       0x52 contiki-ng-sky.a(ds2411.o)
 .text.ds2411_init
                0x00009994      0x122 contiki-ng-sky.a(ds2411.o)
                0x00009994                ds2411_init
 .text.xmem_init
                0x00009ab6       0x3e contiki-ng-sky.a(xmem.o)
                0x00009ab6                xmem_init
 .text.process_thread_sensors_process
                0x00009af4       0xbe contiki-ng-sky.a(sensors.o)
 .text.sensors_changed
                0x00009bb2       0x2a contiki-ng-sky.a(sensors.o)
                0x00009bb2                sensors_changed
 .text.get_object
                0x00009bdc        0x4 contiki-ng-sky.a(cc2420.o)
 .text.set_object
                0x00009be0        0x4 contiki-ng-sky.a(cc2420.o)
 .text.strobe   0x00009be4       0x20 contiki-ng-sky.a(cc2420.o)
 .text.getreg   0x00009c04       0x54 contiki-ng-sky.a(cc2420.o)
 .text.setreg   0x00009c58       0x52 contiki-ng-sky.a(cc2420.o)
 .text.write_ram
                0x00009caa       0x80 contiki-ng-sky.a(cc2420.o)
 .text.write_fifo_buf
                0x00009d2a       0x40 contiki-ng-sky.a(cc2420.o)
 .text.get_status
                0x00009d6a       0x24 contiki-ng-sky.a(cc2420.o)
 .text.on       0x00009d8e       0x1a contiki-ng-sky.a(cc2420.o)
 .text.cc2420_receiving_packet
                0x00009da8        0xe contiki-ng-sky.a(cc2420.o)
 .text.pending_packet
                0x00009db6        0x8 contiki-ng-sky.a(cc2420.o)
 .text.wait_for_transmission
                0x00009dbe       0x22 contiki-ng-sky.a(cc2420.o)
 .text.wait_for_status
                0x00009de0       0x2a contiki-ng-sky.a(cc2420.o)
 .text.getrxdata
                0x00009e0a       0x56 contiki-ng-sky.a(cc2420.o)
 .text.flushrx  0x00009e60       0x1a contiki-ng-sky.a(cc2420.o)
 .text.off      0x00009e7a       0x2c contiki-ng-sky.a(cc2420.o)
 .text.RELEASE_LOCK
                0x00009ea6       0x28 contiki-ng-sky.a(cc2420.o)
 .text.set_key  0x00009ece       0x18 contiki-ng-sky.a(cc2420.o)
 .text.set_frame_filtering
                0x00009ee6       0x30 contiki-ng-sky.a(cc2420.o)
 .text.set_auto_ack
                0x00009f16       0x30 contiki-ng-sky.a(cc2420.o)
 .text.set_poll_mode
                0x00009f46       0x36 contiki-ng-sky.a(cc2420.o)
 .text.cc2420_prepare
                0x00009f7c       0x3c contiki-ng-sky.a(cc2420.o)
 .text.cc2420_on
                0x00009fb8       0x22 contiki-ng-sky.a(cc2420.o)
                0x00009fb8                cc2420_on
 .text.cc2420_transmit
                0x00009fda       0x62 contiki-ng-sky.a(cc2420.o)
 .text.cc2420_send
                0x0000a03c       0x12 contiki-ng-sky.a(cc2420.o)
 .text.cc2420_off
                0x0000a04e       0x30 contiki-ng-sky.a(cc2420.o)
                0x0000a04e                cc2420_off
 .text.cc2420_cca
                0x0000a07e       0x5e contiki-ng-sky.a(cc2420.o)
 .text.cc2420_read
                0x0000a0dc       0xc2 contiki-ng-sky.a(cc2420.o)
 .text.process_thread_cc2420_process
                0x0000a19e       0x5e contiki-ng-sky.a(cc2420.o)
 .text.encrypt  0x0000a1fc       0x8e contiki-ng-sky.a(cc2420.o)
 .text.cc2420_set_channel
                0x0000a28a       0x3c contiki-ng-sky.a(cc2420.o)
                0x0000a28a                cc2420_set_channel
 .text.cc2420_set_pan_addr
                0x0000a2c6       0x4c contiki-ng-sky.a(cc2420.o)
                0x0000a2c6                cc2420_set_pan_addr
 .text.cc2420_interrupt
                0x0000a312       0x18 contiki-ng-sky.a(cc2420.o)
                0x0000a312                cc2420_interrupt
 .text.cc2420_set_txpower
                0x0000a32a       0x2e contiki-ng-sky.a(cc2420.o)
                0x0000a32a                cc2420_set_txpower
 .text.cc2420_get_txpower
                0x0000a358       0x1e contiki-ng-sky.a(cc2420.o)
                0x0000a358                cc2420_get_txpower
 .text.cc2420_rssi
                0x0000a376       0x4c contiki-ng-sky.a(cc2420.o)
                0x0000a376                cc2420_rssi
 .text.get_value
                0x0000a3c2      0x108 contiki-ng-sky.a(cc2420.o)
 .text.cc2420_set_cca_threshold
                0x0000a4ca       0x16 contiki-ng-sky.a(cc2420.o)
                0x0000a4ca                cc2420_set_cca_threshold
 .text.set_value
                0x0000a4e0       0xba contiki-ng-sky.a(cc2420.o)
 .text.cc2420_init
                0x0000a59a       0xf0 contiki-ng-sky.a(cc2420.o)
                0x0000a59a                cc2420_init
 .text.cc2420_port1_interrupt
                0x0000a68a       0x20 contiki-ng-sky.a(cc2420-arch.o)
                0x0000a68a                __isr_4
                0x0000a68a                cc2420_port1_interrupt
 .text.cc2420_arch_init
                0x0000a6aa       0x1a contiki-ng-sky.a(cc2420-arch.o)
                0x0000a6aa                cc2420_arch_init
 .text.uart1_active
                0x0000a6c4       0x1a contiki-ng-sky.a(uart1.o)
                0x0000a6c4                uart1_active
 .text.uart1_writeb
                0x0000a6de       0x1a contiki-ng-sky.a(uart1.o)
                0x0000a6de                uart1_writeb
 .text.uart1_init
                0x0000a6f8       0xf6 contiki-ng-sky.a(uart1.o)
                0x0000a6f8                uart1_init
 .text.timera0  0x0000a7ee       0x2e contiki-ng-sky.a(rtimer-arch.o)
                0x0000a7ee                __isr_6
                0x0000a7ee                timera0
 .text.rtimer_arch_init
                0x0000a81c        0xe contiki-ng-sky.a(rtimer-arch.o)
                0x0000a81c                rtimer_arch_init
 .text.rtimer_arch_now
                0x0000a82a        0xe contiki-ng-sky.a(rtimer-arch.o)
                0x0000a82a                rtimer_arch_now
 .text.rtimer_arch_schedule
                0x0000a838        0x6 contiki-ng-sky.a(rtimer-arch.o)
                0x0000a838                rtimer_arch_schedule
 .text.stimer_set
                0x0000a83e       0x1c contiki-ng-sky.a(stimer.o)
                0x0000a83e                stimer_set
 .text.stimer_expired
                0x0000a85a       0x30 contiki-ng-sky.a(stimer.o)
                0x0000a85a                stimer_expired
 .text.memb_init
                0x0000a88a       0x36 contiki-ng-sky.a(memb.o)
                0x0000a88a                memb_init
 .text.memb_alloc
                0x0000a8c0       0x3e contiki-ng-sky.a(memb.o)
                0x0000a8c0                memb_alloc
 .text.memb_free
                0x0000a8fe       0x3a contiki-ng-sky.a(memb.o)
                0x0000a8fe                memb_free
 .text.memb_inmemb
                0x0000a938       0x2e contiki-ng-sky.a(memb.o)
                0x0000a938                memb_inmemb
 .text.memb_numfree
                0x0000a966       0x26 contiki-ng-sky.a(memb.o)
                0x0000a966                memb_numfree
 .text.queuebuf_init
                0x0000a98c       0x12 contiki-ng-sky.a(queuebuf.o)
                0x0000a98c                queuebuf_init
 .text.queuebuf_numfree
                0x0000a99e        0xa contiki-ng-sky.a(queuebuf.o)
                0x0000a99e                queuebuf_numfree
 .text.queuebuf_new_from_packetbuf
                0x0000a9a8       0x52 contiki-ng-sky.a(queuebuf.o)
                0x0000a9a8                queuebuf_new_from_packetbuf
 .text.queuebuf_update_attr_from_packetbuf
                0x0000a9fa       0x12 contiki-ng-sky.a(queuebuf.o)
                0x0000a9fa                queuebuf_update_attr_from_packetbuf
 .text.queuebuf_free
                0x0000aa0c       0x2a contiki-ng-sky.a(queuebuf.o)
                0x0000aa0c                queuebuf_free
 .text.queuebuf_to_packetbuf
                0x0000aa36       0x32 contiki-ng-sky.a(queuebuf.o)
                0x0000aa36                queuebuf_to_packetbuf
 .text.queuebuf_attr
                0x0000aa68        0xe contiki-ng-sky.a(queuebuf.o)
                0x0000aa68                queuebuf_attr
 .text.index_from_key
                0x0000aa76       0x48 contiki-ng-sky.a(nbr-table.o)
 .text.item_from_key
                0x0000aabe       0x34 contiki-ng-sky.a(nbr-table.o)
 .text.nbr_set_bit
                0x0000aaf2       0x8e contiki-ng-sky.a(nbr-table.o)
 .text.index_from_lladdr
                0x0000ab80       0x42 contiki-ng-sky.a(nbr-table.o)
 .text.nbr_get_bit.constprop.0
                0x0000abc2       0x62 contiki-ng-sky.a(nbr-table.o)
 .text.nbr_table_is_registered
                0x0000ac24       0x26 contiki-ng-sky.a(nbr-table.o)
                0x0000ac24                nbr_table_is_registered
 .text.nbr_table_register
                0x0000ac4a       0x42 contiki-ng-sky.a(nbr-table.o)
                0x0000ac4a                nbr_table_register
 .text.nbr_table_next
                0x0000ac8c       0x90 contiki-ng-sky.a(nbr-table.o)
                0x0000ac8c                nbr_table_next
 .text.nbr_table_head
                0x0000ad1c       0x36 contiki-ng-sky.a(nbr-table.o)
                0x0000ad1c                nbr_table_head
 .text.nbr_table_add_lladdr
                0x0000ad52      0x180 contiki-ng-sky.a(nbr-table.o)
                0x0000ad52                nbr_table_add_lladdr
 .text.nbr_table_get_from_lladdr
                0x0000aed2       0x48 contiki-ng-sky.a(nbr-table.o)
                0x0000aed2                nbr_table_get_from_lladdr
 .text.nbr_table_remove
                0x0000af1a       0x32 contiki-ng-sky.a(nbr-table.o)
                0x0000af1a                nbr_table_remove
 .text.nbr_table_lock
                0x0000af4c       0x10 contiki-ng-sky.a(nbr-table.o)
                0x0000af4c                nbr_table_lock
 .text.nbr_table_unlock
                0x0000af5c       0x10 contiki-ng-sky.a(nbr-table.o)
                0x0000af5c                nbr_table_unlock
 .text.nbr_table_get_lladdr
                0x0000af6c       0x5a contiki-ng-sky.a(nbr-table.o)
                0x0000af6c                nbr_table_get_lladdr
 .text.packetbuf_hdrreduce
                0x0000afc6       0x1a contiki-ng-sky.a(packetbuf.o)
                0x0000afc6                packetbuf_hdrreduce
 .text.packetbuf_set_datalen
                0x0000afe0        0x6 contiki-ng-sky.a(packetbuf.o)
                0x0000afe0                packetbuf_set_datalen
 .text.packetbuf_hdrptr
                0x0000afe6        0x6 contiki-ng-sky.a(packetbuf.o)
                0x0000afe6                packetbuf_hdrptr
 .text.packetbuf_datalen
                0x0000afec        0x6 contiki-ng-sky.a(packetbuf.o)
                0x0000afec                packetbuf_datalen
 .text.packetbuf_hdrlen
                0x0000aff2        0xa contiki-ng-sky.a(packetbuf.o)
                0x0000aff2                packetbuf_hdrlen
 .text.packetbuf_dataptr
                0x0000affc        0xc contiki-ng-sky.a(packetbuf.o)
                0x0000affc                packetbuf_dataptr
 .text.packetbuf_copyto
                0x0000b008       0x46 contiki-ng-sky.a(packetbuf.o)
                0x0000b008                packetbuf_copyto
 .text.packetbuf_totlen
                0x0000b04e        0xc contiki-ng-sky.a(packetbuf.o)
                0x0000b04e                packetbuf_totlen
 .text.packetbuf_hdralloc
                0x0000b05a       0x3a contiki-ng-sky.a(packetbuf.o)
                0x0000b05a                packetbuf_hdralloc
 .text.packetbuf_attr_clear
                0x0000b094       0x28 contiki-ng-sky.a(packetbuf.o)
                0x0000b094                packetbuf_attr_clear
 .text.packetbuf_clear
                0x0000b0bc       0x12 contiki-ng-sky.a(packetbuf.o)
                0x0000b0bc                packetbuf_clear
 .text.packetbuf_copyfrom
                0x0000b0ce       0x2e contiki-ng-sky.a(packetbuf.o)
                0x0000b0ce                packetbuf_copyfrom
 .text.packetbuf_attr_copyto
                0x0000b0fc       0x22 contiki-ng-sky.a(packetbuf.o)
                0x0000b0fc                packetbuf_attr_copyto
 .text.packetbuf_attr_copyfrom
                0x0000b11e       0x24 contiki-ng-sky.a(packetbuf.o)
                0x0000b11e                packetbuf_attr_copyfrom
 .text.packetbuf_set_attr
                0x0000b142        0xc contiki-ng-sky.a(packetbuf.o)
                0x0000b142                packetbuf_set_attr
 .text.packetbuf_attr
                0x0000b14e        0xa contiki-ng-sky.a(packetbuf.o)
                0x0000b14e                packetbuf_attr
 .text.packetbuf_set_addr
                0x0000b158       0x18 contiki-ng-sky.a(packetbuf.o)
                0x0000b158                packetbuf_set_addr
 .text.packetbuf_addr
                0x0000b170       0x12 contiki-ng-sky.a(packetbuf.o)
                0x0000b170                packetbuf_addr
 .text.packetbuf_holds_broadcast
                0x0000b182        0xe contiki-ng-sky.a(packetbuf.o)
                0x0000b182                packetbuf_holds_broadcast
 .text.periodic
                0x0000b190       0x28 contiki-ng-sky.a(link-stats.o)
 .text.link_stats_from_lladdr
                0x0000b1b8        0xc contiki-ng-sky.a(link-stats.o)
                0x0000b1b8                link_stats_from_lladdr
 .text.link_stats_is_fresh
                0x0000b1c4       0x2e contiki-ng-sky.a(link-stats.o)
                0x0000b1c4                link_stats_is_fresh
 .text.guess_etx_from_rssi
                0x0000b1f2       0x42 contiki-ng-sky.a(link-stats.o)
                0x0000b1f2                guess_etx_from_rssi
 .text.link_stats_packet_sent
                0x0000b234       0xde contiki-ng-sky.a(link-stats.o)
                0x0000b234                link_stats_packet_sent
 .text.link_stats_input_callback
                0x0000b312       0xb6 contiki-ng-sky.a(link-stats.o)
                0x0000b312                link_stats_input_callback
 .text.link_stats_reset
                0x0000b3c8       0x2a contiki-ng-sky.a(link-stats.o)
                0x0000b3c8                link_stats_reset
 .text.link_stats_init
                0x0000b3f2       0x22 contiki-ng-sky.a(link-stats.o)
                0x0000b3f2                link_stats_init
 .text.mac_sequence_is_duplicate
                0x0000b414       0x78 contiki-ng-sky.a(mac-sequence.o)
                0x0000b414                mac_sequence_is_duplicate
 .text.mac_sequence_register_seqno
                0x0000b48c       0x98 contiki-ng-sky.a(mac-sequence.o)
                0x0000b48c                mac_sequence_register_seqno
 .text.mac_call_sent_callback
                0x0000b524       0x14 contiki-ng-sky.a(mac.o)
                0x0000b524                mac_call_sent_callback
 .text.parse    0x0000b538       0x96 contiki-ng-sky.a(framer-802154.o)
 .text.framer_802154_setup_params
                0x0000b5ce       0xb8 contiki-ng-sky.a(framer-802154.o)
                0x0000b5ce                framer_802154_setup_params
 .text.create_frame
                0x0000b686       0xde contiki-ng-sky.a(framer-802154.o)
 .text.create   0x0000b764        0x8 contiki-ng-sky.a(framer-802154.o)
 .text.hdr_length
                0x0000b76c        0x8 contiki-ng-sky.a(framer-802154.o)
 .text.frame802154_get_pan_id
                0x0000b774        0x6 contiki-ng-sky.a(frame802154.o)
                0x0000b774                frame802154_get_pan_id
 .text.frame802154_has_panid
                0x0000b77a       0xdc contiki-ng-sky.a(frame802154.o)
                0x0000b77a                frame802154_has_panid
 .text.field_len
                0x0000b856       0xb2 contiki-ng-sky.a(frame802154.o)
 .text.frame802154_is_broadcast_addr
                0x0000b908       0x24 contiki-ng-sky.a(frame802154.o)
                0x0000b908                frame802154_is_broadcast_addr
 .text.frame802154_hdrlen
                0x0000b92c       0x32 contiki-ng-sky.a(frame802154.o)
                0x0000b92c                frame802154_hdrlen
 .text.frame802154_create_fcf
                0x0000b95e       0x96 contiki-ng-sky.a(frame802154.o)
                0x0000b95e                frame802154_create_fcf
 .text.frame802154_create
                0x0000b9f4       0xe4 contiki-ng-sky.a(frame802154.o)
                0x0000b9f4                frame802154_create
 .text.frame802154_parse_fcf
                0x0000bad8       0xbe contiki-ng-sky.a(frame802154.o)
                0x0000bad8                frame802154_parse_fcf
 .text.frame802154_parse
                0x0000bb96      0x18c contiki-ng-sky.a(frame802154.o)
                0x0000bb96                frame802154_parse
 .text.uipbuf_get_attr
                0x0000bd22       0x14 contiki-ng-sky.a(uipbuf.o)
                0x0000bd22                uipbuf_get_attr
 .text.uipbuf_clear_attr
                0x0000bd36       0x10 contiki-ng-sky.a(uipbuf.o)
                0x0000bd36                uipbuf_clear_attr
 .text.echo_reply_input
                0x0000bd46       0xb6 contiki-ng-sky.a(uip-icmp6.o)
 .text.echo_request_input
                0x0000bdfc       0xca contiki-ng-sky.a(uip-icmp6.o)
 .text.uip_icmp6_input
                0x0000bec6       0x44 contiki-ng-sky.a(uip-icmp6.o)
                0x0000bec6                uip_icmp6_input
 .text.uip_icmp6_register_input_handler
                0x0000bf0a        0xc contiki-ng-sky.a(uip-icmp6.o)
                0x0000bf0a                uip_icmp6_register_input_handler
 .text.uip_icmp6_error_output
                0x0000bf16      0x180 contiki-ng-sky.a(uip-icmp6.o)
                0x0000bf16                uip_icmp6_error_output
 .text.uip_icmp6_send
                0x0000c096       0x96 contiki-ng-sky.a(uip-icmp6.o)
                0x0000c096                uip_icmp6_send
 .text.uip_icmp6_init
                0x0000c12c       0x12 contiki-ng-sky.a(uip-icmp6.o)
                0x0000c12c                uip_icmp6_init
 .text.uip_sr_get_node
                0x0000c13e       0x54 contiki-ng-sky.a(uip-sr.o)
                0x0000c13e                uip_sr_get_node
 .text.uip_sr_is_addr_reachable
                0x0000c192       0x4e contiki-ng-sky.a(uip-sr.o)
                0x0000c192                uip_sr_is_addr_reachable
 .text.uip_sr_expire_parent
                0x0000c1e0       0x56 contiki-ng-sky.a(uip-sr.o)
                0x0000c1e0                uip_sr_expire_parent
 .text.uip_sr_update_node
                0x0000c236       0xbc contiki-ng-sky.a(uip-sr.o)
                0x0000c236                uip_sr_update_node
 .text.uip_sr_init
                0x0000c2f2       0x16 contiki-ng-sky.a(uip-sr.o)
                0x0000c2f2                uip_sr_init
 .text.uip_sr_periodic
                0x0000c308       0x9a contiki-ng-sky.a(uip-sr.o)
                0x0000c308                uip_sr_periodic
 .text.uip_sr_free_all
                0x0000c3a2       0x3c contiki-ng-sky.a(uip-sr.o)
                0x0000c3a2                uip_sr_free_all
 .text.uip_udp_packet_send
                0x0000c3de       0x2a contiki-ng-sky.a(uip-udp-packet.)
                0x0000c3de                uip_udp_packet_send
 .text.uip_udp_packet_sendto
                0x0000c408       0x66 contiki-ng-sky.a(uip-udp-packet.)
                0x0000c408                uip_udp_packet_sendto
 .text.update_state
                0x0000c46e       0x84 contiki-ng-sky.a(rpl-nbr-policy.)
 .text.rpl_nbr_policy_find_removable
                0x0000c4f2       0x50 contiki-ng-sky.a(rpl-nbr-policy.)
                0x0000c4f2                rpl_nbr_policy_find_removable
 .text.acceptable_rank
                0x0000c542       0x3c contiki-ng-sky.a(rpl-neighbor.o)
 .text.remove_neighbor
                0x0000c57e       0x24 contiki-ng-sky.a(rpl-neighbor.o)
 .text.rpl_neighbor_get_from_lladdr
                0x0000c5a2        0xc contiki-ng-sky.a(rpl-neighbor.o)
                0x0000c5a2                rpl_neighbor_get_from_lladdr
 .text.rpl_neighbor_rank_via_nbr
                0x0000c5ae       0x1c contiki-ng-sky.a(rpl-neighbor.o)
                0x0000c5ae                rpl_neighbor_rank_via_nbr
 .text.rpl_neighbor_get_lladdr
                0x0000c5ca        0xc contiki-ng-sky.a(rpl-neighbor.o)
                0x0000c5ca                rpl_neighbor_get_lladdr
 .text.rpl_neighbor_get_ipaddr
                0x0000c5d6        0xa contiki-ng-sky.a(rpl-neighbor.o)
                0x0000c5d6                rpl_neighbor_get_ipaddr
 .text.rpl_neighbor_get_link_stats
                0x0000c5e0        0xa contiki-ng-sky.a(rpl-neighbor.o)
                0x0000c5e0                rpl_neighbor_get_link_stats
 .text.rpl_neighbor_is_fresh
                0x0000c5ea        0xa contiki-ng-sky.a(rpl-neighbor.o)
                0x0000c5ea                rpl_neighbor_is_fresh
 .text.best_parent
                0x0000c5f4       0x70 contiki-ng-sky.a(rpl-neighbor.o)
 .text.rpl_neighbor_is_parent
                0x0000c664       0x18 contiki-ng-sky.a(rpl-neighbor.o)
                0x0000c664                rpl_neighbor_is_parent
 .text.rpl_neighbor_set_preferred_parent
                0x0000c67c       0x44 contiki-ng-sky.a(rpl-neighbor.o)
                0x0000c67c                rpl_neighbor_set_preferred_parent
 .text.rpl_neighbor_remove_all
                0x0000c6c0       0x2a contiki-ng-sky.a(rpl-neighbor.o)
                0x0000c6c0                rpl_neighbor_remove_all
 .text.rpl_neighbor_get_from_ipaddr
                0x0000c6ea       0x14 contiki-ng-sky.a(rpl-neighbor.o)
                0x0000c6ea                rpl_neighbor_get_from_ipaddr
 .text.rpl_neighbor_select_best
                0x0000c6fe       0x52 contiki-ng-sky.a(rpl-neighbor.o)
                0x0000c6fe                rpl_neighbor_select_best
 .text.rpl_neighbor_init
                0x0000c750        0xe contiki-ng-sky.a(rpl-neighbor.o)
                0x0000c750                rpl_neighbor_init
 .text.handle_state_update
                0x0000c75e        0x6 contiki-ng-sky.a(rpl-timers.o)
 .text.handle_leaving_timer
                0x0000c764        0xc contiki-ng-sky.a(rpl-timers.o)
 .text.new_dio_interval
                0x0000c770       0x8a contiki-ng-sky.a(rpl-timers.o)
 .text.handle_unicast_dio_timer
                0x0000c7fa       0x12 contiki-ng-sky.a(rpl-timers.o)
 .text.handle_dao_ack_timer
                0x0000c80c       0x12 contiki-ng-sky.a(rpl-timers.o)
 .text.handle_dao_timer
                0x0000c81e       0xf6 contiki-ng-sky.a(rpl-timers.o)
 .text.handle_dio_timer
                0x0000c914       0x6e contiki-ng-sky.a(rpl-timers.o)
 .text.rpl_timers_schedule_periodic_dis
                0x0000c982       0x40 contiki-ng-sky.a(rpl-timers.o)
                0x0000c982                rpl_timers_schedule_periodic_dis
 .text.handle_periodic_timer
                0x0000c9c2       0x3a contiki-ng-sky.a(rpl-timers.o)
 .text.handle_dis_timer
                0x0000c9fc       0x26 contiki-ng-sky.a(rpl-timers.o)
 .text.rpl_timers_dio_reset
                0x0000ca22       0x20 contiki-ng-sky.a(rpl-timers.o)
                0x0000ca22                rpl_timers_dio_reset
 .text.rpl_timers_schedule_unicast_dio
                0x0000ca42       0x20 contiki-ng-sky.a(rpl-timers.o)
                0x0000ca42                rpl_timers_schedule_unicast_dio
 .text.rpl_timers_schedule_dao
                0x0000ca62       0x4c contiki-ng-sky.a(rpl-timers.o)
                0x0000ca62                rpl_timers_schedule_dao
 .text.rpl_timers_schedule_dao_ack
                0x0000caae       0x34 contiki-ng-sky.a(rpl-timers.o)
                0x0000caae                rpl_timers_schedule_dao_ack
 .text.get_probing_delay
                0x0000cae2       0x1c contiki-ng-sky.a(rpl-timers.o)
                0x0000cae2                get_probing_delay
 .text.get_probing_target
                0x0000cafe       0xec contiki-ng-sky.a(rpl-timers.o)
                0x0000cafe                get_probing_target
 .text.rpl_schedule_probing
                0x0000cbea       0x20 contiki-ng-sky.a(rpl-timers.o)
                0x0000cbea                rpl_schedule_probing
 .text.handle_probing_timer
                0x0000cc0a       0x2a contiki-ng-sky.a(rpl-timers.o)
 .text.rpl_schedule_probing_now
                0x0000cc34       0x32 contiki-ng-sky.a(rpl-timers.o)
                0x0000cc34                rpl_schedule_probing_now
 .text.rpl_timers_unschedule_leaving
                0x0000cc66       0x1c contiki-ng-sky.a(rpl-timers.o)
                0x0000cc66                rpl_timers_unschedule_leaving
 .text.rpl_timers_schedule_leaving
                0x0000cc82       0x2a contiki-ng-sky.a(rpl-timers.o)
                0x0000cc82                rpl_timers_schedule_leaving
 .text.rpl_timers_init
                0x0000ccac       0x1c contiki-ng-sky.a(rpl-timers.o)
                0x0000ccac                rpl_timers_init
 .text.rpl_timers_stop_dag_timers
                0x0000ccc8       0x4c contiki-ng-sky.a(rpl-timers.o)
                0x0000ccc8                rpl_timers_stop_dag_timers
 .text.rpl_timers_unschedule_state_update
                0x0000cd14       0x10 contiki-ng-sky.a(rpl-timers.o)
                0x0000cd14                rpl_timers_unschedule_state_update
 .text.rpl_timers_schedule_state_update
                0x0000cd24       0x1c contiki-ng-sky.a(rpl-timers.o)
                0x0000cd24                rpl_timers_schedule_state_update
 .text.update_hbh_header
                0x0000cd40       0x5e contiki-ng-sky.a(rpl-ext-header.)
 .text.rpl_ext_header_srh_get_next_hop
                0x0000cd9e       0xd0 contiki-ng-sky.a(rpl-ext-header.)
                0x0000cd9e                rpl_ext_header_srh_get_next_hop
 .text.rpl_ext_header_srh_update
                0x0000ce6e      0x152 contiki-ng-sky.a(rpl-ext-header.)
                0x0000ce6e                rpl_ext_header_srh_update
 .text.rpl_ext_header_hbh_update
                0x0000cfc0       0xbc contiki-ng-sky.a(rpl-ext-header.)
                0x0000cfc0                rpl_ext_header_hbh_update
 .text.rpl_ext_header_remove
                0x0000d07c       0xba contiki-ng-sky.a(rpl-ext-header.)
                0x0000d07c                rpl_ext_header_remove
 .text.rpl_ext_header_update
                0x0000d136      0x328 contiki-ng-sky.a(rpl-ext-header.)
                0x0000d136                rpl_ext_header_update
 .text.reset    0x0000d45e        0x2 contiki-ng-sky.a(rpl-mrhof.o)
 .text.update_metric_container
                0x0000d460        0x6 contiki-ng-sky.a(rpl-mrhof.o)
 .text.nbr_link_metric
                0x0000d466       0x12 contiki-ng-sky.a(rpl-mrhof.o)
 .text.nbr_has_usable_link
                0x0000d478       0x14 contiki-ng-sky.a(rpl-mrhof.o)
 .text.nbr_path_cost
                0x0000d48c       0x38 contiki-ng-sky.a(rpl-mrhof.o)
 .text.within_hysteresis
                0x0000d4c4       0x5a contiki-ng-sky.a(rpl-mrhof.o)
 .text.nbr_is_acceptable_parent
                0x0000d51e       0x2c contiki-ng-sky.a(rpl-mrhof.o)
 .text.rank_via_nbr
                0x0000d54a       0x48 contiki-ng-sky.a(rpl-mrhof.o)
 .text.best_parent
                0x0000d592       0x7e contiki-ng-sky.a(rpl-mrhof.o)
 .text.spi_init
                0x0000d610       0x32 contiki-ng-sky.a(spi-legacy.o)
                0x0000d610                spi_init
 .text.libgcc   0x0000d642       0x2c /usr/lib/gcc/msp430/4.6.3/mmpy-16/libgcc.a(_mulsi3.o)
                0x0000d642                __mulsi3
 .text.libgcc   0x0000d66e       0x22 /usr/lib/gcc/msp430/4.6.3/mmpy-16/libgcc.a(_udivmod16.o)
                0x0000d66e                __udivhi3
                0x0000d66e                __ext_udivmod16
                0x0000d688                __umodhi3
 .text.libgcc   0x0000d690       0x3a /usr/lib/gcc/msp430/4.6.3/mmpy-16/libgcc.a(_divmod16.o)
                0x0000d690                __ext_divmod16
                0x0000d690                __divhi3
                0x0000d6c2                __modhi3
 .text.libgcc   0x0000d6ca       0x40 /usr/lib/gcc/msp430/4.6.3/mmpy-16/libgcc.a(_udivmod32.o)
                0x0000d6ca                __udivsi3
                0x0000d6ca                __ext_udivmod32
                0x0000d700                __umodsi3
 .text.libgcc   0x0000d70a       0x4c /usr/lib/gcc/msp430/4.6.3/mmpy-16/libgcc.a(_divmod32.o)
                0x0000d70a                __ext_divmod32
                0x0000d70a                __divsi3
                0x0000d74c                __modsi3
 .text          0x0000d756       0x20 /usr/lib/gcc/msp430/4.6.3/../../../../msp430/lib/mmpy-16/libc.a(memcmp.o)
                0x0000d756                memcmp
 .text          0x0000d776       0xfa /usr/lib/gcc/msp430/4.6.3/../../../../msp430/lib/mmpy-16/libc.a(memcpy.o)
                0x0000d776                memcpy
 .text          0x0000d870       0xfa /usr/lib/gcc/msp430/4.6.3/../../../../msp430/lib/mmpy-16/libc.a(memmove.o)
                0x0000d870                memmove
 .text          0x0000d96a       0x6a /usr/lib/gcc/msp430/4.6.3/../../../../msp430/lib/mmpy-16/libc.a(memset.o)
                0x0000d96a                memset
 .text          0x0000d9d4       0x1e /usr/lib/gcc/msp430/4.6.3/../../../../msp430/lib/mmpy-16/libc.a(printf.o)
                0x0000d9d4                printf
                0x0000d9e4                vprintf
 .text          0x0000d9f2       0xbc /usr/lib/gcc/msp430/4.6.3/../../../../msp430/lib/mmpy-16/libc.a(sprintf.o)
                0x0000da50                sprintf
                0x0000da6c                snprintf
                0x0000da86                vsprintf
                0x0000da9c                vsnprintf
 .text          0x0000daae      0x836 /usr/lib/gcc/msp430/4.6.3/../../../../msp430/lib/mmpy-16/libc.a(vuprintf.o)
                0x0000dc46                vuprintf
 .text          0x0000e2e4       0x2c /usr/lib/gcc/msp430/4.6.3/../../../../msp430/lib/mmpy-16/libc.a(puts.o)
                0x0000e2e4                puts
 .text          0x0000e310       0x54 /usr/lib/gcc/msp430/4.6.3/../../../../msp430/lib/mmpy-16/libc.a(rand.o)
                0x0000e310                rand_r
                0x0000e334                rand
                0x0000e35a                srand
 .text.libgcc   0x0000e364       0xf0 /usr/lib/gcc/msp430/4.6.3/mmpy-16/libgcc.a(_udivmod64.o)
                0x0000e364                __xabi_udivmod64
                0x0000e3c2                __udivdi3
                0x0000e3e8                __umoddi3
                0x0000e416                __udivmoddi4
 .text.crt0     0x0000e454        0x2 /usr/lib/gcc/msp430/4.6.3/mmpy-16/libcrt0.a(_unexpected_.o)
                0x0000e454                _unexpected_
                0x0000e456                . = ALIGN (0x2)

.rodata         0x0000e456      0x494
                0x0000e456                . = ALIGN (0x2)
 *(.rodata .rodata.* .gnu.linkonce.r.*)
 .rodata        0x0000e456       0x66 udp-server.o
                0x0000e4ac                autostart_processes
 .rodata        0x0000e4bc       0xec obj_sky/contiki-main.o
 .rodata        0x0000e5a8       0x31 contiki-ng-sky.a(platform.o)
 .rodata        0x0000e5d9        0xf contiki-ng-sky.a(ctimer.o)
 .rodata        0x0000e5e8        0xc contiki-ng-sky.a(etimer.o)
 .rodata        0x0000e5f4       0xb2 contiki-ng-sky.a(log.o)
 .rodata        0x0000e6a6        0x8 contiki-ng-sky.a(linkaddr.o)
                0x0000e6a6                linkaddr_null
 .rodata        0x0000e6ae       0x12 contiki-ng-sky.a(csma.o)
                0x0000e6b4                csma_driver
 .rodata        0x0000e6c0        0xd contiki-ng-sky.a(tcpip.o)
 .rodata        0x0000e6cd       0x13 contiki-ng-sky.a(simple-udp.o)
 .rodata        0x0000e6e0       0x26 contiki-ng-sky.a(sicslowpan.o)
                0x0000e6ec                sicslowpan_driver
                0x0000e6f4                llprefix
                0x0000e6f6                unc_mxconf
                0x0000e6fa                unc_ctxconf
                0x0000e6fe                unc_llconf
 .rodata        0x0000e706       0x2d contiki-ng-sky.a(uiplib.o)
 *fill*         0x0000e733        0x1 00
 .rodata        0x0000e734       0x32 contiki-ng-sky.a(rpl.o)
                0x0000e73e                rpl_lite_driver
 .rodata        0x0000e766       0xe0 contiki-ng-sky.a(rpl-dag.o)
 .rodata        0x0000e846       0x10 contiki-ng-sky.a(button-sensor.o)
                0x0000e84e                button_sensor
 .rodata        0x0000e856        0x8 contiki-ng-sky.a(sensors.o)
 .rodata        0x0000e85e       0x70 contiki-ng-sky.a(cc2420.o)
                0x0000e890                cc2420_aes_128_driver
                0x0000e894                cc2420_driver
 .rodata        0x0000e8ce        0x6 contiki-ng-sky.a(framer-802154.o)
                0x0000e8ce                framer_802154
 .rodata        0x0000e8d4        0x2 contiki-ng-sky.a(frame802154.o)
 .rodata        0x0000e8d6        0xc contiki-ng-sky.a(rpl-timers.o)
 .rodata        0x0000e8e2        0x7 /usr/lib/gcc/msp430/4.6.3/../../../../msp430/lib/mmpy-16/libc.a(vuprintf.o)
                0x0000e8ea                . = ALIGN (0x2)
 *fill*         0x0000e8e9        0x1 00
                0x0000e8ea                _etext = .

.data           0x00001100      0x136 load address 0x0000e8ea
                0x00001100                . = ALIGN (0x2)
                0x00001100                PROVIDE (__data_start, .)
 *(.data .data.* .gnu.linkonce.d.*)
 .data          0x00001100        0xa udp-server.o
                0x00001100                udp_server_process
 .data          0x0000110a        0x2 contiki-ng-sky.a(msp430.o)
 .data          0x0000110c        0xa contiki-ng-sky.a(ctimer.o)
                0x0000110c                ctimer_process
 .data          0x00001116        0xa contiki-ng-sky.a(etimer.o)
                0x00001116                etimer_process
 .data          0x00001120       0x4a contiki-ng-sky.a(log.o)
                0x00001120                all_modules
                0x00001168                curr_log_level_main
 .data          0x0000116a       0x18 contiki-ng-sky.a(csma-output.o)
 .data          0x00001182        0xa contiki-ng-sky.a(tcpip.o)
                0x00001182                tcpip_process
 .data          0x0000118c        0x8 contiki-ng-sky.a(uip-ds6-route.o)
 .data          0x00001194        0xa contiki-ng-sky.a(uip-ds6-nbr.o)
                0x00001194                ds6_neighbors
 .data          0x0000119e        0x6 contiki-ng-sky.a(uip-nd6.o)
 .data          0x000011a4        0xa contiki-ng-sky.a(simple-udp.o)
                0x000011a4                simple_udp_process
 .data          0x000011ae       0x18 contiki-ng-sky.a(rpl-icmp6.o)
 .data          0x000011c6        0x4 contiki-ng-sky.a(contiki-sky-pla)
                0x000011c6                sensors
 .data          0x000011ca        0xa contiki-ng-sky.a(sensors.o)
                0x000011ca                sensors_process
 .data          0x000011d4        0xc contiki-ng-sky.a(cc2420.o)
                0x000011d4                cc2420_process
 .data          0x000011e0       0x10 contiki-ng-sky.a(queuebuf.o)
 .data          0x000011f0        0x8 contiki-ng-sky.a(nbr-table.o)
 .data          0x000011f8        0x8 contiki-ng-sky.a(link-stats.o)
 .data          0x00001200        0x2 contiki-ng-sky.a(frame802154.o)
 .data          0x00001202        0xc contiki-ng-sky.a(uip-icmp6.o)
 .data          0x0000120e        0x8 contiki-ng-sky.a(uip-sr.o)
 .data          0x00001216        0xa contiki-ng-sky.a(rpl-neighbor.o)
                0x00001216                rpl_neighbors
 .data          0x00001220       0x12 contiki-ng-sky.a(rpl-mrhof.o)
                0x00001220                rpl_mrhof
 .data          0x00001232        0x4 /usr/lib/gcc/msp430/4.6.3/../../../../msp430/lib/mmpy-16/libc.a(rand.o)
                0x00001236                . = ALIGN (0x2)
                0x00001236                _edata = .
                0x0000e8ea                PROVIDE (__data_load_start, LOADADDR (.data))
                0x00000136                PROVIDE (__data_size, SIZEOF (.data))

.bss            0x00001236     0x1b1e load address 0x0000ea20
                0x00001236                PROVIDE (__bss_start, .)
 *(.bss .bss.*)
 .bss           0x00001236       0x1c udp-server.o
 .bss           0x00001252        0x8 contiki-ng-sky.a(platform.o)
 .bss           0x0000125a        0xa contiki-ng-sky.a(clock.o)
 .bss           0x00001264        0x2 contiki-ng-sky.a(watchdog.o)
 .bss           0x00001266        0x4 contiki-ng-sky.a(ctimer.o)
 .bss           0x0000126a        0x6 contiki-ng-sky.a(etimer.o)
 .bss           0x00001270       0x14 contiki-ng-sky.a(log.o)
                0x00001270                curr_log_level_lwm2m
                0x00001272                curr_log_level_coap
                0x00001274                curr_log_level_6top
                0x00001276                curr_log_level_framer
                0x00001278                curr_log_level_mac
                0x0000127a                curr_log_level_nullnet
                0x0000127c                curr_log_level_6lowpan
                0x0000127e                curr_log_level_ipv6
                0x00001280                curr_log_level_tcpip
                0x00001282                curr_log_level_rpl
 .bss           0x00001284       0xc8 contiki-ng-sky.a(process.o)
                0x00001284                process_current
                0x00001286                process_list
 .bss           0x0000134c        0x2 contiki-ng-sky.a(rtimer.o)
 .bss           0x0000134e        0x2 contiki-ng-sky.a(node-id.o)
                0x0000134e                node_id
 .bss           0x00001350        0x2 contiki-ng-sky.a(netstack.o)
 .bss           0x00001352       0xbe contiki-ng-sky.a(csma-output.o)
 .bss           0x00001410       0x18 contiki-ng-sky.a(uip-ds6.o)
 .bss           0x00001428        0xc contiki-ng-sky.a(tcpip.o)
 .bss           0x00001434       0x3c contiki-ng-sky.a(uip-ds6-route.o)
 .bss           0x00001470        0x8 contiki-ng-sky.a(uip6.o)
                0x00001470                uip_ext_opt_offset
                0x00001472                uip_ext_len
                0x00001474                uip_ext_bitmap
 .bss           0x00001478      0x120 contiki-ng-sky.a(uip-ds6-nbr.o)
 .bss           0x00001598        0x8 contiki-ng-sky.a(uip-nd6.o)
 .bss           0x000015a0       0xf2 contiki-ng-sky.a(simple-udp.o)
 .bss           0x00001692      0x6e0 contiki-ng-sky.a(sicslowpan.o)
 .bss           0x00001d72        0x1 contiki-ng-sky.a(rpl.o)
 *fill*         0x00001d73        0x1 00
 .bss           0x00001d74       0x12 contiki-ng-sky.a(rpl-dag-root.o)
 .bss           0x00001d86        0x8 contiki-ng-sky.a(button-sensor.o)
 .bss           0x00001d8e        0x6 contiki-ng-sky.a(sensors.o)
 .bss           0x00001d94        0xa contiki-ng-sky.a(cc2420.o)
 .bss           0x00001d9e       0x9a contiki-ng-sky.a(uart1.o)
 .bss           0x00001e38      0x580 contiki-ng-sky.a(queuebuf.o)
 .bss           0x000023b8       0xe4 contiki-ng-sky.a(nbr-table.o)
 .bss           0x0000249c       0x86 contiki-ng-sky.a(packetbuf.o)
 .bss           0x00002522       0xa0 contiki-ng-sky.a(link-stats.o)
 .bss           0x000025c2       0xe0 contiki-ng-sky.a(mac-sequence.o)
 .bss           0x000026a2        0x2 contiki-ng-sky.a(framer-802154.o)
 .bss           0x000026a4        0xc contiki-ng-sky.a(uipbuf.o)
 .bss           0x000026b0       0x14 contiki-ng-sky.a(uip-icmp6.o)
 .bss           0x000026c4      0x134 contiki-ng-sky.a(uip-sr.o)
 .bss           0x000027f8        0x8 contiki-ng-sky.a(rpl-nbr-policy.)
 .bss           0x00002800       0x80 contiki-ng-sky.a(rpl-neighbor.o)
 .bss           0x00002880       0x28 contiki-ng-sky.a(rpl-timers.o)
 .bss           0x000028a8        0x4 /usr/lib/gcc/msp430/4.6.3/../../../../msp430/lib/mmpy-16/libc.a(sprintf.o)
 *(COMMON)
 COMMON         0x000028ac        0x2 contiki-ng-sky.a(msp430.o)
                0x000028ac                msp430_dco_required
 COMMON         0x000028ae        0x8 contiki-ng-sky.a(linkaddr.o)
                0x000028ae                linkaddr_node_addr
 COMMON         0x000028b6      0x15c contiki-ng-sky.a(uip-ds6.o)
                0x000028b6                uip_ds6_timer_ra
                0x000028be                uip_ds6_if
                0x000029aa                uip_ds6_netif_addr_list_offset
                0x000029ab                uip_ds6_addr_size
                0x000029ac                uip_ds6_prefix_list
                0x00002a06                uip_ds6_timer_periodic
 COMMON         0x00002a12        0x1 contiki-ng-sky.a(tcpip.o)
                0x00002a12                tcpip_event
 *fill*         0x00002a13        0x1 00
 COMMON         0x00002a14      0x1d8 contiki-ng-sky.a(uip6.o)
                0x00002a14                uip_len
                0x00002a16                uip_sappdata
                0x00002a18                uip_lladdr
                0x00002a20                uip_aligned_buf
                0x00002b10                uip_flags
                0x00002b12                uip_next_hdr
                0x00002b14                uip_udp_conn
                0x00002b16                uip_appdata
                0x00002b18                uip_conn
                0x00002b1a                uip_slen
                0x00002b1c                uip_udp_conns
 COMMON         0x00002bec       0x10 contiki-ng-sky.a(rpl.o)
                0x00002bec                rpl_multicast_addr
 COMMON         0x00002bfc       0xfe contiki-ng-sky.a(rpl-dag.o)
                0x00002bfc                curr_instance
 COMMON         0x00002cfa        0x2 contiki-ng-sky.a(contiki-sky-pla)
                0x00002cfa                sensors_flags
 COMMON         0x00002cfc        0x8 contiki-ng-sky.a(ds2411.o)
                0x00002cfc                ds2411_id
 COMMON         0x00002d04        0x1 contiki-ng-sky.a(sensors.o)
                0x00002d04                sensors_event
 *fill*         0x00002d05        0x1 00
 COMMON         0x00002d06       0x10 contiki-ng-sky.a(cc2420.o)
                0x00002d06                cc2420_last_rssi
                0x00002d08                cc2420_sfd_start_time
                0x00002d0a                cc2420_time_of_departure
                0x00002d0c                cc2420_time_of_arrival
                0x00002d0e                cc2420_last_correlation
                0x00002d10                cc2420_authority_level_of_sender
                0x00002d12                cc2420_sfd_counter
                0x00002d14                cc2420_sfd_end_time
 COMMON         0x00002d16       0x2a contiki-ng-sky.a(packetbuf.o)
                0x00002d16                packetbuf_addrs
                0x00002d26                packetbuf_attrs
 COMMON         0x00002d40       0x14 contiki-ng-sky.a(link-stats.o)
                0x00002d40                periodic_timer
                0x00002d54                . = ALIGN (0x2)
                0x00002d54                PROVIDE (__bss_end, .)
                0x00001b1e                PROVIDE (__bss_size, SIZEOF (.bss))

.noinit         0x00002d54        0x2 load address 0x0000ea20
                0x00002d54                PROVIDE (__noinit_start, .)
 *(.noinit .noinit.*)
 .noinit.crt0   0x00002d54        0x2 /usr/lib/gcc/msp430/4.6.3/mmpy-16/libcrt0.a(__watchdog_support.o)
                0x00002d54                __wdt_clear_value
                0x00002d56                . = ALIGN (0x2)
                0x00002d56                PROVIDE (__noinit_end, .)
                0x00002d56                . = ALIGN (0x2)
                0x00002d56                _end = .

.infomem        0x00001000        0x0
 *(.infomem)
                0x00001000                . = ALIGN (0x2)
 *(.infomem.*)

.infomemnobits  0x00001000        0x0
 *(.infomemnobits)
                0x00001000                . = ALIGN (0x2)
 *(.infomemnobits.*)

.infoa
 *(.infoa .infoa.*)

.infob
 *(.infob .infob.*)

.infoc
 *(.infoc .infoc.*)

.infod
 *(.infod .infod.*)

.vectors        0x0000ffe0       0x20
                0x0000ffe0                PROVIDE (__vectors_start, .)
 *(.vectors*)
 .vectors       0x0000ffe0       0x20 /usr/lib/gcc/msp430/4.6.3/mmpy-16/crt0ivtbl16.o
                0x0000ffe0                __ivtbl_16
                0x00010000                _vectors_end = .

.fartext        0x00000000        0x0
                0x00000000                . = ALIGN (0x2)
 *(.fartext)
                0x00000000                . = ALIGN (0x2)
 *(.fartext.*)
                0x00000000                _efartext = .

.profiler
 *(.profiler)

.stab           0x00000000    0x288d8
 *(.stab)
 .stab          0x00000000      0xff0 udp-server.o
 .stab          0x00000ff0      0xf24 obj_sky/contiki-main.o
                               0x1a40 (size before relaxing)
 .stab          0x00001f14      0x228 contiki-ng-sky.a(uart1-putchar.o)
                                0x6fc (size before relaxing)
 .stab          0x0000213c      0xfb4 contiki-ng-sky.a(platform.o)
                               0x1410 (size before relaxing)
 .stab          0x000030f0      0x72c contiki-ng-sky.a(msp430.o)
                                0xa50 (size before relaxing)
 .stab          0x0000381c      0x918 contiki-ng-sky.a(clock.o)
                                0xc60 (size before relaxing)
 .stab          0x00004134      0x480 contiki-ng-sky.a(leds.o)
                                0x834 (size before relaxing)
 .stab          0x000045b4      0x3b4 contiki-ng-sky.a(leds-arch.o)
                                0x768 (size before relaxing)
 .stab          0x00004968      0x3e4 contiki-ng-sky.a(watchdog.o)
                                0x708 (size before relaxing)
 .stab          0x00004d4c      0x2ac contiki-ng-sky.a(autostart.o)
                                0x5d0 (size before relaxing)
 .stab          0x00004ff8      0x828 contiki-ng-sky.a(ctimer.o)
                                0xb64 (size before relaxing)
 .stab          0x00005820      0x288 contiki-ng-sky.a(energest.o)
                                0x5d0 (size before relaxing)
 .stab          0x00005aa8      0xad4 contiki-ng-sky.a(etimer.o)
                                0xdf8 (size before relaxing)
 .stab          0x0000657c      0x84c contiki-ng-sky.a(log.o)
                               0x1008 (size before relaxing)
 .stab          0x00006dc8      0xb94 contiki-ng-sky.a(process.o)
                               0x10a4 (size before relaxing)
 .stab          0x0000795c      0x354 contiki-ng-sky.a(rtimer.o)
                                0x678 (size before relaxing)
 .stab          0x00007cb0      0x270 contiki-ng-sky.a(node-id.o)
                                0x9f0 (size before relaxing)
 .stab          0x00007f20      0x3a8 contiki-ng-sky.a(timer.o)
                                0x6cc (size before relaxing)
 .stab          0x000082c8      0x990 contiki-ng-sky.a(list.o)
                                0xe7c (size before relaxing)
 .stab          0x00008c58      0x294 contiki-ng-sky.a(random.o)
                                0x780 (size before relaxing)
 .stab          0x00008eec      0x4bc contiki-ng-sky.a(netstack.o)
                                0x8c4 (size before relaxing)
 .stab          0x000093a8      0x324 contiki-ng-sky.a(linkaddr.o)
                                0x810 (size before relaxing)
 .stab          0x000096cc      0x84c contiki-ng-sky.a(csma.o)
                                0xe04 (size before relaxing)
 .stab          0x00009f18      0xcfc contiki-ng-sky.a(csma-output.o)
                               0x1674 (size before relaxing)
 .stab          0x0000ac14     0x14d0 contiki-ng-sky.a(uip-ds6.o)
                               0x2064 (size before relaxing)
 .stab          0x0000c0e4      0xbb8 contiki-ng-sky.a(tcpip.o)
                               0x18d8 (size before relaxing)
 .stab          0x0000cc9c      0xac8 contiki-ng-sky.a(uip-ds6-route.o)
                               0x1644 (size before relaxing)
 .stab          0x0000d764     0x132c contiki-ng-sky.a(uip6.o)
                               0x1fa4 (size before relaxing)
 .stab          0x0000ea90      0xe94 contiki-ng-sky.a(uip-ds6-nbr.o)
                               0x1710 (size before relaxing)
 .stab          0x0000f924      0x72c contiki-ng-sky.a(uip-nd6.o)
                               0x12fc (size before relaxing)
 .stab          0x00010050      0x750 contiki-ng-sky.a(simple-udp.o)
                               0x1404 (size before relaxing)
 .stab          0x000107a0     0x2808 contiki-ng-sky.a(sicslowpan.o)
                               0x3420 (size before relaxing)
 .stab          0x00012fa8      0x888 contiki-ng-sky.a(uiplib.o)
                               0x1044 (size before relaxing)
 .stab          0x00013830      0xdbc contiki-ng-sky.a(rpl.o)
                               0x1950 (size before relaxing)
 .stab          0x000145ec     0x1494 contiki-ng-sky.a(rpl-icmp6.o)
                               0x222c (size before relaxing)
 .stab          0x00015a80     0x1608 contiki-ng-sky.a(rpl-dag.o)
                               0x22e0 (size before relaxing)
 .stab          0x00017088      0x6fc contiki-ng-sky.a(rpl-dag-root.o)
                               0x1530 (size before relaxing)
 .stab          0x00017784      0x24c contiki-ng-sky.a(contiki-sky-pla)
                                0x570 (size before relaxing)
 .stab          0x000179d0      0x42c contiki-ng-sky.a(button-sensor.o)
                                0x768 (size before relaxing)
 .stab          0x00017dfc      0x60c contiki-ng-sky.a(ds2411.o)
                                0xaf8 (size before relaxing)
 .stab          0x00018408      0x9d8 contiki-ng-sky.a(xmem.o)
                                0xed0 (size before relaxing)
 .stab          0x00018de0      0x63c contiki-ng-sky.a(sensors.o)
                                0xb28 (size before relaxing)
 .stab          0x0001941c     0x26d0 contiki-ng-sky.a(cc2420.o)
                               0x2ebc (size before relaxing)
 .stab          0x0001baec      0x408 contiki-ng-sky.a(cc2420-arch.o)
                               0x1128 (size before relaxing)
 .stab          0x0001bef4      0x5f4 contiki-ng-sky.a(uart1.o)
                                0x918 (size before relaxing)
 .stab          0x0001c4e8      0x390 contiki-ng-sky.a(rtimer-arch.o)
                                0x6b4 (size before relaxing)
 .stab          0x0001c878      0x420 contiki-ng-sky.a(stimer.o)
                                0x75c (size before relaxing)
 .stab          0x0001cc98      0x5ac contiki-ng-sky.a(memb.o)
                                0xab0 (size before relaxing)
 .stab          0x0001d244      0x960 contiki-ng-sky.a(queuebuf.o)
                               0x16bc (size before relaxing)
 .stab          0x0001dba4      0xea0 contiki-ng-sky.a(nbr-table.o)
                               0x150c (size before relaxing)
 .stab          0x0001ea44      0xbf4 contiki-ng-sky.a(packetbuf.o)
                               0x1968 (size before relaxing)
 .stab          0x0001f638      0x840 contiki-ng-sky.a(link-stats.o)
                               0x11e8 (size before relaxing)