Archive member included because of file (symbol)

contiki-ng-sky.a(uart1-putchar.o)
                              udp-client.o (putchar)
contiki-ng-sky.a(platform.o)  obj_sky/contiki-main.o (platform_init_stage_one)
contiki-ng-sky.a(msp430.o)    contiki-ng-sky.a(platform.o) (msp430_dco_required)
contiki-ng-sky.a(clock.o)     obj_sky/contiki-main.o (clock_init)
contiki-ng-sky.a(leds.o)      contiki-ng-sky.a(platform.o) (leds_init)
contiki-ng-sky.a(leds-arch.o)
                              contiki-ng-sky.a(leds.o) (leds_arch_init)
contiki-ng-sky.a(watchdog.o)  obj_sky/contiki-main.o (watchdog_start)
contiki-ng-sky.a(autostart.o)
                              obj_sky/contiki-main.o (autostart_start)
contiki-ng-sky.a(ctimer.o)    obj_sky/contiki-main.o (ctimer_init)
contiki-ng-sky.a(energest.o)  obj_sky/contiki-main.o (energest_init)
contiki-ng-sky.a(etimer.o)    contiki-ng-sky.a(clock.o) (etimer_request_poll)
contiki-ng-sky.a(log.o)       udp-client.o (log_6addr)
contiki-ng-sky.a(process.o)   contiki-ng-sky.a(ctimer.o) (process_current)
contiki-ng-sky.a(rtimer.o)    obj_sky/contiki-main.o (rtimer_init)
contiki-ng-sky.a(node-id.o)   obj_sky/contiki-main.o (node_id_init)
contiki-ng-sky.a(timer.o)     contiki-ng-sky.a(platform.o) (timer_set)
contiki-ng-sky.a(list.o)      contiki-ng-sky.a(ctimer.o) (list_init)
contiki-ng-sky.a(random.o)    contiki-ng-sky.a(platform.o) (random_init)
contiki-ng-sky.a(netstack.o)  obj_sky/contiki-main.o (netstack_init)
contiki-ng-sky.a(linkaddr.o)  contiki-ng-sky.a(platform.o) (linkaddr_copy)
contiki-ng-sky.a(csma.o)      obj_sky/contiki-main.o (csma_driver)
contiki-ng-sky.a(csma-output.o)
                              contiki-ng-sky.a(csma.o) (csma_output_packet)
contiki-ng-sky.a(uip-ds6.o)   obj_sky/contiki-main.o (uip_ds6_get_link_local)
contiki-ng-sky.a(tcpip.o)     obj_sky/contiki-main.o (tcpip_process)
contiki-ng-sky.a(uip-ds6-route.o)
                              contiki-ng-sky.a(uip-ds6.o) (uip_ds6_route_init)
contiki-ng-sky.a(uip6.o)      contiki-ng-sky.a(tcpip.o) (uip_aligned_buf)
contiki-ng-sky.a(uip-ds6-nbr.o)
                              contiki-ng-sky.a(uip-ds6.o) (uip_ds6_neighbors_init)
contiki-ng-sky.a(uip-nd6.o)   contiki-ng-sky.a(uip6.o) (uip_nd6_init)
contiki-ng-sky.a(simple-udp.o)
                              udp-client.o (simple_udp_sendto)
contiki-ng-sky.a(sicslowpan.o)
                              obj_sky/contiki-main.o (sicslowpan_driver)
contiki-ng-sky.a(uiplib.o)    contiki-ng-sky.a(log.o) (uiplib_ipaddr_snprint)
contiki-ng-sky.a(rpl.o)       udp-client.o (rpl_lite_driver)
contiki-ng-sky.a(rpl-icmp6.o)
                              contiki-ng-sky.a(rpl.o) (rpl_icmp6_init)
contiki-ng-sky.a(rpl-dag.o)   contiki-ng-sky.a(rpl.o) (curr_instance)
contiki-ng-sky.a(rpl-dag-root.o)
                              contiki-ng-sky.a(rpl.o) (rpl_dag_root_set_prefix)
contiki-ng-sky.a(contiki-sky-pla)
                              contiki-ng-sky.a(platform.o) (init_platform)
contiki-ng-sky.a(button-sensor.o)
                              contiki-ng-sky.a(contiki-sky-pla) (button_sensor)
contiki-ng-sky.a(ds2411.o)    contiki-ng-sky.a(platform.o) (ds2411_init)
contiki-ng-sky.a(xmem.o)      contiki-ng-sky.a(platform.o) (xmem_init)
contiki-ng-sky.a(sensors.o)   contiki-ng-sky.a(button-sensor.o) (sensors_changed)
contiki-ng-sky.a(cc2420.o)    contiki-ng-sky.a(platform.o) (cc2420_set_pan_addr)
contiki-ng-sky.a(cc2420-arch.o)
                              contiki-ng-sky.a(cc2420.o) (cc2420_arch_init)
contiki-ng-sky.a(uart1.o)     contiki-ng-sky.a(platform.o) (uart1_active)
contiki-ng-sky.a(rtimer-arch.o)
                              contiki-ng-sky.a(rtimer.o) (rtimer_arch_init)
contiki-ng-sky.a(stimer.o)    contiki-ng-sky.a(uip-ds6.o) (stimer_set)
contiki-ng-sky.a(memb.o)      contiki-ng-sky.a(csma-output.o) (memb_init)
contiki-ng-sky.a(queuebuf.o)  contiki-ng-sky.a(csma-output.o) (queuebuf_init)
contiki-ng-sky.a(nbr-table.o)
                              contiki-ng-sky.a(uip-ds6-nbr.o) (nbr_table_register)
contiki-ng-sky.a(packetbuf.o)
                              contiki-ng-sky.a(sicslowpan.o) (packetbuf_set_datalen)
contiki-ng-sky.a(link-stats.o)
                              contiki-ng-sky.a(sicslowpan.o) (link_stats_packet_sent)
contiki-ng-sky.a(mac-sequence.o)
                              contiki-ng-sky.a(csma.o) (mac_sequence_is_duplicate)
contiki-ng-sky.a(mac.o)       contiki-ng-sky.a(csma-output.o) (mac_call_sent_callback)
contiki-ng-sky.a(framer-802154.o)
                              contiki-ng-sky.a(csma.o) (framer_802154)
contiki-ng-sky.a(frame802154.o)
                              contiki-ng-sky.a(framer-802154.o) (frame802154_get_pan_id)
contiki-ng-sky.a(uipbuf.o)    contiki-ng-sky.a(sicslowpan.o) (uipbuf_get_attr)
contiki-ng-sky.a(uip-icmp6.o)
                              contiki-ng-sky.a(uip6.o) (uip_icmp6_input)
contiki-ng-sky.a(uip-sr.o)    contiki-ng-sky.a(rpl-dag-root.o) (uip_sr_num_nodes)
contiki-ng-sky.a(uip-udp-packet.)
[...]
Memory Configuration

Name             Origin             Length             Attributes
sfr              0x00000000         0x00000010
peripheral_8bit  0x00000010         0x000000f0
peripheral_16bit 0x00000100         0x00000100
ram_mirror       0x00000200         0x00000800         xw
infomem          0x00001000         0x00000100
infob            0x00001000         0x00000080
infoa            0x00001080         0x00000080
ram              0x00001100         0x00002800         xw
rom              0x00004000         0x0000bfe0         xr
vectors          0x0000ffe0         0x00000020
bsl              0x00000000         0x00000000
infoc            0x00000000         0x00000000
infod            0x00000000         0x00000000
ram2             0x00000000         0x00000000         xw
usbram           0x00000000         0x00000000         xw
far_rom          0x00000000         0x00000000
*default*        0x00000000         0xffffffff

Linker script and memory map

LOAD /usr/lib/gcc/msp430/4.6.3/mmpy-16/crt0ivtbl16.o
                0x00002d88                _stack = _end
LOAD udp-client.o
LOAD obj_sky/contiki-main.o
LOAD contiki-ng-sky.a
LOAD /usr/lib/gcc/msp430/4.6.3/mmpy-16/libgcc.a
LOAD /usr/lib/gcc/msp430/4.6.3/../../../../msp430/lib/mmpy-16/libc.a
LOAD /usr/lib/gcc/msp430/4.6.3/mmpy-16/libgcc.a
LOAD /usr/lib/gcc/msp430/4.6.3/mmpy-16/libcrt0.a
                0x00000080                PROVIDE (__info_segment_size, 0x80)
                0x00001000                PROVIDE (__infob, 0x1000)
                0x00001080                PROVIDE (__infoa, 0x1080)
                0x00000000                __IE1 = 0x0
                0x00000002                __IFG1 = 0x2
                0x00000004                __ME1 = 0x4
                0x00000001                __IE2 = 0x1
                0x00000003                __IFG2 = 0x3
                0x00000005                __ME2 = 0x5
                0x00000120                __WDTCTL = 0x120
                0x00000130                __MPY = 0x130
                0x00000132                __MPYS = 0x132
                0x00000134                __MAC = 0x134
                0x00000136                __MACS = 0x136
                0x00000138                __OP2 = 0x138
                0x0000013a                __RESLO = 0x13a
                0x0000013c                __RESHI = 0x13c
                0x0000013e                __SUMEXT = 0x13e
                0x00000020                __P1IN = 0x20
                0x00000021                __P1OUT = 0x21
                0x00000022                __P1DIR = 0x22
                0x00000023                __P1IFG = 0x23
                0x00000024                __P1IES = 0x24
                0x00000025                __P1IE = 0x25
                0x00000026                __P1SEL = 0x26
                0x00000028                __P2IN = 0x28
                0x00000029                __P2OUT = 0x29
                0x0000002a                __P2DIR = 0x2a
                0x0000002b                __P2IFG = 0x2b
                0x0000002c                __P2IES = 0x2c
                0x0000002d                __P2IE = 0x2d
                0x0000002e                __P2SEL = 0x2e
                0x00000018                __P3IN = 0x18
                0x00000019                __P3OUT = 0x19
                0x0000001a                __P3DIR = 0x1a
                0x0000001b                __P3SEL = 0x1b
                0x0000001c                __P4IN = 0x1c
                0x0000001d                __P4OUT = 0x1d
                0x0000001e                __P4DIR = 0x1e
                0x0000001f                __P4SEL = 0x1f
                0x00000030                __P5IN = 0x30
                0x00000031                __P5OUT = 0x31
                0x00000032                __P5DIR = 0x32
                0x00000033                __P5SEL = 0x33
                0x00000034                __P6IN = 0x34
                0x00000035                __P6OUT = 0x35
                0x00000036                __P6DIR = 0x36
                0x00000037                __P6SEL = 0x37
                0x00000070                __U0CTL = 0x70
                0x00000071                __U0TCTL = 0x71
                0x00000072                __U0RCTL = 0x72
                0x00000073                __U0MCTL = 0x73
                0x00000074                __U0BR0 = 0x74
                0x00000075                __U0BR1 = 0x75
                0x00000076                __U0RXBUF = 0x76
                0x00000077                __U0TXBUF = 0x77
                0x00000078                __U1CTL = 0x78
                0x00000079                __U1TCTL = 0x79
                0x0000007a                __U1RCTL = 0x7a
                0x0000007b                __U1MCTL = 0x7b
                0x0000007c                __U1BR0 = 0x7c
                0x0000007d                __U1BR1 = 0x7d
                0x0000007e                __U1RXBUF = 0x7e
                0x0000007f                __U1TXBUF = 0x7f
                0x00000050                __I2CIE = 0x50
                0x00000051                __I2CIFG = 0x51
                0x00000052                __I2CNDAT = 0x52
                0x00000071                __I2CTCTL = 0x71
                0x00000072                __I2CDCTL = 0x72
                0x00000073                __I2CPSC = 0x73
                0x00000074                __I2CSCLH = 0x74
                0x00000075                __I2CSCLL = 0x75
                0x00000076                __I2CDRB = 0x76
                0x00000076                __I2CDRW = 0x76
                0x00000118                __I2COA = 0x118
                0x0000011a                __I2CSA = 0x11a
                0x0000011c                __I2CIV = 0x11c
                0x0000012e                __TAIV = 0x12e
                0x00000160                __TACTL = 0x160
                0x00000162                __TACCTL0 = 0x162
                0x00000164                __TACCTL1 = 0x164
                0x00000166                __TACCTL2 = 0x166
                0x00000170                __TAR = 0x170
                0x00000172                __TACCR0 = 0x172
                0x00000174                __TACCR1 = 0x174
                0x00000176                __TACCR2 = 0x176
                0x0000011e                __TBIV = 0x11e
                0x00000180                __TBCTL = 0x180
                0x00000182                __TBCCTL0 = 0x182
                0x00000184                __TBCCTL1 = 0x184
                0x00000186                __TBCCTL2 = 0x186
                0x00000188                __TBCCTL3 = 0x188
                0x0000018a                __TBCCTL4 = 0x18a
                0x0000018c                __TBCCTL5 = 0x18c
                0x0000018e                __TBCCTL6 = 0x18e
                0x00000190                __TBR = 0x190
                0x00000192                __TBCCR0 = 0x192
                0x00000194                __TBCCR1 = 0x194
                0x00000196                __TBCCR2 = 0x196
                0x00000198                __TBCCR3 = 0x198
                0x0000019a                __TBCCR4 = 0x19a
                0x0000019c                __TBCCR5 = 0x19c
                0x0000019e                __TBCCR6 = 0x19e
                0x00000056                __DCOCTL = 0x56
                0x00000057                __BCSCTL1 = 0x57
                0x00000058                __BCSCTL2 = 0x58
                0x00000055                __SVSCTL = 0x55
                0x00000128                __FCTL1 = 0x128
                0x0000012a                __FCTL2 = 0x12a
                0x0000012c                __FCTL3 = 0x12c
                0x00000059                __CACTL1 = 0x59
                0x0000005a                __CACTL2 = 0x5a
                0x0000005b                __CAPD = 0x5b
                0x000001a0                __ADC12CTL0 = 0x1a0
                0x000001a2                __ADC12CTL1 = 0x1a2
                0x000001a4                __ADC12IFG = 0x1a4
                0x000001a6                __ADC12IE = 0x1a6
                0x000001a8                __ADC12IV = 0x1a8
                0x00000140                __ADC12MEM0 = 0x140
                0x00000142                __ADC12MEM1 = 0x142
                0x00000144                __ADC12MEM2 = 0x144
                0x00000146                __ADC12MEM3 = 0x146
                0x00000148                __ADC12MEM4 = 0x148
                0x0000014a                __ADC12MEM5 = 0x14a
                0x0000014c                __ADC12MEM6 = 0x14c
                0x0000014e                __ADC12MEM7 = 0x14e
                0x00000150                __ADC12MEM8 = 0x150
                0x00000152                __ADC12MEM9 = 0x152
                0x00000154                __ADC12MEM10 = 0x154
                0x00000156                __ADC12MEM11 = 0x156
                0x00000158                __ADC12MEM12 = 0x158
                0x0000015a                __ADC12MEM13 = 0x15a
                0x0000015c                __ADC12MEM14 = 0x15c
                0x0000015e                __ADC12MEM15 = 0x15e
                0x00000080                __ADC12MCTL0 = 0x80
                0x00000081                __ADC12MCTL1 = 0x81
                0x00000082                __ADC12MCTL2 = 0x82
                0x00000083                __ADC12MCTL3 = 0x83
                0x00000084                __ADC12MCTL4 = 0x84
                0x00000085                __ADC12MCTL5 = 0x85
                0x00000086                __ADC12MCTL6 = 0x86
                0x00000087                __ADC12MCTL7 = 0x87
                0x00000088                __ADC12MCTL8 = 0x88
                0x00000089                __ADC12MCTL9 = 0x89
                0x0000008a                __ADC12MCTL10 = 0x8a
                0x0000008b                __ADC12MCTL11 = 0x8b
                0x0000008c                __ADC12MCTL12 = 0x8c
                0x0000008d                __ADC12MCTL13 = 0x8d
                0x0000008e                __ADC12MCTL14 = 0x8e
                0x0000008f                __ADC12MCTL15 = 0x8f
                0x000001c0                __DAC12_0CTL = 0x1c0
                0x000001c2                __DAC12_1CTL = 0x1c2
                0x000001c8                __DAC12_0DAT = 0x1c8
                0x000001ca                __DAC12_1DAT = 0x1ca
                0x00000122                __DMACTL0 = 0x122
                0x00000124                __DMACTL1 = 0x124
                0x000001e0                __DMA0CTL = 0x1e0
                0x000001e8                __DMA1CTL = 0x1e8
                0x000001f0                __DMA2CTL = 0x1f0
                0x000001e2                __DMA0SA = 0x1e2
                0x000001e4                __DMA0DA = 0x1e4
                0x000001e6                __DMA0SZ = 0x1e6
                0x000001ea                __DMA1SA = 0x1ea
                0x000001ec                __DMA1DA = 0x1ec
                0x000001ee                __DMA1SZ = 0x1ee
                0x000001f2                __DMA2SA = 0x1f2
                0x000001f4                __DMA2DA = 0x1f4
                0x000001f6                __DMA2SZ = 0x1f6

.hash
 *(.hash)

.dynsym
 *(.dynsym)

.dynstr
 *(.dynstr)

.gnu.version
 *(.gnu.version)

.gnu.version_d
 *(.gnu.version_d)

.gnu.version_r
 *(.gnu.version_r)

.rel.init
 *(.rel.init)

.rela.init
 *(.rela.init)

.rel.fini
 *(.rel.fini)

.rela.fini
 *(.rela.fini)

.rel.text
 *(.rel.text .rel.text.* .rel.gnu.linkonce.t.*)

.rela.text
 *(.rela.text .rela.text.* .rela.gnu.linkonce.t.*)

.rel.rodata
 *(.rel.rodata .rel.rodata.* .rel.gnu.linkonce.r.*)

.rela.rodata
 *(.rela.rodata .rela.rodata.* .rela.gnu.linkonce.r.*)

.rel.data
 *(.rel.data .rel.data.* .rel.gnu.linkonce.d.*)

.rela.data
 *(.rela.data .rela.data.* .rela.gnu.linkonce.d.*)

.rel.bss
 *(.rel.bss .rel.bss.* .rel.gnu.linkonce.b.*)

.rela.bss
 *(.rela.bss .rela.bss.* .rela.gnu.linkonce.b.*)

.rel.ctors
 *(.rel.ctors)

.rela.ctors
 *(.rela.ctors)

.rel.dtors
 *(.rel.dtors)

.rela.dtors
 *(.rela.dtors)

.rel.got
 *(.rel.got)

.rela.got
 *(.rela.got)

.rel.plt
 *(.rel.plt)

.rela.plt
 *(.rela.plt)

.text           0x00004000     0xa5c2
                0x00004000                . = ALIGN (0x2)
 *(.init .init.*)
 *(.init0)
 .init0         0x00004000        0x0 /usr/lib/gcc/msp430/4.6.3/mmpy-16/libcrt0.a(_reset_vector__.o)
                0x00004000                _reset_vector__
 *(.init1)
 .init1         0x00004000        0xc /usr/lib/gcc/msp430/4.6.3/mmpy-16/libcrt0.a(__watchdog_support.o)
                0x00004000                __watchdog_support
 *(.init2)
 .init2         0x0000400c        0x4 /usr/lib/gcc/msp430/4.6.3/mmpy-16/libcrt0.a(__init_stack.o)
                0x0000400c                __init_stack
 *(.init3)
 .init3         0x00004010        0x0 /usr/lib/gcc/msp430/4.6.3/mmpy-16/libcrt0.a(__low_level_init.o)
                0x00004010                __low_level_init
 *(.init4)
 .init4         0x00004010       0x18 /usr/lib/gcc/msp430/4.6.3/mmpy-16/libcrt0.a(_copy_data.o)
                0x00004010                __do_copy_data
 .init4         0x00004028       0x16 /usr/lib/gcc/msp430/4.6.3/mmpy-16/libcrt0.a(_clear_bss.o)
                0x00004028                __do_clear_bss
 *(.init5)
 *(.init6)
 *(.init7)
 *(.init8)
 *(.init9)
 .init9         0x0000403e      0x22a obj_sky/contiki-main.o
                0x0000403e                main
 *(.fini9)
 .fini9         0x00004268        0x0 /usr/lib/gcc/msp430/4.6.3/mmpy-16/libcrt0.a(__stop_progExec__.o)
                0x00004268                __stop_progExec__
 *(.fini8)
 *(.fini7)
 *(.fini6)
 *(.fini5)
 *(.fini4)
 *(.fini3)
 *(.fini2)
 *(.fini1)
 *(.fini0)
 .fini0         0x00004268        0x6 /usr/lib/gcc/msp430/4.6.3/mmpy-16/libcrt0.a(_endless_loop__.o)
                0x00004268                _endless_loop__
 *(.fini .fini.*)
                0x0000426e                . = ALIGN (0x2)
                0x0000426e                __ctors_start = .
 *(.ctors)
                0x0000426e                __ctors_end = .
                0x0000426e                __dtors_start = .
 *(.dtors)
                0x0000426e                __dtors_end = .
                0x0000426e                . = ALIGN (0x2)
 *(.text .text.* .gnu.linkonce.t.*)
 .text          0x0000426e        0x4 /usr/lib/gcc/msp430/4.6.3/mmpy-16/crt0ivtbl16.o
                0x0000426e                __isr_14
                0x0000426e                __isr_11
                0x0000426e                __isr_2
                0x0000426e                __isr_7
                0x0000426e                __isr_0
                0x0000426e                __isr_8
                0x0000426e                __isr_3
                0x0000426e                __isr_12
                0x0000426e                __isr_13
                0x0000426e                __isr_9
 .text.process_thread_udp_client_process
                0x00004272       0xf2 udp-client.o
 .text.timeout_expired
                0x00004364       0x54 udp-client.o
 .text.udp_rx_callback
                0x000043b8       0xb0 udp-client.o
 .text.putchar  0x00004468       0x10 contiki-ng-sky.a(uart1-putchar.o)
                0x00004468                putchar
 .text.platform_init_stage_one
                0x00004478       0x12 contiki-ng-sky.a(platform.o)
                0x00004478                platform_init_stage_one
 .text.platform_init_stage_two
                0x0000448a       0x66 contiki-ng-sky.a(platform.o)
                0x0000448a                platform_init_stage_two
 .text.platform_init_stage_three
                0x000044f0       0x7a contiki-ng-sky.a(platform.o)
                0x000044f0                platform_init_stage_three
 .text.platform_idle
                0x0000456a       0x54 contiki-ng-sky.a(platform.o)
                0x0000456a                platform_idle
 .text.msp430_init_dco
                0x000045be       0x84 contiki-ng-sky.a(msp430.o)
                0x000045be                msp430_init_dco
 .text.msp430_add_lpm_req
                0x00004642        0xc contiki-ng-sky.a(msp430.o)
                0x00004642                msp430_add_lpm_req
 .text.msp430_cpu_init
                0x0000464e       0x2a contiki-ng-sky.a(msp430.o)
                0x0000464e                msp430_cpu_init
 .text.splhigh_
                0x00004678        0x8 contiki-ng-sky.a(msp430.o)
                0x00004678                splhigh_
 .text.msp430_sync_dco
                0x00004680       0x68 contiki-ng-sky.a(msp430.o)
                0x00004680                msp430_sync_dco
 .text.timera1  0x000046e8       0xdc contiki-ng-sky.a(clock.o)
                0x000046e8                __isr_5
                0x000046e8                timera1
 .text.clock_time
                0x000047c4       0x1a contiki-ng-sky.a(clock.o)
                0x000047c4                clock_time
 .text.clock_init
                0x000047de       0x28 contiki-ng-sky.a(clock.o)
                0x000047de                clock_init
 .text.clock_delay
                0x00004806        0xc contiki-ng-sky.a(clock.o)
                0x00004806                clock_delay
 .text.clock_seconds
                0x00004812       0x1a contiki-ng-sky.a(clock.o)
                0x00004812                clock_seconds
 .text.leds_init
                0x0000482c        0x6 contiki-ng-sky.a(leds.o)
                0x0000482c                leds_init
 .text.leds_on  0x00004832       0x12 contiki-ng-sky.a(leds.o)
                0x00004832                leds_on
 .text.leds_off
                0x00004844       0x12 contiki-ng-sky.a(leds.o)
                0x00004844                leds_off
 .text.leds_arch_init
                0x00004856        0xe contiki-ng-sky.a(leds-arch.o)
                0x00004856                leds_arch_init
 .text.leds_arch_get
                0x00004864       0x36 contiki-ng-sky.a(leds-arch.o)
                0x00004864                leds_arch_get
 .text.leds_arch_set
                0x0000489a       0x40 contiki-ng-sky.a(leds-arch.o)
                0x0000489a                leds_arch_set
 .text.watchdog_interrupt
                0x000048da        0x6 contiki-ng-sky.a(watchdog.o)
                0x000048da                __isr_10
                0x000048da                watchdog_interrupt
 .text.watchdog_start
                0x000048e0       0x14 contiki-ng-sky.a(watchdog.o)
                0x000048e0                watchdog_start
 .text.watchdog_periodic
                0x000048f4       0x12 contiki-ng-sky.a(watchdog.o)
                0x000048f4                watchdog_periodic
 .text.watchdog_stop
                0x00004906       0x16 contiki-ng-sky.a(watchdog.o)
                0x00004906                watchdog_stop
 .text.watchdog_init
                0x0000491c       0x14 contiki-ng-sky.a(watchdog.o)
                0x0000491c                watchdog_init
 .text.autostart_start
                0x00004930       0x16 contiki-ng-sky.a(autostart.o)
                0x00004930                autostart_start
 .text.process_thread_ctimer_process
                0x00004946       0xa4 contiki-ng-sky.a(ctimer.o)
 .text.ctimer_init
                0x000049ea       0x18 contiki-ng-sky.a(ctimer.o)
                0x000049ea                ctimer_init
 .text.ctimer_set_with_process
                0x00004a02       0x4e contiki-ng-sky.a(ctimer.o)
                0x00004a02                ctimer_set_with_process
 .text.ctimer_set
                0x00004a50       0x10 contiki-ng-sky.a(ctimer.o)
                0x00004a50                ctimer_set
 .text.ctimer_reset
                0x00004a60       0x30 contiki-ng-sky.a(ctimer.o)
                0x00004a60                ctimer_reset
 .text.ctimer_restart
                0x00004a90       0x30 contiki-ng-sky.a(ctimer.o)
                0x00004a90                ctimer_restart
 .text.ctimer_stop
                0x00004ac0       0x28 contiki-ng-sky.a(ctimer.o)
                0x00004ac0                ctimer_stop
 .text.ctimer_expired
                0x00004ae8       0x32 contiki-ng-sky.a(ctimer.o)
                0x00004ae8                ctimer_expired
 .text.energest_init
                0x00004b1a        0x2 contiki-ng-sky.a(energest.o)
                0x00004b1a                energest_init
 .text.energest_flush
                0x00004b1c        0x2 contiki-ng-sky.a(energest.o)
                0x00004b1c                energest_flush
 .text.update_time
                0x00004b1e       0x78 contiki-ng-sky.a(etimer.o)
 .text.etimer_request_poll
                0x00004b96        0xa contiki-ng-sky.a(etimer.o)
                0x00004b96                etimer_request_poll
 .text.process_thread_etimer_process
                0x00004ba0       0xc8 contiki-ng-sky.a(etimer.o)
 .text.add_timer
                0x00004c68       0x40 contiki-ng-sky.a(etimer.o)
 .text.etimer_set
                0x00004ca8       0x12 contiki-ng-sky.a(etimer.o)
                0x00004ca8                etimer_set
 .text.etimer_reset
                0x00004cba       0x12 contiki-ng-sky.a(etimer.o)
                0x00004cba                etimer_reset
 .text.etimer_restart
                0x00004ccc       0x12 contiki-ng-sky.a(etimer.o)
                0x00004ccc                etimer_restart
 .text.etimer_expired
                0x00004cde        0xe contiki-ng-sky.a(etimer.o)
                0x00004cde                etimer_expired
 .text.etimer_pending
                0x00004cec        0xc contiki-ng-sky.a(etimer.o)
                0x00004cec                etimer_pending
 .text.etimer_next_expiration_time
                0x00004cf8       0x16 contiki-ng-sky.a(etimer.o)
                0x00004cf8                etimer_next_expiration_time
 .text.etimer_stop
                0x00004d0e       0x3c contiki-ng-sky.a(etimer.o)
                0x00004d0e                etimer_stop
 .text.log_6addr
                0x00004d4a       0x32 contiki-ng-sky.a(log.o)
                0x00004d4a                log_6addr
 .text.log_lladdr
                0x00004d7c       0x44 contiki-ng-sky.a(log.o)
                0x00004d7c                log_lladdr
 .text.call_process
                0x00004dc0       0x4a contiki-ng-sky.a(process.o)
 .text.exit_process
                0x00004e0a       0x96 contiki-ng-sky.a(process.o)
 .text.do_poll  0x00004ea0       0x30 contiki-ng-sky.a(process.o)
 .text.process_alloc_event
                0x00004ed0        0xe contiki-ng-sky.a(process.o)
                0x00004ed0                process_alloc_event
 .text.process_init
                0x00004ede       0x18 contiki-ng-sky.a(process.o)
                0x00004ede                process_init
 .text.process_run
                0x00004ef6       0x92 contiki-ng-sky.a(process.o)
                0x00004ef6                process_run
 .text.process_nevents
                0x00004f88        0xe contiki-ng-sky.a(process.o)
                0x00004f88                process_nevents
 .text.process_post
                0x00004f96       0x42 contiki-ng-sky.a(process.o)
                0x00004f96                process_post
 .text.process_post_synch
                0x00004fd8       0x12 contiki-ng-sky.a(process.o)
                0x00004fd8                process_post_synch
 .text.process_start
                0x00004fea       0x32 contiki-ng-sky.a(process.o)
                0x00004fea                process_start
 .text.process_poll
                0x0000501c       0x18 contiki-ng-sky.a(process.o)
                0x0000501c                process_poll
 .text.rtimer_init
                0x00005034        0x6 contiki-ng-sky.a(rtimer.o)
                0x00005034                rtimer_init
 .text.rtimer_run_next
                0x0000503a       0x26 contiki-ng-sky.a(rtimer.o)
                0x0000503a                rtimer_run_next
 .text.node_id_init
                0x00005060       0x14 contiki-ng-sky.a(node-id.o)
                0x00005060                node_id_init
 .text.timer_set
                0x00005074       0x1c contiki-ng-sky.a(timer.o)
                0x00005074                timer_set
 .text.timer_reset
                0x00005090        0xe contiki-ng-sky.a(timer.o)
                0x00005090                timer_reset
 .text.timer_restart
                0x0000509e       0x14 contiki-ng-sky.a(timer.o)
                0x0000509e                timer_restart
 .text.timer_expired
                0x000050b2       0x2a contiki-ng-sky.a(timer.o)
                0x000050b2                timer_expired
 .text.list_init
                0x000050dc        0x6 contiki-ng-sky.a(list.o)
                0x000050dc                list_init
 .text.list_head
                0x000050e2        0x4 contiki-ng-sky.a(list.o)
                0x000050e2                list_head
 .text.list_tail
                0x000050e6       0x12 contiki-ng-sky.a(list.o)
                0x000050e6                list_tail
 .text.list_remove
                0x000050f8       0x34 contiki-ng-sky.a(list.o)
                0x000050f8                list_remove
 .text.list_push
                0x0000512c       0x1a contiki-ng-sky.a(list.o)
                0x0000512c                list_push
 .text.list_add
                0x00005146       0x2a contiki-ng-sky.a(list.o)
                0x00005146                list_add
 .text.list_length
                0x00005170       0x10 contiki-ng-sky.a(list.o)
                0x00005170                list_length
 .text.list_item_next
                0x00005180        0xc contiki-ng-sky.a(list.o)
                0x00005180                list_item_next
 .text.random_init
                0x0000518c        0x6 contiki-ng-sky.a(random.o)
                0x0000518c                random_init
 .text.random_rand
                0x00005192        0x6 contiki-ng-sky.a(random.o)
                0x00005192                random_rand
 .text.netstack_process_ip_callback
                0x00005198       0x52 contiki-ng-sky.a(netstack.o)
                0x00005198                netstack_process_ip_callback
 .text.netstack_init
                0x000051ea        0xe contiki-ng-sky.a(netstack.o)
                0x000051ea                netstack_init
 .text.linkaddr_copy
                0x000051f8        0x8 contiki-ng-sky.a(linkaddr.o)
                0x000051f8                linkaddr_copy
 .text.linkaddr_cmp
                0x00005200       0x12 contiki-ng-sky.a(linkaddr.o)
                0x00005200                linkaddr_cmp
 .text.linkaddr_set_node_addr
                0x00005212        0xc contiki-ng-sky.a(linkaddr.o)
                0x00005212                linkaddr_set_node_addr
 .text.on       0x0000521e        0x6 contiki-ng-sky.a(csma.o)
 .text.off      0x00005224        0x6 contiki-ng-sky.a(csma.o)
 .text.send_packet
                0x0000522a        0x6 contiki-ng-sky.a(csma.o)
 .text.init     0x00005230        0xa contiki-ng-sky.a(csma.o)
 .text.input_packet
                0x0000523a       0x40 contiki-ng-sky.a(csma.o)
 .text.schedule_transmission
                0x0000527a       0x72 contiki-ng-sky.a(csma-output.o)
 .text.tx_done  0x000052ec       0x9a contiki-ng-sky.a(csma-output.o)
 .text.transmit_from_queue
                0x00005386      0x1dc contiki-ng-sky.a(csma-output.o)
 .text.csma_output_packet
                0x00005562      0x180 contiki-ng-sky.a(csma-output.o)
                0x00005562                csma_output_packet
 .text.csma_output_init
                0x000056e2       0x1e contiki-ng-sky.a(csma-output.o)
                0x000056e2                csma_output_init
 .text.uip_ds6_list_loop
                0x00005700       0x92 contiki-ng-sky.a(uip-ds6.o)
                0x00005700                uip_ds6_list_loop
 .text.uip_ds6_prefix_add
                0x00005792       0x80 contiki-ng-sky.a(uip-ds6.o)
                0x00005792                uip_ds6_prefix_add
 .text.uip_ds6_is_addr_onlink
                0x00005812       0x54 contiki-ng-sky.a(uip-ds6.o)
                0x00005812                uip_ds6_is_addr_onlink
 .text.uip_ds6_addr_lookup
                0x00005866       0x2a contiki-ng-sky.a(uip-ds6.o)
                0x00005866                uip_ds6_addr_lookup
 .text.uip_ds6_get_link_local
                0x00005890       0x3e contiki-ng-sky.a(uip-ds6.o)
                0x00005890                uip_ds6_get_link_local
 .text.uip_ds6_maddr_add
                0x000058ce       0x4c contiki-ng-sky.a(uip-ds6.o)
                0x000058ce                uip_ds6_maddr_add
 .text.uip_ds6_addr_add
                0x0000591a       0xc4 contiki-ng-sky.a(uip-ds6.o)
                0x0000591a                uip_ds6_addr_add
 .text.uip_ds6_maddr_lookup
                0x000059de       0x2a contiki-ng-sky.a(uip-ds6.o)
                0x000059de                uip_ds6_maddr_lookup
 .text.uip_ds6_addr_rm
                0x00005a08       0x54 contiki-ng-sky.a(uip-ds6.o)
                0x00005a08                uip_ds6_addr_rm
 .text.uip_ds6_periodic
                0x00005a5c       0x46 contiki-ng-sky.a(uip-ds6.o)
                0x00005a5c                uip_ds6_periodic
 .text.uip_ds6_set_addr_iid
                0x00005aa2       0x14 contiki-ng-sky.a(uip-ds6.o)
                0x00005aa2                uip_ds6_set_addr_iid
 .text.uip_ds6_set_lladdr_from_iid
                0x00005ab6       0x14 contiki-ng-sky.a(uip-ds6.o)
                0x00005ab6                uip_ds6_set_lladdr_from_iid
 .text.get_match_length
                0x00005aca       0x3e contiki-ng-sky.a(uip-ds6.o)
                0x00005aca                get_match_length
 .text.uip_ds6_select_src
                0x00005b08       0xaa contiki-ng-sky.a(uip-ds6.o)
                0x00005b08                uip_ds6_select_src
 .text.uip_ds6_compute_reachable_time
                0x00005bb2       0x3e contiki-ng-sky.a(uip-ds6.o)
                0x00005bb2                uip_ds6_compute_reachable_time
 .text.uip_ds6_init
                0x00005bf0      0x152 contiki-ng-sky.a(uip-ds6.o)
                0x00005bf0                uip_ds6_init
 .text.tcpip_output
                0x00005d42       0x2a contiki-ng-sky.a(tcpip.o)
                0x00005d42                tcpip_output
 .text.udp_new  0x00005d6c       0x1a contiki-ng-sky.a(tcpip.o)
                0x00005d6c                udp_new
 .text.tcpip_input
                0x00005d86       0x26 contiki-ng-sky.a(tcpip.o)
                0x00005d86                tcpip_input
 .text.tcpip_ipv6_output
                0x00005dac      0x112 contiki-ng-sky.a(tcpip.o)
                0x00005dac                tcpip_ipv6_output
 .text.packet_input.part.4
                0x00005ebe       0x12 contiki-ng-sky.a(tcpip.o)
 .text.process_thread_tcpip_process
                0x00005ed0       0xc8 contiki-ng-sky.a(tcpip.o)
 .text.tcpip_uipcall
                0x00005f98       0x2a contiki-ng-sky.a(tcpip.o)
                0x00005f98                tcpip_uipcall
 .text.uip_ds6_route_init
                0x00005fc2       0x12 contiki-ng-sky.a(uip-ds6-route.o)
                0x00005fc2                uip_ds6_route_init
 .text.uip_ds6_route_nexthop
                0x00005fd4        0x4 contiki-ng-sky.a(uip-ds6-route.o)
                0x00005fd4                uip_ds6_route_nexthop
 .text.uip_ds6_route_lookup
                0x00005fd8        0x4 contiki-ng-sky.a(uip-ds6-route.o)
                0x00005fd8                uip_ds6_route_lookup
 .text.uip_ds6_route_rm
                0x00005fdc        0x2 contiki-ng-sky.a(uip-ds6-route.o)
                0x00005fdc                uip_ds6_route_rm
 .text.uip_ds6_defrt_rm
                0x00005fde       0x3c contiki-ng-sky.a(uip-ds6-route.o)
                0x00005fde                uip_ds6_defrt_rm
 .text.uip_ds6_defrt_lookup
                0x0000601a       0x3e contiki-ng-sky.a(uip-ds6-route.o)
                0x0000601a                uip_ds6_defrt_lookup
 .text.uip_ds6_defrt_add
                0x00006058       0x72 contiki-ng-sky.a(uip-ds6-route.o)
                0x00006058                uip_ds6_defrt_add
 .text.uip_ds6_defrt_choose
                0x000060ca       0x3a contiki-ng-sky.a(uip-ds6-route.o)
                0x000060ca                uip_ds6_defrt_choose
 .text.uip_ds6_defrt_periodic
                0x00006104       0x38 contiki-ng-sky.a(uip-ds6-route.o)
                0x00006104                uip_ds6_defrt_periodic
 .text.chksum   0x0000613c       0x32 contiki-ng-sky.a(uip6.o)
 .text.upper_layer_chksum
                0x0000616e       0x56 contiki-ng-sky.a(uip6.o)
 .text.ext_hdr_options_process
                0x000061c4       0xda contiki-ng-sky.a(uip6.o)
 .text.uip_icmp6chksum
                0x0000629e        0xa contiki-ng-sky.a(uip6.o)
                0x0000629e                uip_icmp6chksum
 .text.uip_udpchksum
                0x000062a8        0xa contiki-ng-sky.a(uip6.o)
                0x000062a8                uip_udpchksum
 .text.uip_init
                0x000062b2       0x38 contiki-ng-sky.a(uip6.o)
                0x000062b2                uip_init
 .text.remove_ext_hdr
                0x000062ea       0x64 contiki-ng-sky.a(uip6.o)
                0x000062ea                remove_ext_hdr
 .text.uip_udp_new
                0x0000634e       0xaa contiki-ng-sky.a(uip6.o)
                0x0000634e                uip_udp_new
 .text.uip_process
                0x000063f8      0x4ac contiki-ng-sky.a(uip6.o)
                0x000063f8                uip_process
 .text.uip_htonl
                0x000068a4       0x2e contiki-ng-sky.a(uip6.o)
                0x000068a4                uip_htonl
 .text.uip_ds6_nbr_rm
                0x000068d2       0x1e contiki-ng-sky.a(uip-ds6-nbr.o)
                0x000068d2                uip_ds6_nbr_rm
 .text.uip_ds6_neighbors_init
                0x000068f0       0x12 contiki-ng-sky.a(uip-ds6-nbr.o)
                0x000068f0                uip_ds6_neighbors_init
 .text.uip_ds6_nbr_add
                0x00006902       0x3e contiki-ng-sky.a(uip-ds6-nbr.o)
                0x00006902                uip_ds6_nbr_add
 .text.uip_ds6_nbr_get_ll
                0x00006940        0xc contiki-ng-sky.a(uip-ds6-nbr.o)
                0x00006940                uip_ds6_nbr_get_ll
 .text.uip_ds6_nbr_lookup
                0x0000694c       0x42 contiki-ng-sky.a(uip-ds6-nbr.o)
                0x0000694c                uip_ds6_nbr_lookup
 .text.uip_ds6_nbr_ll_lookup
                0x0000698e        0xc contiki-ng-sky.a(uip-ds6-nbr.o)
                0x0000698e                uip_ds6_nbr_ll_lookup
 .text.uip_ds6_nbr_update_ll
                0x0000699a       0x76 contiki-ng-sky.a(uip-ds6-nbr.o)
                0x0000699a                uip_ds6_nbr_update_ll
 .text.uip_ds6_nbr_ipaddr_from_lladdr
                0x00006a10        0x6 contiki-ng-sky.a(uip-ds6-nbr.o)
                0x00006a10                uip_ds6_nbr_ipaddr_from_lladdr
 .text.uip_ds6_nbr_lladdr_from_ipaddr
                0x00006a16       0x12 contiki-ng-sky.a(uip-ds6-nbr.o)
                0x00006a16                uip_ds6_nbr_lladdr_from_ipaddr
 .text.uip_ds6_link_callback
                0x00006a28        0x2 contiki-ng-sky.a(uip-ds6-nbr.o)
                0x00006a28                uip_ds6_link_callback
 .text.ns_input
                0x00006a2a      0x264 contiki-ng-sky.a(uip-nd6.o)
 .text.uip_nd6_init
                0x00006c8e        0xa contiki-ng-sky.a(uip-nd6.o)
                0x00006c8e                uip_nd6_init
 .text.process_thread_simple_udp_process
                0x00006c98       0xac contiki-ng-sky.a(simple-udp.o)
 .text.simple_udp_sendto
                0x00006d44       0x30 contiki-ng-sky.a(simple-udp.o)
                0x00006d44                simple_udp_sendto
 .text.simple_udp_register
                0x00006d74       0x9e contiki-ng-sky.a(simple-udp.o)
                0x00006d74                simple_udp_register
 .text.clear_fragments
                0x00006e12       0x42 contiki-ng-sky.a(sicslowpan.o)
 .text.addr_context_lookup_by_number
                0x00006e54       0x1a contiki-ng-sky.a(sicslowpan.o)
 .text.set_packet_attrs
                0x00006e6e       0x48 contiki-ng-sky.a(sicslowpan.o)
 .text.compress_addr_64
                0x00006eb6       0xae contiki-ng-sky.a(sicslowpan.o)
 .text.addr_context_lookup_by_prefix
                0x00006f64       0x24 contiki-ng-sky.a(sicslowpan.o)
 .text.send_packet
                0x00006f88       0x1a contiki-ng-sky.a(sicslowpan.o)
 .text.packet_sent
                0x00006fa2       0x56 contiki-ng-sky.a(sicslowpan.o)
 .text.store_fragment
                0x00006ff8       0xc8 contiki-ng-sky.a(sicslowpan.o)
 .text.add_fragment
                0x000070c0      0x200 contiki-ng-sky.a(sicslowpan.o)
 .text.uncompress_addr
                0x000072c0       0xb4 contiki-ng-sky.a(sicslowpan.o)
 .text.sicslowpan_init
                0x00007374       0x1c contiki-ng-sky.a(sicslowpan.o)
                0x00007374                sicslowpan_init
 .text.fragment_copy_payload_and_send
                0x00007390       0x64 contiki-ng-sky.a(sicslowpan.o)
 .text.output   0x000073f4      0x816 contiki-ng-sky.a(sicslowpan.o)
 .text.input    0x00007c0a      0x88e contiki-ng-sky.a(sicslowpan.o)
 .text.uiplib_ipaddr_snprint
                0x00008498      0x12a contiki-ng-sky.a(uiplib.o)
                0x00008498                uiplib_ipaddr_snprint
 .text.rpl_has_joined
                0x000085c2       0x16 contiki-ng-sky.a(rpl.o)
                0x000085c2                rpl_has_joined
 .text.rpl_is_reachable
                0x000085d8       0x16 contiki-ng-sky.a(rpl.o)
                0x000085d8                rpl_is_reachable
 .text.neighbor_state_changed
                0x000085ee        0x2 contiki-ng-sky.a(rpl.o)
 .text.drop_route
                0x000085f0        0x2 contiki-ng-sky.a(rpl.o)
 .text.get_sr_node_ipaddr
                0x000085f2       0x34 contiki-ng-sky.a(rpl.o)
 .text.init     0x00008626       0x42 contiki-ng-sky.a(rpl.o)
 .text.set_ip_from_prefix
                0x00008668       0x38 contiki-ng-sky.a(rpl.o)
 .text.rpl_link_callback
                0x000086a0       0x1e contiki-ng-sky.a(rpl.o)
                0x000086a0                rpl_link_callback
 .text.rpl_lollipop_greater_than
                0x000086be       0x44 contiki-ng-sky.a(rpl.o)
                0x000086be                rpl_lollipop_greater_than
 .text.rpl_get_global_address
                0x00008702       0xba contiki-ng-sky.a(rpl.o)
                0x00008702                rpl_get_global_address
 .text.rpl_reset_prefix
                0x000087bc       0x24 contiki-ng-sky.a(rpl.o)
                0x000087bc                rpl_reset_prefix
 .text.rpl_set_prefix_from_addr
                0x000087e0       0x92 contiki-ng-sky.a(rpl.o)
                0x000087e0                rpl_set_prefix_from_addr
 .text.rpl_get_leaf_only
                0x00008872        0x6 contiki-ng-sky.a(rpl.o)
                0x00008872                rpl_get_leaf_only
 .text.get32    0x00008878       0x46 contiki-ng-sky.a(rpl-icmp6.o)
 .text.set32    0x000088be       0x2a contiki-ng-sky.a(rpl-icmp6.o)
 .text.get16    0x000088e8        0xe contiki-ng-sky.a(rpl-icmp6.o)
 .text.set16    0x000088f6       0x10 contiki-ng-sky.a(rpl-icmp6.o)
 .text.dao_ack_input
                0x00008906       0x32 contiki-ng-sky.a(rpl-icmp6.o)
 .text.dao_input
                0x00008938      0x156 contiki-ng-sky.a(rpl-icmp6.o)
 .text.dio_input
                0x00008a8e      0x2a8 contiki-ng-sky.a(rpl-icmp6.o)
 .text.dis_input
                0x00008d36       0x26 contiki-ng-sky.a(rpl-icmp6.o)
 .text.rpl_icmp6_update_nbr_table
                0x00008d5c       0x36 contiki-ng-sky.a(rpl-icmp6.o)
                0x00008d5c                rpl_icmp6_update_nbr_table
 .text.rpl_icmp6_dis_output
                0x00008d92       0x34 contiki-ng-sky.a(rpl-icmp6.o)
                0x00008d92                rpl_icmp6_dis_output
 .text.rpl_icmp6_dio_output
                0x00008dc6      0x22e contiki-ng-sky.a(rpl-icmp6.o)
                0x00008dc6                rpl_icmp6_dio_output
 .text.rpl_icmp6_dao_output
                0x00008ff4       0xe4 contiki-ng-sky.a(rpl-icmp6.o)
                0x00008ff4                rpl_icmp6_dao_output
 .text.rpl_icmp6_dao_ack_output
                0x000090d8       0x44 contiki-ng-sky.a(rpl-icmp6.o)
                0x000090d8                rpl_icmp6_dao_ack_output
 .text.rpl_icmp6_init
                0x0000911c       0x22 contiki-ng-sky.a(rpl-icmp6.o)
                0x0000911c                rpl_icmp6_init
 .text.init_dag
                0x0000913e       0x86 contiki-ng-sky.a(rpl-dag.o)
 .text.init_dag_from_dio
                0x000091c4       0x96 contiki-ng-sky.a(rpl-dag.o)
 .text.rpl_dag_get_root_ipaddr
                0x0000925a       0x22 contiki-ng-sky.a(rpl-dag.o)
                0x0000925a                rpl_dag_get_root_ipaddr
 .text.rpl_dag_leave
                0x0000927c       0x4c contiki-ng-sky.a(rpl-dag.o)
                0x0000927c                rpl_dag_leave
 .text.rpl_dag_poison_and_leave
                0x000092c8        0xc contiki-ng-sky.a(rpl-dag.o)
                0x000092c8                rpl_dag_poison_and_leave
 .text.rpl_dag_periodic
                0x000092d4       0x6a contiki-ng-sky.a(rpl-dag.o)
                0x000092d4                rpl_dag_periodic
 .text.rpl_is_addr_in_our_dag
                0x0000933e       0x34 contiki-ng-sky.a(rpl-dag.o)
                0x0000933e                rpl_is_addr_in_our_dag
 .text.rpl_local_repair
                0x00009372       0x2a contiki-ng-sky.a(rpl-dag.o)
                0x00009372                rpl_local_repair
 .text.rpl_global_repair
                0x0000939c       0x2e contiki-ng-sky.a(rpl-dag.o)
                0x0000939c                rpl_global_repair
 .text.rpl_dag_ready_to_advertise
                0x000093ca       0x26 contiki-ng-sky.a(rpl-dag.o)
                0x000093ca                rpl_dag_ready_to_advertise
 .text.rpl_dag_update_state
                0x000093f0      0x138 contiki-ng-sky.a(rpl-dag.o)
                0x000093f0                rpl_dag_update_state
 .text.rpl_process_dio
                0x00009528      0x1b0 contiki-ng-sky.a(rpl-dag.o)
                0x00009528                rpl_process_dio
 .text.rpl_process_dis
                0x000096d8       0x2a contiki-ng-sky.a(rpl-dag.o)
                0x000096d8                rpl_process_dis
 .text.rpl_process_dao
                0x00009702       0x66 contiki-ng-sky.a(rpl-dag.o)
                0x00009702                rpl_process_dao
 .text.rpl_process_dao_ack
                0x00009768       0x54 contiki-ng-sky.a(rpl-dag.o)
                0x00009768                rpl_process_dao_ack
 .text.rpl_process_hbh
                0x000097bc       0x2e contiki-ng-sky.a(rpl-dag.o)
                0x000097bc                rpl_process_hbh
 .text.rpl_dag_init_root
                0x000097ea       0xbe contiki-ng-sky.a(rpl-dag.o)
                0x000097ea                rpl_dag_init_root
 .text.rpl_dag_init
                0x000098a8       0x10 contiki-ng-sky.a(rpl-dag.o)
                0x000098a8                rpl_dag_init
 .text.rpl_dag_root_set_prefix
                0x000098b8       0x74 contiki-ng-sky.a(rpl-dag-root.o)
                0x000098b8                rpl_dag_root_set_prefix
 .text.rpl_dag_root_start
                0x0000992c       0x8c contiki-ng-sky.a(rpl-dag-root.o)
                0x0000992c                rpl_dag_root_start
 .text.rpl_dag_root_is_root
                0x000099b8       0x18 contiki-ng-sky.a(rpl-dag-root.o)
                0x000099b8                rpl_dag_root_is_root
 .text.init_platform
                0x000099d0        0xc contiki-ng-sky.a(contiki-sky-pla)
                0x000099d0                init_platform
 .text.status   0x000099dc       0x16 contiki-ng-sky.a(button-sensor.o)
 .text.configure
                0x000099f2       0x52 contiki-ng-sky.a(button-sensor.o)
 .text.value    0x00009a44       0x22 contiki-ng-sky.a(button-sensor.o)
 .text.irq_p2   0x00009a66       0x48 contiki-ng-sky.a(button-sensor.o)
                0x00009a66                irq_p2
                0x00009a66                __isr_1
 .text.owreadb  0x00009aae       0x52 contiki-ng-sky.a(ds2411.o)
 .text.ds2411_init
                0x00009b00      0x122 contiki-ng-sky.a(ds2411.o)
                0x00009b00                ds2411_init
 .text.xmem_init
                0x00009c22       0x3e contiki-ng-sky.a(xmem.o)
                0x00009c22                xmem_init
 .text.process_thread_sensors_process
                0x00009c60       0xbe contiki-ng-sky.a(sensors.o)
 .text.sensors_changed
                0x00009d1e       0x2a contiki-ng-sky.a(sensors.o)
                0x00009d1e                sensors_changed
 .text.get_object
                0x00009d48        0x4 contiki-ng-sky.a(cc2420.o)
 .text.set_object
                0x00009d4c        0x4 contiki-ng-sky.a(cc2420.o)
 .text.strobe   0x00009d50       0x20 contiki-ng-sky.a(cc2420.o)
 .text.getreg   0x00009d70       0x54 contiki-ng-sky.a(cc2420.o)
 .text.setreg   0x00009dc4       0x52 contiki-ng-sky.a(cc2420.o)
 .text.write_ram
                0x00009e16       0x80 contiki-ng-sky.a(cc2420.o)
 .text.write_fifo_buf
                0x00009e96       0x40 contiki-ng-sky.a(cc2420.o)
 .text.get_status
                0x00009ed6       0x24 contiki-ng-sky.a(cc2420.o)
 .text.on       0x00009efa       0x1a contiki-ng-sky.a(cc2420.o)
 .text.cc2420_receiving_packet
                0x00009f14        0xe contiki-ng-sky.a(cc2420.o)
 .text.pending_packet
                0x00009f22        0x8 contiki-ng-sky.a(cc2420.o)
 .text.wait_for_transmission
                0x00009f2a       0x22 contiki-ng-sky.a(cc2420.o)
 .text.wait_for_status
                0x00009f4c       0x2a contiki-ng-sky.a(cc2420.o)
 .text.getrxdata
                0x00009f76       0x56 contiki-ng-sky.a(cc2420.o)
 .text.flushrx  0x00009fcc       0x1a contiki-ng-sky.a(cc2420.o)
 .text.off      0x00009fe6       0x2c contiki-ng-sky.a(cc2420.o)
 .text.RELEASE_LOCK
                0x0000a012       0x28 contiki-ng-sky.a(cc2420.o)
 .text.set_key  0x0000a03a       0x18 contiki-ng-sky.a(cc2420.o)
 .text.set_frame_filtering
                0x0000a052       0x30 contiki-ng-sky.a(cc2420.o)
 .text.set_auto_ack
                0x0000a082       0x30 contiki-ng-sky.a(cc2420.o)
 .text.set_poll_mode
                0x0000a0b2       0x36 contiki-ng-sky.a(cc2420.o)
 .text.cc2420_prepare
                0x0000a0e8       0x3c contiki-ng-sky.a(cc2420.o)
 .text.cc2420_on
                0x0000a124       0x22 contiki-ng-sky.a(cc2420.o)
                0x0000a124                cc2420_on
 .text.cc2420_transmit
                0x0000a146       0x62 contiki-ng-sky.a(cc2420.o)
 .text.cc2420_send
                0x0000a1a8       0x12 contiki-ng-sky.a(cc2420.o)
 .text.cc2420_off
                0x0000a1ba       0x30 contiki-ng-sky.a(cc2420.o)
                0x0000a1ba                cc2420_off
 .text.cc2420_cca
                0x0000a1ea       0x5e contiki-ng-sky.a(cc2420.o)
 .text.cc2420_read
                0x0000a248       0xc2 contiki-ng-sky.a(cc2420.o)
 .text.process_thread_cc2420_process
                0x0000a30a       0x5e contiki-ng-sky.a(cc2420.o)
 .text.encrypt  0x0000a368       0x8e contiki-ng-sky.a(cc2420.o)
 .text.cc2420_set_channel
                0x0000a3f6       0x3c contiki-ng-sky.a(cc2420.o)
                0x0000a3f6                cc2420_set_channel
 .text.cc2420_set_pan_addr
                0x0000a432       0x4c contiki-ng-sky.a(cc2420.o)
                0x0000a432                cc2420_set_pan_addr
 .text.cc2420_interrupt
                0x0000a47e       0x18 contiki-ng-sky.a(cc2420.o)
                0x0000a47e                cc2420_interrupt
 .text.cc2420_set_txpower
                0x0000a496       0x2e contiki-ng-sky.a(cc2420.o)
                0x0000a496                cc2420_set_txpower
 .text.cc2420_get_txpower
                0x0000a4c4       0x1e contiki-ng-sky.a(cc2420.o)
                0x0000a4c4                cc2420_get_txpower
 .text.cc2420_rssi
                0x0000a4e2       0x4c contiki-ng-sky.a(cc2420.o)
                0x0000a4e2                cc2420_rssi
 .text.get_value
                0x0000a52e      0x108 contiki-ng-sky.a(cc2420.o)
 .text.cc2420_set_cca_threshold
                0x0000a636       0x16 contiki-ng-sky.a(cc2420.o)
                0x0000a636                cc2420_set_cca_threshold
 .text.set_value
                0x0000a64c       0xba contiki-ng-sky.a(cc2420.o)
 .text.cc2420_init
                0x0000a706       0xf0 contiki-ng-sky.a(cc2420.o)
                0x0000a706                cc2420_init
 .text.cc2420_port1_interrupt
                0x0000a7f6       0x20 contiki-ng-sky.a(cc2420-arch.o)
                0x0000a7f6                __isr_4
                0x0000a7f6                cc2420_port1_interrupt
 .text.cc2420_arch_init
                0x0000a816       0x1a contiki-ng-sky.a(cc2420-arch.o)
                0x0000a816                cc2420_arch_init
 .text.uart1_active
                0x0000a830       0x1a contiki-ng-sky.a(uart1.o)
                0x0000a830                uart1_active
 .text.uart1_writeb
                0x0000a84a       0x1a contiki-ng-sky.a(uart1.o)
                0x0000a84a                uart1_writeb
 .text.uart1_init
                0x0000a864       0xf6 contiki-ng-sky.a(uart1.o)
                0x0000a864                uart1_init
 .text.timera0  0x0000a95a       0x2e contiki-ng-sky.a(rtimer-arch.o)
                0x0000a95a                __isr_6
                0x0000a95a                timera0
 .text.rtimer_arch_init
                0x0000a988        0xe contiki-ng-sky.a(rtimer-arch.o)
                0x0000a988                rtimer_arch_init
 .text.rtimer_arch_now
                0x0000a996        0xe contiki-ng-sky.a(rtimer-arch.o)
                0x0000a996                rtimer_arch_now
 .text.rtimer_arch_schedule
                0x0000a9a4        0x6 contiki-ng-sky.a(rtimer-arch.o)
                0x0000a9a4                rtimer_arch_schedule
 .text.stimer_set
                0x0000a9aa       0x1c contiki-ng-sky.a(stimer.o)
                0x0000a9aa                stimer_set
 .text.stimer_expired
                0x0000a9c6       0x30 contiki-ng-sky.a(stimer.o)
                0x0000a9c6                stimer_expired
 .text.memb_init
                0x0000a9f6       0x36 contiki-ng-sky.a(memb.o)
                0x0000a9f6                memb_init
 .text.memb_alloc
                0x0000aa2c       0x3e contiki-ng-sky.a(memb.o)
                0x0000aa2c                memb_alloc
 .text.memb_free
                0x0000aa6a       0x3a contiki-ng-sky.a(memb.o)
                0x0000aa6a                memb_free
 .text.memb_inmemb
                0x0000aaa4       0x2e contiki-ng-sky.a(memb.o)
                0x0000aaa4                memb_inmemb
 .text.memb_numfree
                0x0000aad2       0x26 contiki-ng-sky.a(memb.o)
                0x0000aad2                memb_numfree
 .text.queuebuf_init
                0x0000aaf8       0x12 contiki-ng-sky.a(queuebuf.o)
                0x0000aaf8                queuebuf_init
 .text.queuebuf_numfree
                0x0000ab0a        0xa contiki-ng-sky.a(queuebuf.o)
                0x0000ab0a                queuebuf_numfree
 .text.queuebuf_new_from_packetbuf
                0x0000ab14       0x52 contiki-ng-sky.a(queuebuf.o)
                0x0000ab14                queuebuf_new_from_packetbuf
 .text.queuebuf_update_attr_from_packetbuf
                0x0000ab66       0x12 contiki-ng-sky.a(queuebuf.o)
                0x0000ab66                queuebuf_update_attr_from_packetbuf
 .text.queuebuf_free
                0x0000ab78       0x2a contiki-ng-sky.a(queuebuf.o)
                0x0000ab78                queuebuf_free
 .text.queuebuf_to_packetbuf
                0x0000aba2       0x32 contiki-ng-sky.a(queuebuf.o)
                0x0000aba2                queuebuf_to_packetbuf
 .text.queuebuf_attr
                0x0000abd4        0xe contiki-ng-sky.a(queuebuf.o)
                0x0000abd4                queuebuf_attr
 .text.index_from_key
                0x0000abe2       0x48 contiki-ng-sky.a(nbr-table.o)
 .text.item_from_key
                0x0000ac2a       0x34 contiki-ng-sky.a(nbr-table.o)
 .text.nbr_set_bit
                0x0000ac5e       0x8e contiki-ng-sky.a(nbr-table.o)
 .text.index_from_lladdr
                0x0000acec       0x42 contiki-ng-sky.a(nbr-table.o)
 .text.nbr_get_bit.constprop.0
                0x0000ad2e       0x62 contiki-ng-sky.a(nbr-table.o)
 .text.nbr_table_is_registered
                0x0000ad90       0x26 contiki-ng-sky.a(nbr-table.o)
                0x0000ad90                nbr_table_is_registered
 .text.nbr_table_register
                0x0000adb6       0x42 contiki-ng-sky.a(nbr-table.o)
                0x0000adb6                nbr_table_register
 .text.nbr_table_next
                0x0000adf8       0x90 contiki-ng-sky.a(nbr-table.o)
                0x0000adf8                nbr_table_next
 .text.nbr_table_head
                0x0000ae88       0x36 contiki-ng-sky.a(nbr-table.o)
                0x0000ae88                nbr_table_head
 .text.nbr_table_add_lladdr
                0x0000aebe      0x180 contiki-ng-sky.a(nbr-table.o)
                0x0000aebe                nbr_table_add_lladdr
 .text.nbr_table_get_from_lladdr
                0x0000b03e       0x48 contiki-ng-sky.a(nbr-table.o)
                0x0000b03e                nbr_table_get_from_lladdr
 .text.nbr_table_remove
                0x0000b086       0x32 contiki-ng-sky.a(nbr-table.o)
                0x0000b086                nbr_table_remove
 .text.nbr_table_lock
                0x0000b0b8       0x10 contiki-ng-sky.a(nbr-table.o)
                0x0000b0b8                nbr_table_lock
 .text.nbr_table_unlock
                0x0000b0c8       0x10 contiki-ng-sky.a(nbr-table.o)
                0x0000b0c8                nbr_table_unlock
 .text.nbr_table_get_lladdr
                0x0000b0d8       0x5a contiki-ng-sky.a(nbr-table.o)
                0x0000b0d8                nbr_table_get_lladdr
 .text.packetbuf_hdrreduce
                0x0000b132       0x1a contiki-ng-sky.a(packetbuf.o)
                0x0000b132                packetbuf_hdrreduce
 .text.packetbuf_set_datalen
                0x0000b14c        0x6 contiki-ng-sky.a(packetbuf.o)
                0x0000b14c                packetbuf_set_datalen
 .text.packetbuf_hdrptr
                0x0000b152        0x6 contiki-ng-sky.a(packetbuf.o)
                0x0000b152                packetbuf_hdrptr
 .text.packetbuf_datalen
                0x0000b158        0x6 contiki-ng-sky.a(packetbuf.o)
                0x0000b158                packetbuf_datalen
 .text.packetbuf_hdrlen
                0x0000b15e        0xa contiki-ng-sky.a(packetbuf.o)
                0x0000b15e                packetbuf_hdrlen
 .text.packetbuf_dataptr
                0x0000b168        0xc contiki-ng-sky.a(packetbuf.o)
                0x0000b168                packetbuf_dataptr
 .text.packetbuf_copyto
                0x0000b174       0x46 contiki-ng-sky.a(packetbuf.o)
                0x0000b174                packetbuf_copyto
 .text.packetbuf_totlen
                0x0000b1ba        0xc contiki-ng-sky.a(packetbuf.o)
                0x0000b1ba                packetbuf_totlen
 .text.packetbuf_hdralloc
                0x0000b1c6       0x3a contiki-ng-sky.a(packetbuf.o)
                0x0000b1c6                packetbuf_hdralloc
 .text.packetbuf_attr_clear
                0x0000b200       0x28 contiki-ng-sky.a(packetbuf.o)
                0x0000b200                packetbuf_attr_clear
 .text.packetbuf_clear
                0x0000b228       0x12 contiki-ng-sky.a(packetbuf.o)
                0x0000b228                packetbuf_clear
 .text.packetbuf_copyfrom
                0x0000b23a       0x2e contiki-ng-sky.a(packetbuf.o)
                0x0000b23a                packetbuf_copyfrom
 .text.packetbuf_attr_copyto
                0x0000b268       0x22 contiki-ng-sky.a(packetbuf.o)
                0x0000b268                packetbuf_attr_copyto
 .text.packetbuf_attr_copyfrom
                0x0000b28a       0x24 contiki-ng-sky.a(packetbuf.o)
                0x0000b28a                packetbuf_attr_copyfrom
 .text.packetbuf_set_attr
                0x0000b2ae        0xc contiki-ng-sky.a(packetbuf.o)
                0x0000b2ae                packetbuf_set_attr
 .text.packetbuf_attr
                0x0000b2ba        0xa contiki-ng-sky.a(packetbuf.o)
                0x0000b2ba                packetbuf_attr
 .text.packetbuf_set_addr
                0x0000b2c4       0x18 contiki-ng-sky.a(packetbuf.o)
                0x0000b2c4                packetbuf_set_addr
 .text.packetbuf_addr
                0x0000b2dc       0x12 contiki-ng-sky.a(packetbuf.o)
                0x0000b2dc                packetbuf_addr
 .text.packetbuf_holds_broadcast
                0x0000b2ee        0xe contiki-ng-sky.a(packetbuf.o)
                0x0000b2ee                packetbuf_holds_broadcast
 .text.periodic
                0x0000b2fc       0x28 contiki-ng-sky.a(link-stats.o)
 .text.link_stats_from_lladdr
                0x0000b324        0xc contiki-ng-sky.a(link-stats.o)
                0x0000b324                link_stats_from_lladdr
 .text.link_stats_is_fresh
                0x0000b330       0x2e contiki-ng-sky.a(link-stats.o)
                0x0000b330                link_stats_is_fresh
 .text.guess_etx_from_rssi
                0x0000b35e       0x42 contiki-ng-sky.a(link-stats.o)
                0x0000b35e                guess_etx_from_rssi
 .text.link_stats_packet_sent
                0x0000b3a0       0xde contiki-ng-sky.a(link-stats.o)
                0x0000b3a0                link_stats_packet_sent
 .text.link_stats_input_callback
                0x0000b47e       0xb6 contiki-ng-sky.a(link-stats.o)
                0x0000b47e                link_stats_input_callback
 .text.link_stats_reset
                0x0000b534       0x2a contiki-ng-sky.a(link-stats.o)
                0x0000b534                link_stats_reset
 .text.link_stats_init
                0x0000b55e       0x22 contiki-ng-sky.a(link-stats.o)
                0x0000b55e                link_stats_init
 .text.mac_sequence_is_duplicate
                0x0000b580       0x78 contiki-ng-sky.a(mac-sequence.o)
                0x0000b580                mac_sequence_is_duplicate
 .text.mac_sequence_register_seqno
                0x0000b5f8       0x98 contiki-ng-sky.a(mac-sequence.o)
                0x0000b5f8                mac_sequence_register_seqno
 .text.mac_call_sent_callback
                0x0000b690       0x14 contiki-ng-sky.a(mac.o)
                0x0000b690                mac_call_sent_callback
 .text.parse    0x0000b6a4       0x96 contiki-ng-sky.a(framer-802154.o)
 .text.framer_802154_setup_params
                0x0000b73a       0xb8 contiki-ng-sky.a(framer-802154.o)
                0x0000b73a                framer_802154_setup_params
 .text.create_frame
                0x0000b7f2       0xde contiki-ng-sky.a(framer-802154.o)
 .text.create   0x0000b8d0        0x8 contiki-ng-sky.a(framer-802154.o)
 .text.hdr_length
                0x0000b8d8        0x8 contiki-ng-sky.a(framer-802154.o)
 .text.frame802154_get_pan_id
                0x0000b8e0        0x6 contiki-ng-sky.a(frame802154.o)
                0x0000b8e0                frame802154_get_pan_id
 .text.frame802154_has_panid
                0x0000b8e6       0xdc contiki-ng-sky.a(frame802154.o)
                0x0000b8e6                frame802154_has_panid
 .text.field_len
                0x0000b9c2       0xb2 contiki-ng-sky.a(frame802154.o)
 .text.frame802154_is_broadcast_addr
                0x0000ba74       0x24 contiki-ng-sky.a(frame802154.o)
                0x0000ba74                frame802154_is_broadcast_addr
 .text.frame802154_hdrlen
                0x0000ba98       0x32 contiki-ng-sky.a(frame802154.o)
                0x0000ba98                frame802154_hdrlen
 .text.frame802154_create_fcf
                0x0000baca       0x96 contiki-ng-sky.a(frame802154.o)
                0x0000baca                frame802154_create_fcf
 .text.frame802154_create
                0x0000bb60       0xe4 contiki-ng-sky.a(frame802154.o)
                0x0000bb60                frame802154_create
 .text.frame802154_parse_fcf
                0x0000bc44       0xbe contiki-ng-sky.a(frame802154.o)
                0x0000bc44                frame802154_parse_fcf
 .text.frame802154_parse
                0x0000bd02      0x18c contiki-ng-sky.a(frame802154.o)
                0x0000bd02                frame802154_parse
 .text.uipbuf_get_attr
                0x0000be8e       0x14 contiki-ng-sky.a(uipbuf.o)
                0x0000be8e                uipbuf_get_attr
 .text.uipbuf_clear_attr
                0x0000bea2       0x10 contiki-ng-sky.a(uipbuf.o)
                0x0000bea2                uipbuf_clear_attr
 .text.echo_reply_input
                0x0000beb2       0xb6 contiki-ng-sky.a(uip-icmp6.o)
 .text.echo_request_input
                0x0000bf68       0xca contiki-ng-sky.a(uip-icmp6.o)
 .text.uip_icmp6_input
                0x0000c032       0x44 contiki-ng-sky.a(uip-icmp6.o)
                0x0000c032                uip_icmp6_input
 .text.uip_icmp6_register_input_handler
                0x0000c076        0xc contiki-ng-sky.a(uip-icmp6.o)
                0x0000c076                uip_icmp6_register_input_handler
 .text.uip_icmp6_error_output
                0x0000c082      0x180 contiki-ng-sky.a(uip-icmp6.o)
                0x0000c082                uip_icmp6_error_output
 .text.uip_icmp6_send
                0x0000c202       0x96 contiki-ng-sky.a(uip-icmp6.o)
                0x0000c202                uip_icmp6_send
 .text.uip_icmp6_init
                0x0000c298       0x12 contiki-ng-sky.a(uip-icmp6.o)
                0x0000c298                uip_icmp6_init
 .text.uip_sr_get_node
                0x0000c2aa       0x54 contiki-ng-sky.a(uip-sr.o)
                0x0000c2aa                uip_sr_get_node
 .text.uip_sr_is_addr_reachable
                0x0000c2fe       0x4e contiki-ng-sky.a(uip-sr.o)
                0x0000c2fe                uip_sr_is_addr_reachable
 .text.uip_sr_expire_parent
                0x0000c34c       0x56 contiki-ng-sky.a(uip-sr.o)
                0x0000c34c                uip_sr_expire_parent
 .text.uip_sr_update_node
                0x0000c3a2       0xbc contiki-ng-sky.a(uip-sr.o)
                0x0000c3a2                uip_sr_update_node
 .text.uip_sr_init
                0x0000c45e       0x16 contiki-ng-sky.a(uip-sr.o)
                0x0000c45e                uip_sr_init
 .text.uip_sr_periodic
                0x0000c474       0x9a contiki-ng-sky.a(uip-sr.o)
                0x0000c474                uip_sr_periodic
 .text.uip_sr_free_all
                0x0000c50e       0x3c contiki-ng-sky.a(uip-sr.o)
                0x0000c50e                uip_sr_free_all
 .text.uip_udp_packet_send
                0x0000c54a       0x2a contiki-ng-sky.a(uip-udp-packet.)
                0x0000c54a                uip_udp_packet_send
 .text.uip_udp_packet_sendto
                0x0000c574       0x66 contiki-ng-sky.a(uip-udp-packet.)
                0x0000c574                uip_udp_packet_sendto
 .text.update_state
                0x0000c5da       0x84 contiki-ng-sky.a(rpl-nbr-policy.)
 .text.rpl_nbr_policy_find_removable
                0x0000c65e       0x50 contiki-ng-sky.a(rpl-nbr-policy.)
                0x0000c65e                rpl_nbr_policy_find_removable
 .text.acceptable_rank
                0x0000c6ae       0x3c contiki-ng-sky.a(rpl-neighbor.o)
 .text.remove_neighbor
                0x0000c6ea       0x24 contiki-ng-sky.a(rpl-neighbor.o)
 .text.rpl_neighbor_get_from_lladdr
                0x0000c70e        0xc contiki-ng-sky.a(rpl-neighbor.o)
                0x0000c70e                rpl_neighbor_get_from_lladdr
 .text.rpl_neighbor_rank_via_nbr
                0x0000c71a       0x1c contiki-ng-sky.a(rpl-neighbor.o)
                0x0000c71a                rpl_neighbor_rank_via_nbr
 .text.rpl_neighbor_get_lladdr
                0x0000c736        0xc contiki-ng-sky.a(rpl-neighbor.o)
                0x0000c736                rpl_neighbor_get_lladdr
 .text.rpl_neighbor_get_ipaddr
                0x0000c742        0xa contiki-ng-sky.a(rpl-neighbor.o)
                0x0000c742                rpl_neighbor_get_ipaddr
 .text.rpl_neighbor_get_link_stats
                0x0000c74c        0xa contiki-ng-sky.a(rpl-neighbor.o)
                0x0000c74c                rpl_neighbor_get_link_stats
 .text.rpl_neighbor_is_fresh
                0x0000c756        0xa contiki-ng-sky.a(rpl-neighbor.o)
                0x0000c756                rpl_neighbor_is_fresh
 .text.best_parent
                0x0000c760       0x70 contiki-ng-sky.a(rpl-neighbor.o)
 .text.rpl_neighbor_is_parent
                0x0000c7d0       0x18 contiki-ng-sky.a(rpl-neighbor.o)
                0x0000c7d0                rpl_neighbor_is_parent
 .text.rpl_neighbor_set_preferred_parent
                0x0000c7e8       0x44 contiki-ng-sky.a(rpl-neighbor.o)
                0x0000c7e8                rpl_neighbor_set_preferred_parent
 .text.rpl_neighbor_remove_all
                0x0000c82c       0x2a contiki-ng-sky.a(rpl-neighbor.o)
                0x0000c82c                rpl_neighbor_remove_all
 .text.rpl_neighbor_get_from_ipaddr
                0x0000c856       0x14 contiki-ng-sky.a(rpl-neighbor.o)
                0x0000c856                rpl_neighbor_get_from_ipaddr
 .text.rpl_neighbor_select_best
                0x0000c86a       0x52 contiki-ng-sky.a(rpl-neighbor.o)
                0x0000c86a                rpl_neighbor_select_best
 .text.rpl_neighbor_init
                0x0000c8bc        0xe contiki-ng-sky.a(rpl-neighbor.o)
                0x0000c8bc                rpl_neighbor_init
 .text.handle_state_update
                0x0000c8ca        0x6 contiki-ng-sky.a(rpl-timers.o)
 .text.handle_leaving_timer
                0x0000c8d0        0xc contiki-ng-sky.a(rpl-timers.o)
 .text.new_dio_interval
                0x0000c8dc       0x8a contiki-ng-sky.a(rpl-timers.o)
 .text.handle_unicast_dio_timer
                0x0000c966       0x12 contiki-ng-sky.a(rpl-timers.o)
 .text.handle_dao_ack_timer
                0x0000c978       0x12 contiki-ng-sky.a(rpl-timers.o)
 .text.handle_dao_timer
                0x0000c98a       0xf6 contiki-ng-sky.a(rpl-timers.o)
 .text.handle_dio_timer
                0x0000ca80       0x6e contiki-ng-sky.a(rpl-timers.o)
 .text.rpl_timers_schedule_periodic_dis
                0x0000caee       0x40 contiki-ng-sky.a(rpl-timers.o)
                0x0000caee                rpl_timers_schedule_periodic_dis
 .text.handle_periodic_timer
                0x0000cb2e       0x3a contiki-ng-sky.a(rpl-timers.o)
 .text.handle_dis_timer
                0x0000cb68       0x26 contiki-ng-sky.a(rpl-timers.o)
 .text.rpl_timers_dio_reset
                0x0000cb8e       0x20 contiki-ng-sky.a(rpl-timers.o)
                0x0000cb8e                rpl_timers_dio_reset
 .text.rpl_timers_schedule_unicast_dio
                0x0000cbae       0x20 contiki-ng-sky.a(rpl-timers.o)
                0x0000cbae                rpl_timers_schedule_unicast_dio
 .text.rpl_timers_schedule_dao
                0x0000cbce       0x4c contiki-ng-sky.a(rpl-timers.o)
                0x0000cbce                rpl_timers_schedule_dao
 .text.rpl_timers_schedule_dao_ack
                0x0000cc1a       0x34 contiki-ng-sky.a(rpl-timers.o)
                0x0000cc1a                rpl_timers_schedule_dao_ack
 .text.get_probing_delay
                0x0000cc4e       0x1c contiki-ng-sky.a(rpl-timers.o)
                0x0000cc4e                get_probing_delay
 .text.get_probing_target
                0x0000cc6a       0xec contiki-ng-sky.a(rpl-timers.o)
                0x0000cc6a                get_probing_target
 .text.rpl_schedule_probing
                0x0000cd56       0x20 contiki-ng-sky.a(rpl-timers.o)
                0x0000cd56                rpl_schedule_probing
 .text.handle_probing_timer
                0x0000cd76       0x2a contiki-ng-sky.a(rpl-timers.o)
 .text.rpl_schedule_probing_now
                0x0000cda0       0x32 contiki-ng-sky.a(rpl-timers.o)
                0x0000cda0                rpl_schedule_probing_now
 .text.rpl_timers_unschedule_leaving
                0x0000cdd2       0x1c contiki-ng-sky.a(rpl-timers.o)
                0x0000cdd2                rpl_timers_unschedule_leaving
 .text.rpl_timers_schedule_leaving
                0x0000cdee       0x2a contiki-ng-sky.a(rpl-timers.o)
                0x0000cdee                rpl_timers_schedule_leaving
 .text.rpl_timers_init
                0x0000ce18       0x1c contiki-ng-sky.a(rpl-timers.o)
                0x0000ce18                rpl_timers_init
 .text.rpl_timers_stop_dag_timers
                0x0000ce34       0x4c contiki-ng-sky.a(rpl-timers.o)
                0x0000ce34                rpl_timers_stop_dag_timers
 .text.rpl_timers_unschedule_state_update
                0x0000ce80       0x10 contiki-ng-sky.a(rpl-timers.o)
                0x0000ce80                rpl_timers_unschedule_state_update
 .text.rpl_timers_schedule_state_update
                0x0000ce90       0x1c contiki-ng-sky.a(rpl-timers.o)
                0x0000ce90                rpl_timers_schedule_state_update
 .text.update_hbh_header
                0x0000ceac       0x5e contiki-ng-sky.a(rpl-ext-header.)
 .text.rpl_ext_header_srh_get_next_hop
                0x0000cf0a       0xd0 contiki-ng-sky.a(rpl-ext-header.)
                0x0000cf0a                rpl_ext_header_srh_get_next_hop
 .text.rpl_ext_header_srh_update
                0x0000cfda      0x152 contiki-ng-sky.a(rpl-ext-header.)
                0x0000cfda                rpl_ext_header_srh_update
 .text.rpl_ext_header_hbh_update
                0x0000d12c       0xbc contiki-ng-sky.a(rpl-ext-header.)
                0x0000d12c                rpl_ext_header_hbh_update
 .text.rpl_ext_header_remove
                0x0000d1e8       0xba contiki-ng-sky.a(rpl-ext-header.)
                0x0000d1e8                rpl_ext_header_remove
 .text.rpl_ext_header_update
                0x0000d2a2      0x328 contiki-ng-sky.a(rpl-ext-header.)
                0x0000d2a2                rpl_ext_header_update
 .text.reset    0x0000d5ca        0x2 contiki-ng-sky.a(rpl-mrhof.o)
 .text.update_metric_container
                0x0000d5cc        0x6 contiki-ng-sky.a(rpl-mrhof.o)
 .text.nbr_link_metric
                0x0000d5d2       0x12 contiki-ng-sky.a(rpl-mrhof.o)
 .text.nbr_has_usable_link
                0x0000d5e4       0x14 contiki-ng-sky.a(rpl-mrhof.o)
 .text.nbr_path_cost
                0x0000d5f8       0x38 contiki-ng-sky.a(rpl-mrhof.o)
 .text.within_hysteresis
                0x0000d630       0x5a contiki-ng-sky.a(rpl-mrhof.o)
 .text.nbr_is_acceptable_parent
                0x0000d68a       0x2c contiki-ng-sky.a(rpl-mrhof.o)
 .text.rank_via_nbr
                0x0000d6b6       0x48 contiki-ng-sky.a(rpl-mrhof.o)
 .text.best_parent
                0x0000d6fe       0x7e contiki-ng-sky.a(rpl-mrhof.o)
 .text.spi_init
                0x0000d77c       0x32 contiki-ng-sky.a(spi-legacy.o)
                0x0000d77c                spi_init
 .text.libgcc   0x0000d7ae       0x2c /usr/lib/gcc/msp430/4.6.3/mmpy-16/libgcc.a(_mulsi3.o)
                0x0000d7ae                __mulsi3
 .text.libgcc   0x0000d7da       0x22 /usr/lib/gcc/msp430/4.6.3/mmpy-16/libgcc.a(_udivmod16.o)
                0x0000d7da                __udivhi3
                0x0000d7da                __ext_udivmod16
                0x0000d7f4                __umodhi3
 .text.libgcc   0x0000d7fc       0x3a /usr/lib/gcc/msp430/4.6.3/mmpy-16/libgcc.a(_divmod16.o)
                0x0000d7fc                __ext_divmod16
                0x0000d7fc                __divhi3
                0x0000d82e                __modhi3
 .text.libgcc   0x0000d836       0x40 /usr/lib/gcc/msp430/4.6.3/mmpy-16/libgcc.a(_udivmod32.o)
                0x0000d836                __udivsi3
                0x0000d836                __ext_udivmod32
                0x0000d86c                __umodsi3
 .text.libgcc   0x0000d876       0x4c /usr/lib/gcc/msp430/4.6.3/mmpy-16/libgcc.a(_divmod32.o)
                0x0000d876                __ext_divmod32
                0x0000d876                __divsi3
                0x0000d8b8                __modsi3
 .text          0x0000d8c2       0x20 /usr/lib/gcc/msp430/4.6.3/../../../../msp430/lib/mmpy-16/libc.a(memcmp.o)
                0x0000d8c2                memcmp
 .text          0x0000d8e2       0xfa /usr/lib/gcc/msp430/4.6.3/../../../../msp430/lib/mmpy-16/libc.a(memcpy.o)
                0x0000d8e2                memcpy
 .text          0x0000d9dc       0xfa /usr/lib/gcc/msp430/4.6.3/../../../../msp430/lib/mmpy-16/libc.a(memmove.o)
                0x0000d9dc                memmove
 .text          0x0000dad6       0x6a /usr/lib/gcc/msp430/4.6.3/../../../../msp430/lib/mmpy-16/libc.a(memset.o)
                0x0000dad6                memset
 .text          0x0000db40       0x1e /usr/lib/gcc/msp430/4.6.3/../../../../msp430/lib/mmpy-16/libc.a(printf.o)
                0x0000db40                printf
                0x0000db50                vprintf
 .text          0x0000db5e       0xbc /usr/lib/gcc/msp430/4.6.3/../../../../msp430/lib/mmpy-16/libc.a(sprintf.o)
                0x0000dbbc                sprintf
                0x0000dbd8                snprintf
                0x0000dbf2                vsprintf
                0x0000dc08                vsnprintf
 .text          0x0000dc1a      0x836 /usr/lib/gcc/msp430/4.6.3/../../../../msp430/lib/mmpy-16/libc.a(vuprintf.o)
                0x0000ddb2                vuprintf
 .text          0x0000e450       0x2c /usr/lib/gcc/msp430/4.6.3/../../../../msp430/lib/mmpy-16/libc.a(puts.o)
                0x0000e450                puts
 .text          0x0000e47c       0x54 /usr/lib/gcc/msp430/4.6.3/../../../../msp430/lib/mmpy-16/libc.a(rand.o)
                0x0000e47c                rand_r
                0x0000e4a0                rand
                0x0000e4c6                srand
 .text.libgcc   0x0000e4d0       0xf0 /usr/lib/gcc/msp430/4.6.3/mmpy-16/libgcc.a(_udivmod64.o)
                0x0000e4d0                __xabi_udivmod64
                0x0000e52e                __udivdi3
                0x0000e554                __umoddi3
                0x0000e582                __udivmoddi4
 .text.crt0     0x0000e5c0        0x2 /usr/lib/gcc/msp430/4.6.3/mmpy-16/libcrt0.a(_unexpected_.o)
                0x0000e5c0                _unexpected_
                0x0000e5c2                . = ALIGN (0x2)

.rodata         0x0000e5c2      0x4aa
                0x0000e5c2                . = ALIGN (0x2)
 *(.rodata .rodata.* .gnu.linkonce.r.*)
 .rodata        0x0000e5c2       0x7c udp-client.o
                0x0000e62e                autostart_processes
 .rodata        0x0000e63e       0xec obj_sky/contiki-main.o
 .rodata        0x0000e72a       0x31 contiki-ng-sky.a(platform.o)
 .rodata        0x0000e75b        0xf contiki-ng-sky.a(ctimer.o)
 .rodata        0x0000e76a        0xc contiki-ng-sky.a(etimer.o)
 .rodata        0x0000e776       0xb2 contiki-ng-sky.a(log.o)
 .rodata        0x0000e828        0x8 contiki-ng-sky.a(linkaddr.o)
                0x0000e828                linkaddr_null
 .rodata        0x0000e830       0x12 contiki-ng-sky.a(csma.o)
                0x0000e836                csma_driver
 .rodata        0x0000e842        0xd contiki-ng-sky.a(tcpip.o)
 .rodata        0x0000e84f       0x13 contiki-ng-sky.a(simple-udp.o)
 .rodata        0x0000e862       0x26 contiki-ng-sky.a(sicslowpan.o)
                0x0000e86e                sicslowpan_driver
                0x0000e876                llprefix
                0x0000e878                unc_mxconf
                0x0000e87c                unc_ctxconf
                0x0000e880                unc_llconf
 .rodata        0x0000e888       0x2d contiki-ng-sky.a(uiplib.o)
 *fill*         0x0000e8b5        0x1 00
 .rodata        0x0000e8b6       0x32 contiki-ng-sky.a(rpl.o)
                0x0000e8c0                rpl_lite_driver
 .rodata        0x0000e8e8       0xe0 contiki-ng-sky.a(rpl-dag.o)
 .rodata        0x0000e9c8       0x10 contiki-ng-sky.a(button-sensor.o)
                0x0000e9d0                button_sensor
 .rodata        0x0000e9d8        0x8 contiki-ng-sky.a(sensors.o)
 .rodata        0x0000e9e0       0x70 contiki-ng-sky.a(cc2420.o)
                0x0000ea12                cc2420_aes_128_driver
                0x0000ea16                cc2420_driver
 .rodata        0x0000ea50        0x6 contiki-ng-sky.a(framer-802154.o)
                0x0000ea50                framer_802154
 .rodata        0x0000ea56        0x2 contiki-ng-sky.a(frame802154.o)
 .rodata        0x0000ea58        0xc contiki-ng-sky.a(rpl-timers.o)
 .rodata        0x0000ea64        0x7 /usr/lib/gcc/msp430/4.6.3/../../../../msp430/lib/mmpy-16/libc.a(vuprintf.o)
                0x0000ea6c                . = ALIGN (0x2)
 *fill*         0x0000ea6b        0x1 00
                0x0000ea6c                _etext = .

.data           0x00001100      0x136 load address 0x0000ea6c
                0x00001100                . = ALIGN (0x2)
                0x00001100                PROVIDE (__data_start, .)
 *(.data .data.* .gnu.linkonce.d.*)
 .data          0x00001100        0xa udp-client.o
                0x00001100                udp_client_process
 .data          0x0000110a        0x2 contiki-ng-sky.a(msp430.o)
 .data          0x0000110c        0xa contiki-ng-sky.a(ctimer.o)
                0x0000110c                ctimer_process
 .data          0x00001116        0xa contiki-ng-sky.a(etimer.o)
                0x00001116                etimer_process
 .data          0x00001120       0x4a contiki-ng-sky.a(log.o)
                0x00001120                all_modules
                0x00001168                curr_log_level_main
 .data          0x0000116a       0x18 contiki-ng-sky.a(csma-output.o)
 .data          0x00001182        0xa contiki-ng-sky.a(tcpip.o)
                0x00001182                tcpip_process
 .data          0x0000118c        0x8 contiki-ng-sky.a(uip-ds6-route.o)
 .data          0x00001194        0xa contiki-ng-sky.a(uip-ds6-nbr.o)
                0x00001194                ds6_neighbors
 .data          0x0000119e        0x6 contiki-ng-sky.a(uip-nd6.o)
 .data          0x000011a4        0xa contiki-ng-sky.a(simple-udp.o)
                0x000011a4                simple_udp_process
 .data          0x000011ae       0x18 contiki-ng-sky.a(rpl-icmp6.o)
 .data          0x000011c6        0x4 contiki-ng-sky.a(contiki-sky-pla)
                0x000011c6                sensors
 .data          0x000011ca        0xa contiki-ng-sky.a(sensors.o)
                0x000011ca                sensors_process
 .data          0x000011d4        0xc contiki-ng-sky.a(cc2420.o)
                0x000011d4                cc2420_process
 .data          0x000011e0       0x10 contiki-ng-sky.a(queuebuf.o)
 .data          0x000011f0        0x8 contiki-ng-sky.a(nbr-table.o)
 .data          0x000011f8        0x8 contiki-ng-sky.a(link-stats.o)
 .data          0x00001200        0x2 contiki-ng-sky.a(frame802154.o)
 .data          0x00001202        0xc contiki-ng-sky.a(uip-icmp6.o)
 .data          0x0000120e        0x8 contiki-ng-sky.a(uip-sr.o)
 .data          0x00001216        0xa contiki-ng-sky.a(rpl-neighbor.o)
                0x00001216                rpl_neighbors
 .data          0x00001220       0x12 contiki-ng-sky.a(rpl-mrhof.o)
                0x00001220                rpl_mrhof
 .data          0x00001232        0x4 /usr/lib/gcc/msp430/4.6.3/../../../../msp430/lib/mmpy-16/libc.a(rand.o)
                0x00001236                . = ALIGN (0x2)
                0x00001236                _edata = .
                0x0000ea6c                PROVIDE (__data_load_start, LOADADDR (.data))
                0x00000136                PROVIDE (__data_size, SIZEOF (.data))

.bss            0x00001236     0x1b50 load address 0x0000eba2
                0x00001236                PROVIDE (__bss_start, .)
 *(.bss .bss.*)
 .bss           0x00001236       0x4e udp-client.o
 .bss           0x00001284        0x8 contiki-ng-sky.a(platform.o)
 .bss           0x0000128c        0xa contiki-ng-sky.a(clock.o)
 .bss           0x00001296        0x2 contiki-ng-sky.a(watchdog.o)
 .bss           0x00001298        0x4 contiki-ng-sky.a(ctimer.o)
 .bss           0x0000129c        0x6 contiki-ng-sky.a(etimer.o)
 .bss           0x000012a2       0x14 contiki-ng-sky.a(log.o)
                0x000012a2                curr_log_level_lwm2m
                0x000012a4                curr_log_level_coap
                0x000012a6                curr_log_level_6top
                0x000012a8                curr_log_level_framer
                0x000012aa                curr_log_level_mac
                0x000012ac                curr_log_level_nullnet
                0x000012ae                curr_log_level_6lowpan
                0x000012b0                curr_log_level_ipv6
                0x000012b2                curr_log_level_tcpip
                0x000012b4                curr_log_level_rpl
 .bss           0x000012b6       0xc8 contiki-ng-sky.a(process.o)
                0x000012b6                process_current
                0x000012b8                process_list
 .bss           0x0000137e        0x2 contiki-ng-sky.a(rtimer.o)
 .bss           0x00001380        0x2 contiki-ng-sky.a(node-id.o)
                0x00001380                node_id
 .bss           0x00001382        0x2 contiki-ng-sky.a(netstack.o)
 .bss           0x00001384       0xbe contiki-ng-sky.a(csma-output.o)
 .bss           0x00001442       0x18 contiki-ng-sky.a(uip-ds6.o)
 .bss           0x0000145a        0xc contiki-ng-sky.a(tcpip.o)
 .bss           0x00001466       0x3c contiki-ng-sky.a(uip-ds6-route.o)
 .bss           0x000014a2        0x8 contiki-ng-sky.a(uip6.o)
                0x000014a2                uip_ext_opt_offset
                0x000014a4                uip_ext_len
                0x000014a6                uip_ext_bitmap
 .bss           0x000014aa      0x120 contiki-ng-sky.a(uip-ds6-nbr.o)
 .bss           0x000015ca        0x8 contiki-ng-sky.a(uip-nd6.o)
 .bss           0x000015d2       0xf2 contiki-ng-sky.a(simple-udp.o)
 .bss           0x000016c4      0x6e0 contiki-ng-sky.a(sicslowpan.o)
 .bss           0x00001da4        0x1 contiki-ng-sky.a(rpl.o)
 *fill*         0x00001da5        0x1 00
 .bss           0x00001da6       0x12 contiki-ng-sky.a(rpl-dag-root.o)
 .bss           0x00001db8        0x8 contiki-ng-sky.a(button-sensor.o)
 .bss           0x00001dc0        0x6 contiki-ng-sky.a(sensors.o)
 .bss           0x00001dc6        0xa contiki-ng-sky.a(cc2420.o)
 .bss           0x00001dd0       0x9a contiki-ng-sky.a(uart1.o)
 .bss           0x00001e6a      0x580 contiki-ng-sky.a(queuebuf.o)
 .bss           0x000023ea       0xe4 contiki-ng-sky.a(nbr-table.o)
 .bss           0x000024ce       0x86 contiki-ng-sky.a(packetbuf.o)
 .bss           0x00002554       0xa0 contiki-ng-sky.a(link-stats.o)
 .bss           0x000025f4       0xe0 contiki-ng-sky.a(mac-sequence.o)
 .bss           0x000026d4        0x2 contiki-ng-sky.a(framer-802154.o)
 .bss           0x000026d6        0xc contiki-ng-sky.a(uipbuf.o)
 .bss           0x000026e2       0x14 contiki-ng-sky.a(uip-icmp6.o)
 .bss           0x000026f6      0x134 contiki-ng-sky.a(uip-sr.o)
 .bss           0x0000282a        0x8 contiki-ng-sky.a(rpl-nbr-policy.)
 .bss           0x00002832       0x80 contiki-ng-sky.a(rpl-neighbor.o)
 .bss           0x000028b2       0x28 contiki-ng-sky.a(rpl-timers.o)
 .bss           0x000028da        0x4 /usr/lib/gcc/msp430/4.6.3/../../../../msp430/lib/mmpy-16/libc.a(sprintf.o)
 *(COMMON)
 COMMON         0x000028de        0x2 contiki-ng-sky.a(msp430.o)
                0x000028de                msp430_dco_required
 COMMON         0x000028e0        0x8 contiki-ng-sky.a(linkaddr.o)
                0x000028e0                linkaddr_node_addr
 COMMON         0x000028e8      0x15c contiki-ng-sky.a(uip-ds6.o)
                0x000028e8                uip_ds6_timer_ra
                0x000028f0                uip_ds6_if
                0x000029dc                uip_ds6_netif_addr_list_offset
                0x000029dd                uip_ds6_addr_size
                0x000029de                uip_ds6_prefix_list
                0x00002a38                uip_ds6_timer_periodic
 COMMON         0x00002a44        0x1 contiki-ng-sky.a(tcpip.o)
                0x00002a44                tcpip_event
 *fill*         0x00002a45        0x1 00
 COMMON         0x00002a46      0x1d8 contiki-ng-sky.a(uip6.o)
                0x00002a46                uip_len
                0x00002a48                uip_sappdata
                0x00002a4a                uip_lladdr
                0x00002a52                uip_aligned_buf
                0x00002b42                uip_flags
                0x00002b44                uip_next_hdr
                0x00002b46                uip_udp_conn
                0x00002b48                uip_appdata
                0x00002b4a                uip_conn
                0x00002b4c                uip_slen
                0x00002b4e                uip_udp_conns
 COMMON         0x00002c1e       0x10 contiki-ng-sky.a(rpl.o)
                0x00002c1e                rpl_multicast_addr
 COMMON         0x00002c2e       0xfe contiki-ng-sky.a(rpl-dag.o)
                0x00002c2e                curr_instance
 COMMON         0x00002d2c        0x2 contiki-ng-sky.a(contiki-sky-pla)
                0x00002d2c                sensors_flags
 COMMON         0x00002d2e        0x8 contiki-ng-sky.a(ds2411.o)
                0x00002d2e                ds2411_id
 COMMON         0x00002d36        0x1 contiki-ng-sky.a(sensors.o)
                0x00002d36                sensors_event
 *fill*         0x00002d37        0x1 00
 COMMON         0x00002d38       0x10 contiki-ng-sky.a(cc2420.o)
                0x00002d38                cc2420_last_rssi
                0x00002d3a                cc2420_sfd_start_time
                0x00002d3c                cc2420_time_of_departure
                0x00002d3e                cc2420_time_of_arrival
                0x00002d40                cc2420_last_correlation
                0x00002d42                cc2420_authority_level_of_sender
                0x00002d44                cc2420_sfd_counter
                0x00002d46                cc2420_sfd_end_time
 COMMON         0x00002d48       0x2a contiki-ng-sky.a(packetbuf.o)
                0x00002d48                packetbuf_addrs
                0x00002d58                packetbuf_attrs
 COMMON         0x00002d72       0x14 contiki-ng-sky.a(link-stats.o)
                0x00002d72                periodic_timer
                0x00002d86                . = ALIGN (0x2)
                0x00002d86                PROVIDE (__bss_end, .)
                0x00001b50                PROVIDE (__bss_size, SIZEOF (.bss))

.noinit         0x00002d86        0x2 load address 0x0000eba2
                0x00002d86                PROVIDE (__noinit_start, .)
 *(.noinit .noinit.*)
 .noinit.crt0   0x00002d86        0x2 /usr/lib/gcc/msp430/4.6.3/mmpy-16/libcrt0.a(__watchdog_support.o)
                0x00002d86                __wdt_clear_value
                0x00002d88                . = ALIGN (0x2)
                0x00002d88                PROVIDE (__noinit_end, .)
                0x00002d88                . = ALIGN (0x2)
                0x00002d88                _end = .

.infomem        0x00001000        0x0
 *(.infomem)
                0x00001000                . = ALIGN (0x2)
 *(.infomem.*)

.infomemnobits  0x00001000        0x0
 *(.infomemnobits)
                0x00001000                . = ALIGN (0x2)
 *(.infomemnobits.*)

.infoa
 *(.infoa .infoa.*)

.infob
 *(.infob .infob.*)

.infoc
 *(.infoc .infoc.*)

.infod
 *(.infod .infod.*)

.vectors        0x0000ffe0       0x20
                0x0000ffe0                PROVIDE (__vectors_start, .)
 *(.vectors*)
 .vectors       0x0000ffe0       0x20 /usr/lib/gcc/msp430/4.6.3/mmpy-16/crt0ivtbl16.o
                0x0000ffe0                __ivtbl_16
                0x00010000                _vectors_end = .

.fartext        0x00000000        0x0
                0x00000000                . = ALIGN (0x2)
 *(.fartext)
                0x00000000                . = ALIGN (0x2)
 *(.fartext.*)
                0x00000000                _efartext = .

.profiler
 *(.profiler)

.stab           0x00000000    0x28a58
 *(.stab)
 .stab          0x00000000     0x1170 udp-client.o
 .stab          0x00001170      0xf24 obj_sky/contiki-main.o
                               0x1a40 (size before relaxing)
 .stab          0x00002094      0x228 contiki-ng-sky.a(uart1-putchar.o)
                                0x6fc (size before relaxing)
 .stab          0x000022bc      0xfb4 contiki-ng-sky.a(platform.o)
                               0x1410 (size before relaxing)
 .stab          0x00003270      0x72c contiki-ng-sky.a(msp430.o)
                                0xa50 (size before relaxing)
 .stab          0x0000399c      0x918 contiki-ng-sky.a(clock.o)
                                0xc60 (size before relaxing)
 .stab          0x000042b4      0x480 contiki-ng-sky.a(leds.o)
                                0x834 (size before relaxing)
 .stab          0x00004734      0x3b4 contiki-ng-sky.a(leds-arch.o)
                                0x768 (size before relaxing)
 .stab          0x00004ae8      0x3e4 contiki-ng-sky.a(watchdog.o)
                                0x708 (size before relaxing)
 .stab          0x00004ecc      0x2ac contiki-ng-sky.a(autostart.o)
                                0x5d0 (size before relaxing)
 .stab          0x00005178      0x828 contiki-ng-sky.a(ctimer.o)
                                0xb64 (size before relaxing)
 .stab          0x000059a0      0x288 contiki-ng-sky.a(energest.o)
                                0x5d0 (size before relaxing)
 .stab          0x00005c28      0xad4 contiki-ng-sky.a(etimer.o)
                                0xdf8 (size before relaxing)
 .stab          0x000066fc      0x84c contiki-ng-sky.a(log.o)
                               0x1008 (size before relaxing)
 .stab          0x00006f48      0xb94 contiki-ng-sky.a(process.o)
                               0x10a4 (size before relaxing)
 .stab          0x00007adc      0x354 contiki-ng-sky.a(rtimer.o)
                                0x678 (size before relaxing)
 .stab          0x00007e30      0x270 contiki-ng-sky.a(node-id.o)
                                0x9f0 (size before relaxing)
 .stab          0x000080a0      0x3a8 contiki-ng-sky.a(timer.o)
                                0x6cc (size before relaxing)
 .stab          0x00008448      0x990 contiki-ng-sky.a(list.o)
                                0xe7c (size before relaxing)
 .stab          0x00008dd8      0x294 contiki-ng-sky.a(random.o)
                                0x780 (size before relaxing)
 .stab          0x0000906c      0x4bc contiki-ng-sky.a(netstack.o)
                                0x8c4 (size before relaxing)
 .stab          0x00009528      0x324 contiki-ng-sky.a(linkaddr.o)
                                0x810 (size before relaxing)
 .stab          0x0000984c      0x84c contiki-ng-sky.a(csma.o)
                                0xe04 (size before relaxing)
 .stab          0x0000a098      0xcfc contiki-ng-sky.a(csma-output.o)
                               0x1674 (size before relaxing)
 .stab          0x0000ad94     0x14d0 contiki-ng-sky.a(uip-ds6.o)
                               0x2064 (size before relaxing)
 .stab          0x0000c264      0xbb8 contiki-ng-sky.a(tcpip.o)
                               0x18d8 (size before relaxing)
 .stab          0x0000ce1c      0xac8 contiki-ng-sky.a(uip-ds6-route.o)
                               0x1644 (size before relaxing)
 .stab          0x0000d8e4     0x132c contiki-ng-sky.a(uip6.o)
                               0x1fa4 (size before relaxing)
 .stab          0x0000ec10      0xe94 contiki-ng-sky.a(uip-ds6-nbr.o)
                               0x1710 (size before relaxing)
 .stab          0x0000faa4      0x72c contiki-ng-sky.a(uip-nd6.o)
                               0x12fc (size before relaxing)
 .stab          0x000101d0      0x750 contiki-ng-sky.a(simple-udp.o)
                               0x1404 (size before relaxing)
 .stab          0x00010920     0x2808 contiki-ng-sky.a(sicslowpan.o)
                               0x3420 (size before relaxing)
 .stab          0x00013128      0x888 contiki-ng-sky.a(uiplib.o)
                               0x1044 (size before relaxing)
 .stab          0x000139b0      0xdbc contiki-ng-sky.a(rpl.o)
                               0x1950 (size before relaxing)
 .stab          0x0001476c     0x1494 contiki-ng-sky.a(rpl-icmp6.o)
                               0x222c (size before relaxing)
 .stab          0x00015c00     0x1608 contiki-ng-sky.a(rpl-dag.o)
                               0x22e0 (size before relaxing)
 .stab          0x00017208      0x6fc contiki-ng-sky.a(rpl-dag-root.o)
                               0x1530 (size before relaxing)
 .stab          0x00017904      0x24c contiki-ng-sky.a(contiki-sky-pla)
                                0x570 (size before relaxing)
 .stab          0x00017b50      0x42c contiki-ng-sky.a(button-sensor.o)
                                0x768 (size before relaxing)
 .stab          0x00017f7c      0x60c contiki-ng-sky.a(ds2411.o)
                                0xaf8 (size before relaxing)
 .stab          0x00018588      0x9d8 contiki-ng-sky.a(xmem.o)
                                0xed0 (size before relaxing)
 .stab          0x00018f60      0x63c contiki-ng-sky.a(sensors.o)
                                0xb28 (size before relaxing)
 .stab          0x0001959c     0x26d0 contiki-ng-sky.a(cc2420.o)
                               0x2ebc (size before relaxing)
 .stab          0x0001bc6c      0x408 contiki-ng-sky.a(cc2420-arch.o)
                               0x1128 (size before relaxing)
 .stab          0x0001c074      0x5f4 contiki-ng-sky.a(uart1.o)
                                0x918 (size before relaxing)
 .stab          0x0001c668      0x390 contiki-ng-sky.a(rtimer-arch.o)
                                0x6b4 (size before relaxing)
 .stab          0x0001c9f8      0x420 contiki-ng-sky.a(stimer.o)
                                0x75c (size before relaxing)
 .stab          0x0001ce18      0x5ac contiki-ng-sky.a(memb.o)
                                0xab0 (size before relaxing)