Archive member included to satisfy reference by file (symbol)

obj_cooja/mtype496.a(simEnvChange.o)
                              obj_cooja/mtype496.o (simDontFallAsleep)
obj_cooja/mtype496.a(cooja_mt.o)
                              obj_cooja/mtype496.o (cooja_mt_start)
obj_cooja/mtype496.a(cooja_mtarch.o)
                              obj_cooja/mtype496.a(cooja_mt.o) (cooja_mtarch_start)
obj_cooja/mtype496.a(rtimer-arch.o)
                              obj_cooja/mtype496.o (rtimer_arch_check)
obj_cooja/mtype496.a(beep.o)  obj_cooja/mtype496.o (beep_interface)
obj_cooja/mtype496.a(button-sensor.o)
                              obj_cooja/mtype496.o (button_interface)
obj_cooja/mtype496.a(leds-arch.o)
                              obj_cooja/mtype496.o (leds_interface)
obj_cooja/mtype496.a(moteid.o)
                              obj_cooja/mtype496.o (moteid_interface)
obj_cooja/mtype496.a(pir-sensor.o)
                              obj_cooja/mtype496.o (pir_interface)
obj_cooja/mtype496.a(rs232.o)
                              obj_cooja/mtype496.o (rs232_interface)
obj_cooja/mtype496.a(vib-sensor.o)
                              obj_cooja/mtype496.o (vib_interface)
obj_cooja/mtype496.a(clock.o)
                              obj_cooja/mtype496.o (clock_interface)
obj_cooja/mtype496.a(cooja-log.o)
                              obj_cooja/mtype496.o (simlog_interface)
obj_cooja/mtype496.a(cfs-cooja.o)
                              obj_cooja/mtype496.o (cfs_interface)
obj_cooja/mtype496.a(cooja-radio.o)
                              obj_cooja/mtype496.o (radio_interface)
obj_cooja/mtype496.a(eeprom.o)
                              obj_cooja/mtype496.o (eeprom_interface)
obj_cooja/mtype496.a(random.o)
                              obj_cooja/mtype496.a(moteid.o) (random_init)
obj_cooja/mtype496.a(sensors.o)
                              obj_cooja/mtype496.a(button-sensor.o) (sensors_changed)
obj_cooja/mtype496.a(leds.o)  mqtt-demo.o (leds_on)
obj_cooja/mtype496.a(mqtt.o)  mqtt-demo.o (mqtt_disconnect)
obj_cooja/mtype496.a(contiki-main.o)
                              obj_cooja/mtype496.o (main)
obj_cooja/mtype496.a(autostart.o)
                              obj_cooja/mtype496.a(contiki-main.o) (autostart_start)
obj_cooja/mtype496.a(ctimer.o)
                              obj_cooja/mtype496.a(contiki-main.o) (ctimer_init)
obj_cooja/mtype496.a(energest.o)
                              obj_cooja/mtype496.a(contiki-main.o) (energest_init)
obj_cooja/mtype496.a(etimer.o)
                              obj_cooja/mtype496.a(contiki-main.o) (etimer_process)
obj_cooja/mtype496.a(log.o)   obj_cooja/mtype496.a(contiki-main.o) (curr_log_level_main)
obj_cooja/mtype496.a(process.o)
                              obj_cooja/mtype496.a(mqtt.o) (process_current)
obj_cooja/mtype496.a(rtimer.o)
                              obj_cooja/mtype496.a(contiki-main.o) (rtimer_init)
obj_cooja/mtype496.a(node-id.o)
                              obj_cooja/mtype496.a(contiki-main.o) (node_id)
obj_cooja/mtype496.a(timer.o)
                              mqtt-demo.o (timer_set)
obj_cooja/mtype496.a(serial-line.o)
                              obj_cooja/mtype496.a(rs232.o) (serial_line_input_byte)
obj_cooja/mtype496.a(list.o)  obj_cooja/mtype496.a(mqtt.o) (list_init)
obj_cooja/mtype496.a(ringbuf.o)
                              obj_cooja/mtype496.a(serial-line.o) (ringbuf_init)
obj_cooja/mtype496.a(packetbuf.o)
                              obj_cooja/mtype496.a(cooja-radio.o) (packetbuf_clear)
obj_cooja/mtype496.a(netstack.o)
                              obj_cooja/mtype496.a(contiki-main.o) (netstack_init)
obj_cooja/mtype496.a(linkaddr.o)
                              mqtt-demo.o (linkaddr_node_addr)
obj_cooja/mtype496.a(csma.o)  obj_cooja/mtype496.a(cooja-radio.o) (csma_driver)
obj_cooja/mtype496.a(csma-output.o)
                              obj_cooja/mtype496.a(csma.o) (csma_output_packet)
obj_cooja/mtype496.a(uip-ds6.o)
                              obj_cooja/mtype496.a(contiki-main.o) (uip_ds6_get_link_local)
obj_cooja/mtype496.a(tcp-socket.o)
                              obj_cooja/mtype496.a(mqtt.o) (tcp_socket_register)
obj_cooja/mtype496.a(tcpip.o)
                              obj_cooja/mtype496.a(tcp-socket.o) (tcpip_event)
obj_cooja/mtype496.a(uip-ds6-route.o)
                              obj_cooja/mtype496.a(uip-ds6.o) (uip_ds6_route_init)
obj_cooja/mtype496.a(uip6.o)  obj_cooja/mtype496.a(contiki-main.o) (uip_lladdr)
obj_cooja/mtype496.a(uip-ds6-nbr.o)
                              obj_cooja/mtype496.a(uip-ds6.o) (uip_ds6_neighbors_init)
obj_cooja/mtype496.a(uip-nd6.o)
                              obj_cooja/mtype496.a(uip6.o) (uip_nd6_init)
obj_cooja/mtype496.a(sicslowpan.o)
                              obj_cooja/mtype496.a(contiki-main.o) (sicslowpan_driver)
obj_cooja/mtype496.a(uiplib.o)
                              obj_cooja/mtype496.a(mqtt.o) (uiplib_ip6addrconv)
[...]
Memory Configuration

Name             Origin             Length             Attributes
*default*        0x0000000000000000 0xffffffffffffffff

Linker script and memory map

LOAD /usr/lib/gcc/i686-linux-gnu/5/../../../i386-linux-gnu/crti.o
LOAD /usr/lib/gcc/i686-linux-gnu/5/crtbeginS.o
LOAD mqtt-demo.o
LOAD obj_cooja/mtype496.o
LOAD obj_cooja/mtype496.a
LOAD /usr/lib/gcc/i686-linux-gnu/5/libgcc.a
LOAD /usr/lib/gcc/i686-linux-gnu/5/libgcc_s.so
LOAD /usr/lib/gcc/i686-linux-gnu/5/../../../i386-linux-gnu/libc.so
START GROUP
LOAD /lib/i386-linux-gnu/libc.so.6
LOAD /usr/lib/i386-linux-gnu/libc_nonshared.a
LOAD /lib/i386-linux-gnu/ld-linux.so.2
END GROUP
LOAD /usr/lib/gcc/i686-linux-gnu/5/libgcc.a
LOAD /usr/lib/gcc/i686-linux-gnu/5/libgcc_s.so
LOAD /usr/lib/gcc/i686-linux-gnu/5/crtendS.o
LOAD /usr/lib/gcc/i686-linux-gnu/5/../../../i386-linux-gnu/crtn.o
                0x0000000000000114                . = (0x0 + SIZEOF_HEADERS)

.note.gnu.build-id
                0x0000000000000114       0x24
 *(.note.gnu.build-id)
 .note.gnu.build-id
                0x0000000000000114       0x24 /usr/lib/gcc/i686-linux-gnu/5/../../../i386-linux-gnu/crti.o

.hash
 *(.hash)

.gnu.hash       0x0000000000000138     0x13c8
 *(.gnu.hash)
 .gnu.hash      0x0000000000000138     0x13c8 /usr/lib/gcc/i686-linux-gnu/5/../../../i386-linux-gnu/crti.o

.dynsym         0x0000000000001500     0x2780
 *(.dynsym)
 .dynsym        0x0000000000001500     0x2780 /usr/lib/gcc/i686-linux-gnu/5/../../../i386-linux-gnu/crti.o

.dynstr         0x0000000000003c80     0x2ad6
 *(.dynstr)
 .dynstr        0x0000000000003c80     0x2ad6 /usr/lib/gcc/i686-linux-gnu/5/../../../i386-linux-gnu/crti.o

.gnu.version    0x0000000000006756      0x4f0
 *(.gnu.version)
 .gnu.version   0x0000000000006756      0x4f0 /usr/lib/gcc/i686-linux-gnu/5/../../../i386-linux-gnu/crti.o

.gnu.version_d  0x0000000000006c48        0x0
 *(.gnu.version_d)
 .gnu.version_d
                0x0000000000006c48        0x0 /usr/lib/gcc/i686-linux-gnu/5/../../../i386-linux-gnu/crti.o

.gnu.version_r  0x0000000000006c48       0x40
 *(.gnu.version_r)
 .gnu.version_r
                0x0000000000006c48       0x40 /usr/lib/gcc/i686-linux-gnu/5/../../../i386-linux-gnu/crti.o

.rel.dyn        0x0000000000006c88     0xa230
 *(.rel.init)
 .rel.init      0x0000000000006c88        0x0 /usr/lib/gcc/i686-linux-gnu/5/../../../i386-linux-gnu/crti.o
 *(.rel.text .rel.text.* .rel.gnu.linkonce.t.*)
 .rel.text      0x0000000000006c88     0x9928 /usr/lib/gcc/i686-linux-gnu/5/../../../i386-linux-gnu/crti.o
 *(.rel.fini)
 .rel.fini      0x00000000000105b0        0x0 /usr/lib/gcc/i686-linux-gnu/5/../../../i386-linux-gnu/crti.o
 *(.rel.rodata .rel.rodata.* .rel.gnu.linkonce.r.*)
 .rel.rodata    0x00000000000105b0      0x578 /usr/lib/gcc/i686-linux-gnu/5/../../../i386-linux-gnu/crti.o
 *(.rel.data.rel.ro .rel.data.rel.ro.* .rel.gnu.linkonce.d.rel.ro.*)
 *(.rel.data .rel.data.* .rel.gnu.linkonce.d.*)
 .rel.data.rel.local
                0x0000000000010b28        0x8 /usr/lib/gcc/i686-linux-gnu/5/../../../i386-linux-gnu/crti.o
 .rel.data      0x0000000000010b30      0x350 /usr/lib/gcc/i686-linux-gnu/5/../../../i386-linux-gnu/crti.o
 *(.rel.tdata .rel.tdata.* .rel.gnu.linkonce.td.*)
 *(.rel.tbss .rel.tbss.* .rel.gnu.linkonce.tb.*)
 *(.rel.ctors)
 *(.rel.dtors)
 *(.rel.got)
 .rel.got       0x0000000000010e80       0x28 /usr/lib/gcc/i686-linux-gnu/5/../../../i386-linux-gnu/crti.o
 *(.rel.bss .rel.bss.* .rel.gnu.linkonce.b.*)
 *(.rel.ifunc)
 .rel.ifunc     0x0000000000010ea8        0x0 /usr/lib/gcc/i686-linux-gnu/5/../../../i386-linux-gnu/crti.o
 .rel.fini_array
                0x0000000000010ea8        0x8 /usr/lib/gcc/i686-linux-gnu/5/../../../i386-linux-gnu/crti.o
 .rel.init_array
                0x0000000000010eb0        0x8 /usr/lib/gcc/i686-linux-gnu/5/../../../i386-linux-gnu/crti.o

.rel.plt        0x0000000000010eb8        0x0
 *(.rel.plt)
 .rel.plt       0x0000000000010eb8        0x0 /usr/lib/gcc/i686-linux-gnu/5/../../../i386-linux-gnu/crti.o
 *(.rel.iplt)

.init           0x0000000000010eb8       0x23
 *(SORT(.init))
 .init          0x0000000000010eb8       0x1e /usr/lib/gcc/i686-linux-gnu/5/../../../i386-linux-gnu/crti.o
                0x0000000000010eb8                _init
 .init          0x0000000000010ed6        0x5 /usr/lib/gcc/i686-linux-gnu/5/../../../i386-linux-gnu/crtn.o

.plt            0x0000000000010ee0       0x10
 *(.plt)
 .plt           0x0000000000010ee0       0x10 /usr/lib/gcc/i686-linux-gnu/5/../../../i386-linux-gnu/crti.o
 *(.iplt)

.plt.got        0x0000000000010ef0       0x10
 *(.plt.got)
 .plt.got       0x0000000000010ef0       0x10 /usr/lib/gcc/i686-linux-gnu/5/../../../i386-linux-gnu/crti.o

.text           0x0000000000010f00    0x196a4
 *(.text.unlikely .text.*_unlikely .text.unlikely.*)
 .text.unlikely
                0x0000000000010f00        0x0 /usr/lib/gcc/i686-linux-gnu/5/crtbeginS.o
 *(.text.exit .text.exit.*)
 *(.text.startup .text.startup.*)
 *(.text.hot .text.hot.*)
 *(.text .stub .text.* .gnu.linkonce.t.*)
 .text          0x0000000000010f00        0x0 /usr/lib/gcc/i686-linux-gnu/5/../../../i386-linux-gnu/crti.o
 .gnu.linkonce.t.__x86.get_pc_thunk.bx
                0x0000000000010f00        0x4 /usr/lib/gcc/i686-linux-gnu/5/../../../i386-linux-gnu/crti.o
                0x0000000000010f00                __x86.get_pc_thunk.bx
 *fill*         0x0000000000010f04        0xc 
 .text          0x0000000000010f10      0x11c /usr/lib/gcc/i686-linux-gnu/5/crtbeginS.o
 .text.__x86.get_pc_thunk.dx
                0x000000000001102c        0x4 /usr/lib/gcc/i686-linux-gnu/5/crtbeginS.o
                0x000000000001102c                __x86.get_pc_thunk.dx
 .text          0x0000000000011030      0xe9d mqtt-demo.o
                0x0000000000011030                ipaddr_sprintf
 .text          0x0000000000011ecd      0x271 obj_cooja/mtype496.o
                0x0000000000011f5f                platform_init_stage_one
                0x0000000000011f65                platform_init_stage_two
                0x0000000000011f73                platform_init_stage_three
                0x0000000000011f86                platform_main_loop
                0x0000000000011ff9                Java_org_contikios_cooja_corecomm_Lib1_init
                0x0000000000012030                Java_org_contikios_cooja_corecomm_Lib1_getMemory
                0x0000000000012063                Java_org_contikios_cooja_corecomm_Lib1_setMemory
                0x00000000000120c3                Java_org_contikios_cooja_corecomm_Lib1_tick
                0x000000000001212b                Java_org_contikios_cooja_corecomm_Lib1_setReferenceAddress
 .text          0x000000000001213e       0x65 obj_cooja/mtype496.a(simEnvChange.o)
                0x000000000001213e                doActionsBeforeTick
                0x0000000000012170                doActionsAfterTick
 .text          0x00000000000121a3       0x83 obj_cooja/mtype496.a(cooja_mt.o)
                0x00000000000121a3                cooja_mt_start
                0x00000000000121cd                cooja_mt_exec
                0x0000000000012203                cooja_mt_yield
 .text          0x0000000000012226       0xbe obj_cooja/mtype496.a(cooja_mtarch.o)
                0x0000000000012226                cooja_mtarch_start
                0x0000000000012299                cooja_sw
                0x00000000000122bc                cooja_mtarch_exec
                0x00000000000122d9                cooja_mtarch_yield
 .text          0x00000000000122e4       0xc5 obj_cooja/mtype496.a(rtimer-arch.o)
                0x00000000000122e4                rtimer_arch_init
                0x0000000000012308                rtimer_arch_schedule
                0x0000000000012338                rtimer_arch_next
                0x0000000000012348                rtimer_arch_pending
                0x0000000000012352                rtimer_arch_check
                0x0000000000012399                rtimer_arch_now
 .text          0x00000000000123a9       0x81 obj_cooja/mtype496.a(beep.o)
                0x00000000000123a9                beep_alarm
                0x00000000000123b6                beep_beep
                0x00000000000123c3                beep
                0x00000000000123d0                beep_down
                0x00000000000123dd                beep_on
                0x00000000000123ea                beep_off
                0x00000000000123f7                beep_spinup
                0x0000000000012404                beep_quick
                0x0000000000012411                beep_long
 .text          0x000000000001242a      0x10d obj_cooja/mtype496.a(button-sensor.o)
 .text          0x0000000000012537       0x49 obj_cooja/mtype496.a(leds-arch.o)
                0x0000000000012537                leds_arch_init
                0x0000000000012544                leds_arch_get
                0x0000000000012550                leds_arch_set
 .text          0x0000000000012580       0x35 obj_cooja/mtype496.a(moteid.o)
 .text          0x00000000000125b5       0xb7 obj_cooja/mtype496.a(pir-sensor.o)
 .text          0x000000000001266c      0x148 obj_cooja/mtype496.a(rs232.o)
                0x000000000001266c                rs232_init
                0x0000000000012672                rs232_set_speed
                0x0000000000012681                rs232_set_input
                0x000000000001268f                rs232_send
                0x00000000000126b3                rs232_print
                0x00000000000126cf                slip_arch_writeb
 .text          0x00000000000127b4       0xb7 obj_cooja/mtype496.a(vib-sensor.o)
 .text          0x000000000001286b       0x38 obj_cooja/mtype496.a(clock.o)
                0x000000000001286b                clock_init
                0x0000000000012871                clock_time
                0x000000000001287b                clock_seconds
                0x0000000000012891                clock_delay
 .text          0x00000000000128a3      0x219 obj_cooja/mtype496.a(cooja-log.o)
                0x00000000000128a3                simlog_char
                0x00000000000128e6                simlog
                0x000000000001295c                log_message
                0x000000000001298d                log_set_putchar_with_slip
                0x000000000001299b                putchar
                0x0000000000012a16                puts
                0x0000000000012a3e                printf
 .text          0x0000000000012abc      0x2b9 obj_cooja/mtype496.a(cfs-cooja.o)
                0x0000000000012abc                cfs_open
                0x0000000000012b25                cfs_close
                0x0000000000012b32                cfs_read
                0x0000000000012bc7                cfs_write
                0x0000000000012ca3                cfs_seek
                0x0000000000012d2b                cfs_remove
                0x0000000000012d4f                cfs_opendir
                0x0000000000012d59                cfs_readdir
                0x0000000000012d63                cfs_closedir
 .text          0x0000000000012d75      0x605 obj_cooja/mtype496.a(cooja-radio.o)
                0x0000000000012db7                radio_set_channel
                0x0000000000012dc5                radio_set_txpower
                0x0000000000012ddd                radio_signal_strength_last
                0x0000000000012de7                radio_signal_strength_current
                0x0000000000012df1                radio_LQI
 .text          0x000000000001337a       0xee obj_cooja/mtype496.a(eeprom.o)
                0x000000000001337a                eeprom_init
                0x0000000000013380                eeprom_read
                0x00000000000133ee                eeprom_write
 .text          0x0000000000013468       0x2d obj_cooja/mtype496.a(random.o)
                0x0000000000013468                random_init
                0x0000000000013488                random_rand
 .text          0x0000000000013495      0x29c obj_cooja/mtype496.a(sensors.o)
                0x00000000000134d0                sensors_first
                0x00000000000134da                sensors_next
                0x00000000000134f4                sensors_changed
                0x0000000000013528                sensors_find
 .text          0x0000000000013731       0xf6 obj_cooja/mtype496.a(leds.o)
                0x0000000000013731                leds_init
                0x000000000001373f                leds_blink
                0x0000000000013782                leds_get
                0x000000000001378f                leds_set
                0x00000000000137ae                leds_on
                0x00000000000137d4                leds_off
                0x0000000000013801                leds_toggle
 .text          0x0000000000013827     0x3779 obj_cooja/mtype496.a(mqtt.o)
                0x00000000000169ca                mqtt_init
                0x0000000000016a88                mqtt_register
                0x0000000000016b25                mqtt_connect
                0x0000000000016c37                mqtt_disconnect
                0x0000000000016c75                mqtt_subscribe
                0x0000000000016d32                mqtt_unsubscribe
                0x0000000000016de0                mqtt_publish
                0x0000000000016ec1                mqtt_set_username_password
                0x0000000000016f4c                mqtt_set_last_will
 .text          0x0000000000016fa0      0x328 obj_cooja/mtype496.a(contiki-main.o)
                0x0000000000016fa0                main
 .text          0x00000000000172c8       0x92 obj_cooja/mtype496.a(autostart.o)
                0x00000000000172c8                autostart_start
                0x0000000000017312                autostart_exit
 .text          0x000000000001735a      0x355 obj_cooja/mtype496.a(ctimer.o)
                0x0000000000017482                ctimer_init
                0x00000000000174b5                ctimer_set
                0x00000000000174db                ctimer_set_with_process
                0x0000000000017558                ctimer_reset
                0x00000000000175ac                ctimer_restart
                0x0000000000017600                ctimer_stop
                0x0000000000017650                ctimer_expired
 .text          0x00000000000176af       0x1b obj_cooja/mtype496.a(energest.o)
                0x00000000000176af                energest_init
                0x00000000000176b5                energest_flush
                0x00000000000176bb                energest_get_total_time
 .text          0x00000000000176ca      0x43f obj_cooja/mtype496.a(etimer.o)
                0x00000000000178ee                etimer_request_poll
                0x0000000000017977                etimer_set
                0x00000000000179a0                etimer_reset_with_new_interval
                0x00000000000179cf                etimer_reset
                0x00000000000179f5                etimer_restart
                0x0000000000017a1b                etimer_adjust
                0x0000000000017a38                etimer_expired
                0x0000000000017a4b                etimer_expiration_time
                0x0000000000017a5d                etimer_start_time
                0x0000000000017a67                etimer_pending
                0x0000000000017a79                etimer_next_expiration_time
                0x0000000000017a93                etimer_stop
 .text          0x0000000000017b09      0x394 obj_cooja/mtype496.a(log.o)
                0x0000000000017b09                log_6addr
                0x0000000000017b5c                log_6addr_compact_snprint
                0x0000000000017bfa                log_6addr_compact
                0x0000000000017c4d                log_lladdr
                0x0000000000017cbf                log_lladdr_compact
                0x0000000000017d27                log_set_level
                0x0000000000017de2                log_get_level
                0x0000000000017e5b                log_level_to_str
 .text          0x0000000000017e9d      0x4fb obj_cooja/mtype496.a(process.o)
                0x0000000000017e9d                process_alloc_event
                0x0000000000017eb2                process_start
                0x000000000001808c                process_exit
                0x00000000000180a9                process_init
                0x000000000001823e                process_run
                0x0000000000018271                process_nevents
                0x000000000001828c                process_post
                0x000000000001831f                process_post_synch
                0x0000000000018354                process_poll
                0x0000000000018384                process_is_running
 .text          0x0000000000018398       0xeb obj_cooja/mtype496.a(rtimer.o)
                0x0000000000018398                rtimer_init
                0x00000000000183a6                rtimer_set
                0x0000000000018421                rtimer_run_next
 .text          0x0000000000018483       0x25 obj_cooja/mtype496.a(node-id.o)
                0x0000000000018483                node_id_init
 .text          0x00000000000184a8       0x9c obj_cooja/mtype496.a(timer.o)
                0x00000000000184a8                timer_set
                0x00000000000184c6                timer_reset
                0x00000000000184de                timer_restart
                0x00000000000184f3                timer_expired
                0x0000000000018520                timer_remaining
 .text          0x0000000000018544      0x1eb obj_cooja/mtype496.a(serial-line.o)
                0x0000000000018544                serial_line_input_byte
                0x00000000000186fa                serial_line_init
 .text          0x000000000001872f      0x28f obj_cooja/mtype496.a(list.o)
                0x000000000001872f                list_init
                0x000000000001873e                list_head
                0x0000000000018748                list_copy
                0x0000000000018758                list_tail
                0x000000000001878e                list_add
                0x00000000000187da                list_push
                0x0000000000018806                list_chop
                0x0000000000018870                list_pop
                0x0000000000018898                list_remove
                0x0000000000018900                list_length
                0x000000000001892e                list_insert
                0x0000000000018973                list_item_next
                0x000000000001898a                list_contains
 .text          0x00000000000189be      0x156 obj_cooja/mtype496.a(ringbuf.o)
                0x00000000000189be                ringbuf_init
                0x00000000000189f0                ringbuf_put
                0x0000000000018a6e                ringbuf_get
                0x0000000000018adb                ringbuf_size
                0x0000000000018aed                ringbuf_elements
 .text          0x0000000000018b14      0x407 obj_cooja/mtype496.a(packetbuf.o)
                0x0000000000018b14                packetbuf_clear
                0x0000000000018b3f                packetbuf_copyfrom
                0x0000000000018b8e                packetbuf_copyto
                0x0000000000018c21                packetbuf_hdralloc
                0x0000000000018c9d                packetbuf_hdrreduce
                0x0000000000018ce3                packetbuf_set_datalen
                0x0000000000018cfd                packetbuf_dataptr
                0x0000000000018d1a                packetbuf_hdrptr
                0x0000000000018d24                packetbuf_datalen
                0x0000000000018d30                packetbuf_hdrlen
                0x0000000000018d47                packetbuf_totlen
                0x0000000000018d5d                packetbuf_remaininglen
                0x0000000000018d70                packetbuf_attr_clear
                0x0000000000018dbc                packetbuf_attr_copyto
                0x0000000000018e14                packetbuf_attr_copyfrom
                0x0000000000018e6c                packetbuf_set_attr
                0x0000000000018e96                packetbuf_attr
                0x0000000000018eb0                packetbuf_set_addr
                0x0000000000018ee1                packetbuf_addr
                0x0000000000018efe                packetbuf_holds_broadcast
 .text          0x0000000000018f1b       0xef obj_cooja/mtype496.a(netstack.o)
                0x0000000000018f1b                netstack_process_ip_callback
                0x0000000000018fac                netstack_ip_packet_processor_add
                0x0000000000018fcf                uip_ds6_ip_packet_processor_rm
                0x0000000000018fec                netstack_init
 .text          0x000000000001900a       0x4f obj_cooja/mtype496.a(linkaddr.o)
                0x000000000001900a                linkaddr_copy
                0x0000000000019020                linkaddr_cmp
                0x0000000000019043                linkaddr_set_node_addr
 .text          0x0000000000019059      0x165 obj_cooja/mtype496.a(csma.o)
 .text          0x00000000000191be      0x944 obj_cooja/mtype496.a(csma-output.o)
                0x0000000000019837                csma_output_packet
                0x0000000000019ac4                csma_output_init
 .text          0x0000000000019b02      0xb25 obj_cooja/mtype496.a(uip-ds6.o)
                0x0000000000019b02                uip_ds6_init
                0x0000000000019cad                uip_ds6_periodic
                0x0000000000019d34                uip_ds6_list_loop
                0x0000000000019df4                uip_ds6_prefix_add
                0x0000000000019ea0                uip_ds6_prefix_rm
                0x0000000000019eb3                uip_ds6_prefix_lookup
                0x0000000000019ef2                uip_ds6_is_addr_onlink
                0x0000000000019f65                uip_ds6_addr_add
                0x000000000001a085                uip_ds6_addr_rm
                0x000000000001a12e                uip_ds6_addr_lookup
                0x000000000001a167                uip_ds6_get_link_local
                0x000000000001a1e8                uip_ds6_get_global
                0x000000000001a269                uip_ds6_maddr_add
                0x000000000001a2c9                uip_ds6_maddr_rm
                0x000000000001a2dc                uip_ds6_maddr_lookup
                0x000000000001a315                uip_ds6_aaddr_add
                0x000000000001a375                uip_ds6_aaddr_rm
                0x000000000001a388                uip_ds6_aaddr_lookup
                0x000000000001a3c1                uip_ds6_select_src
                0x000000000001a50a                uip_ds6_set_addr_iid
                0x000000000001a535                uip_ds6_set_lladdr_from_iid
                0x000000000001a55e                get_match_length
                0x000000000001a5ef                uip_ds6_compute_reachable_time
 .text          0x000000000001a627      0x9d5 obj_cooja/mtype496.a(tcp-socket.o)
                0x000000000001ac72                tcp_socket_register
                0x000000000001ad03                tcp_socket_connect
                0x000000000001ad9a                tcp_socket_listen
                0x000000000001ae11                tcp_socket_unlisten
                0x000000000001ae85                tcp_socket_send
                0x000000000001af25                tcp_socket_send_str
                0x000000000001af4d                tcp_socket_close
                0x000000000001af76                tcp_socket_unregister
                0x000000000001afd0                tcp_socket_max_sendlen
                0x000000000001afed                tcp_socket_queuelen
 .text          0x000000000001affc      0xa72 obj_cooja/mtype496.a(tcpip.o)
                0x000000000001b016                tcpip_output
                0x000000000001b0fa                tcp_connect
                0x000000000001b152                tcp_unlisten
                0x000000000001b1b2                tcp_listen
                0x000000000001b210                tcp_attach
                0x000000000001b228                udp_attach
                0x000000000001b240                udp_new
                0x000000000001b28a                udp_broadcast_new
                0x000000000001b50f                tcpip_input
                0x000000000001b6af                tcpip_ipv6_output
                0x000000000001b8c3                tcpip_poll_udp
                0x000000000001b8e1                tcpip_poll_tcp
                0x000000000001b8ff                tcpip_uipcall
 .text          0x000000000001ba6e      0x35b obj_cooja/mtype496.a(uip-ds6-route.o)
                0x000000000001babf                uip_ds6_route_init
                0x000000000001bae9                uip_ds6_route_nexthop
                0x000000000001baf3                uip_ds6_route_head
                0x000000000001bafd                uip_ds6_route_next
                0x000000000001bb07                uip_ds6_route_is_nexthop
                0x000000000001bb11                uip_ds6_route_num_routes
                0x000000000001bb1b                uip_ds6_route_lookup
                0x000000000001bb25                uip_ds6_route_add
                0x000000000001bb38                uip_ds6_route_rm
                0x000000000001bb3e                uip_ds6_route_rm_by_nexthop
                0x000000000001bb44                uip_ds6_defrt_head
                0x000000000001bb5d                uip_ds6_defrt_add
                0x000000000001bc0b                uip_ds6_defrt_rm
                0x000000000001bc71                uip_ds6_defrt_lookup
                0x000000000001bcd8                uip_ds6_defrt_choose
                0x000000000001bd4e                uip_ds6_defrt_periodic
 .text          0x000000000001bdc9     0x2802 obj_cooja/mtype496.a(uip6.o)
                0x000000000001bdc9                uip_add32
                0x000000000001bf63                uip_chksum
                0x000000000001c044                uip_icmp6chksum
                0x000000000001c059                uip_tcpchksum
                0x000000000001c06e                uip_udpchksum
                0x000000000001c083                uip_init
                0x000000000001c10e                uip_connect
                0x000000000001c297                remove_ext_hdr
                0x000000000001c37c                uip_udp_new
                0x000000000001c49e                uip_unlisten
                0x000000000001c4e0                uip_listen
                0x000000000001c781                uip_process
                0x000000000001e4c6                uip_htons
                0x000000000001e4e8                uip_htonl
                0x000000000001e526                uip_send
 .text          0x000000000001e5cb      0x374 obj_cooja/mtype496.a(uip-ds6-nbr.o)
                0x000000000001e5cb                uip_ds6_neighbors_init
                0x000000000001e5ef                uip_ds6_nbr_add
                0x000000000001e675                uip_ds6_nbr_rm
                0x000000000001e6c0                uip_ds6_nbr_update_ll
                0x000000000001e7ae                uip_ds6_nbr_get_ipaddr
                0x000000000001e7c3                uip_ds6_nbr_get_ll
                0x000000000001e7df                uip_ds6_nbr_num
                0x000000000001e828                uip_ds6_nbr_head
                0x000000000001e841                uip_ds6_nbr_next
                0x000000000001e85d                uip_ds6_nbr_lookup
                0x000000000001e8c0                uip_ds6_nbr_ll_lookup
                0x000000000001e8dc                uip_ds6_nbr_ipaddr_from_lladdr
                0x000000000001e905                uip_ds6_nbr_lladdr_from_ipaddr
                0x000000000001e939                uip_ds6_link_callback
 .text          0x000000000001e93f      0x6b5 obj_cooja/mtype496.a(uip-nd6.o)
                0x000000000001efdb                uip_nd6_init
 .text          0x000000000001eff4     0x2a78 obj_cooja/mtype496.a(sicslowpan.o)
                0x000000000001f4f2                netstack_sniffer_add
                0x000000000001f500                netstack_sniffer_remove
                0x0000000000021a38                sicslowpan_init
                0x0000000000021a62                sicslowpan_get_last_rssi
 .text          0x0000000000021a6c      0x4d1 obj_cooja/mtype496.a(uiplib.o)
                0x0000000000021a6c                uiplib_ip6addrconv
                0x0000000000021c24                uiplib_ip4addrconv
                0x0000000000021ce7                uiplib_ipaddr_print
                0x0000000000021d3a                uiplib_ipaddr_snprint
 .text          0x0000000000021f3d      0x4c9 obj_cooja/mtype496.a(rpl.o)
                0x0000000000021f3d                rpl_lollipop_greater_than
                0x0000000000021f97                rpl_get_global_address
                0x000000000002208f                rpl_link_callback
                0x00000000000220d3                rpl_has_joined
                0x00000000000220f8                rpl_is_reachable
                0x0000000000022179                rpl_reset_prefix
                0x00000000000221e3                rpl_set_prefix_from_addr
                0x00000000000222c8                rpl_set_prefix
                0x00000000000223e2                rpl_set_leaf_only
                0x00000000000223fa                rpl_get_leaf_only
 .text          0x0000000000022406     0x13cb obj_cooja/mtype496.a(rpl-icmp6.o)
                0x000000000002252b                rpl_icmp6_update_nbr_table
                0x00000000000225c4                rpl_icmp6_dis_output
                0x0000000000022c1a                rpl_icmp6_dio_output
                0x0000000000023427                rpl_icmp6_dao_output
                0x0000000000023718                rpl_icmp6_dao_ack_output
                0x0000000000023788                rpl_icmp6_init
 .text          0x00000000000237d1      0xe51 obj_cooja/mtype496.a(rpl-dag.o)
                0x00000000000237d1                rpl_dag_state_to_str
                0x0000000000023810                rpl_dag_get_root_ipaddr
                0x0000000000023858                rpl_dag_leave
                0x00000000000238e1                rpl_dag_poison_and_leave
                0x00000000000238f9                rpl_dag_periodic
                0x0000000000023981                rpl_is_addr_in_our_dag
                0x00000000000239c5                rpl_get_default_instance
                0x00000000000239e1                rpl_get_any_dag
                0x0000000000023a3a                rpl_refresh_routes
                0x0000000000023a7a                rpl_global_repair
                0x0000000000023b06                rpl_local_repair
                0x0000000000023b50                rpl_dag_ready_to_advertise
                0x0000000000023b93                rpl_dag_update_state
                0x00000000000242b7                rpl_process_dio
                0x0000000000024338                rpl_process_dis
                0x000000000002437d                rpl_process_dao
                0x000000000002440c                rpl_process_dao_ack
                0x000000000002449e                rpl_process_hbh
                0x00000000000244ee                rpl_dag_init_root
                0x0000000000024602                rpl_dag_init
 .text          0x0000000000024622      0x286 obj_cooja/mtype496.a(rpl-dag-root.o)
                0x0000000000024622                rpl_dag_root_print_links
                0x0000000000024770                rpl_dag_root_set_prefix
                0x000000000002479c                rpl_dag_root_start
                0x0000000000024879                rpl_dag_root_is_root
 .text          0x00000000000248a8       0x1e obj_cooja/mtype496.a(watchdog.o)
                0x00000000000248a8                watchdog_init
                0x00000000000248ae                watchdog_start
                0x00000000000248b4                watchdog_periodic
                0x00000000000248ba                watchdog_stop
                0x00000000000248c0                watchdog_reboot
 .text          0x00000000000248c6       0xb2 obj_cooja/mtype496.a(stimer.o)
                0x00000000000248c6                stimer_set
                0x00000000000248e4                stimer_reset
                0x00000000000248fc                stimer_restart
                0x0000000000024911                stimer_expired
                0x000000000002493c                stimer_remaining
                0x0000000000024960                stimer_elapsed
 .text          0x0000000000024978      0x1b8 obj_cooja/mtype496.a(memb.o)
                0x0000000000024978                memb_init
                0x00000000000249cd                memb_alloc
                0x0000000000024a32                memb_free
                0x0000000000024aad                memb_inmemb
                0x0000000000024aec                memb_numfree
 .text          0x0000000000024b30      0x2e7 obj_cooja/mtype496.a(queuebuf.o)
                0x0000000000024b3a                queuebuf_init
                0x0000000000024b63                queuebuf_numfree
                0x0000000000024b7b                queuebuf_new_from_packetbuf
                0x0000000000024c1a                queuebuf_update_attr_from_packetbuf
                0x0000000000024c4f                queuebuf_update_from_packetbuf
                0x0000000000024c9f                queuebuf_free
                0x0000000000024ce8                queuebuf_to_packetbuf
                0x0000000000024d54                queuebuf_dataptr
                0x0000000000024d8e                queuebuf_datalen
                0x0000000000024db1                queuebuf_addr
                0x0000000000024de6                queuebuf_attr
                0x0000000000024e11                queuebuf_debug_print
 .text          0x0000000000024e17      0x78b obj_cooja/mtype496.a(nbr-table.o)
                0x0000000000025290                nbr_table_register
                0x00000000000252fd                nbr_table_is_registered
                0x0000000000025338                nbr_table_head
                0x0000000000025393                nbr_table_next
                0x00000000000253f4                nbr_table_add_lladdr
                0x00000000000254be                nbr_table_get_from_lladdr
                0x000000000002550a                nbr_table_remove
                0x0000000000025542                nbr_table_lock
                0x000000000002555c                nbr_table_unlock
                0x0000000000025576                nbr_table_get_lladdr
 .text          0x00000000000255a2      0x37c obj_cooja/mtype496.a(link-stats.o)
                0x00000000000255a2                link_stats_from_lladdr
                0x00000000000255be                link_stats_is_fresh
                0x00000000000255fa                guess_etx_from_rssi
                0x0000000000025676                link_stats_packet_sent
                0x0000000000025789                link_stats_input_callback
                0x0000000000025899                link_stats_reset
                0x00000000000258e9                link_stats_init
 .text          0x000000000002591e      0x187 obj_cooja/mtype496.a(mac-sequence.o)
                0x000000000002591e                mac_sequence_is_duplicate
                0x00000000000259be                mac_sequence_register_seqno
 .text          0x0000000000025aa5       0x23 obj_cooja/mtype496.a(mac.o)
                0x0000000000025aa5                mac_call_sent_callback
 .text          0x0000000000025ac8      0x41d obj_cooja/mtype496.a(framer-802154.o)
                0x0000000000025c57                framer_802154_setup_params
 .text          0x0000000000025ee5      0xb6f obj_cooja/mtype496.a(frame802154.o)
                0x0000000000025f16                frame802154_get_pan_id
                0x0000000000025f22                frame802154_set_pan_id
                0x0000000000025f3c                frame802154_has_panid
                0x00000000000260eb                frame802154_check_dest_panid
                0x0000000000026173                frame802154_is_broadcast_addr
                0x00000000000261c0                frame802154_extract_linkaddr
                0x0000000000026425                frame802154_hdrlen
                0x0000000000026498                frame802154_create_fcf
                0x0000000000026550                frame802154_create
                0x00000000000266c5                frame802154_parse_fcf
                0x00000000000267a7                frame802154_parse
 .text          0x0000000000026a54      0x1ec obj_cooja/mtype496.a(uipbuf.o)
                0x0000000000026a54                uipbuf_get_next_header
                0x0000000000026ac3                uipbuf_get_last_header
                0x0000000000026b4a                uipbuf_get_attr
                0x0000000000026b71                uipbuf_set_attr
                0x0000000000026ba8                uipbuf_clear_attr
                0x0000000000026bd4                uipbuf_set_attr_flag
                0x0000000000026bf5                uipbuf_clr_attr_flag
                0x0000000000026c1c                uipbuf_is_attr_flag
 .text          0x0000000000026c40      0x96e obj_cooja/mtype496.a(uip-icmp6.o)
                0x0000000000026cb5                uip_icmp6_input
                0x0000000000026d0c                uip_icmp6_register_input_handler
                0x0000000000026f18                uip_icmp6_error_output
                0x0000000000027277                uip_icmp6_send
                0x0000000000027536                uip_icmp6_echo_reply_callback_add
                0x0000000000027568                uip_icmp6_echo_reply_callback_rm
                0x0000000000027585                uip_icmp6_init
 .text          0x00000000000275ae      0x69b obj_cooja/mtype496.a(uip-sr.o)
                0x00000000000275ae                uip_sr_num_nodes
                0x000000000002763c                uip_sr_get_node
                0x0000000000027693                uip_sr_is_addr_reachable
                0x0000000000027741                uip_sr_expire_parent
                0x000000000002778a                uip_sr_update_node
                0x00000000000278ba                uip_sr_init
                0x00000000000278ee                uip_sr_node_head
                0x0000000000027907                uip_sr_node_next
                0x000000000002791d                uip_sr_periodic
                0x0000000000027a23                uip_sr_free_all
                0x0000000000027a93                uip_sr_link_snprint
 .text          0x0000000000027c49      0x146 obj_cooja/mtype496.a(uip-packetqueue)
                0x0000000000027c77                uip_packetqueue_new
                0x0000000000027c86                uip_packetqueue_alloc
                0x0000000000027ce1                uip_packetqueue_free
                0x0000000000027d28                uip_packetqueue_buf
                0x0000000000027d45                uip_packetqueue_buflen
                0x0000000000027d66                uip_packetqueue_set_buflen
 .text          0x0000000000027d8f      0x1c8 obj_cooja/mtype496.a(rpl-nbr-policy.)
                0x0000000000027f14                rpl_nbr_policy_find_removable
 .text          0x0000000000027f57      0x8ed obj_cooja/mtype496.a(rpl-neighbor.o)
                0x0000000000027fd3                rpl_neighbor_snprint
                0x0000000000028280                rpl_neighbor_print_list
                0x0000000000028335                rpl_neighbor_count
                0x00000000000283dc                rpl_neighbor_get_from_lladdr
                0x00000000000283f8                rpl_neighbor_is_acceptable_parent
                0x000000000002842c                rpl_neighbor_get_link_metric
                0x0000000000028460                rpl_neighbor_rank_via_nbr
                0x0000000000028494                rpl_neighbor_get_lladdr
                0x00000000000284b0                rpl_neighbor_get_ipaddr
                0x00000000000284d7                rpl_neighbor_get_link_stats
                0x00000000000284fe                rpl_neighbor_is_fresh
                0x0000000000028525                rpl_neighbor_is_reachable
                0x0000000000028570                rpl_neighbor_is_parent
                0x000000000002859a                rpl_neighbor_set_preferred_parent
                0x0000000000028626                rpl_neighbor_remove_all
                0x0000000000028675                rpl_neighbor_get_from_ipaddr
                0x0000000000028779                rpl_neighbor_select_best
                0x0000000000028825                rpl_neighbor_init
 .text          0x0000000000028844      0xa19 obj_cooja/mtype496.a(rpl-timers.o)
                0x0000000000028844                rpl_timers_schedule_periodic_dis
                0x0000000000028992                rpl_timers_dio_reset
                0x0000000000028a83                rpl_timers_schedule_unicast_dio
                0x0000000000028c09                rpl_timers_schedule_dao
                0x0000000000028d43                rpl_timers_schedule_dao_ack
                0x0000000000028dc9                get_probing_delay
                0x0000000000028dfd                get_probing_target
                0x0000000000028fe7                rpl_schedule_probing
                0x0000000000029015                rpl_schedule_probing_now
                0x000000000002907f                rpl_timers_unschedule_leaving
                0x00000000000290b7                rpl_timers_schedule_leaving
                0x00000000000290f8                rpl_timers_init
                0x0000000000029188                rpl_timers_stop_dag_timers
                0x0000000000029201                rpl_timers_unschedule_state_update
                0x0000000000029225                rpl_timers_schedule_state_update
 .text          0x000000000002925d     0x102c obj_cooja/mtype496.a(rpl-ext-header.)
                0x000000000002925d                rpl_ext_header_srh_get_next_hop
                0x00000000000293d9                rpl_ext_header_srh_update
                0x0000000000029ad2                rpl_ext_header_hbh_update
                0x000000000002a027                rpl_ext_header_update
                0x000000000002a0b0                rpl_ext_header_remove
 .text          0x000000000002a289      0x31b obj_cooja/mtype496.a(rpl-mrhof.o)
 .text          0x000000000002a5a4        0x0 /usr/lib/gcc/i686-linux-gnu/5/crtendS.o
 .text          0x000000000002a5a4        0x0 /usr/lib/gcc/i686-linux-gnu/5/../../../i386-linux-gnu/crtn.o
 *(.gnu.warning)

.fini           0x000000000002a5a4       0x14
 *(SORT(.fini))
 .fini          0x000000000002a5a4        0xf /usr/lib/gcc/i686-linux-gnu/5/../../../i386-linux-gnu/crti.o
                0x000000000002a5a4                _fini
 .fini          0x000000000002a5b3        0x5 /usr/lib/gcc/i686-linux-gnu/5/../../../i386-linux-gnu/crtn.o
                [!provide]                        PROVIDE (__etext, .)
                [!provide]                        PROVIDE (_etext, .)
                [!provide]                        PROVIDE (etext, .)

.rodata         0x000000000002a5c0      0xba0
 *(.rodata .rodata.* .gnu.linkonce.r.*)
 .rodata        0x000000000002a5c0      0x436 mqtt-demo.o
                0x000000000002a5c8                autostart_processes
 *fill*         0x000000000002a9f6        0x2 
 .rodata        0x000000000002a9f8        0x8 obj_cooja/mtype496.a(beep.o)
                0x000000000002a9f8                beep_interface
 .rodata        0x000000000002aa00       0x20 obj_cooja/mtype496.a(button-sensor.o)
                0x000000000002aa00                button_interface
                0x000000000002aa10                button_sensor
 .rodata        0x000000000002aa20        0x8 obj_cooja/mtype496.a(leds-arch.o)
                0x000000000002aa20                leds_interface
 .rodata        0x000000000002aa28        0x8 obj_cooja/mtype496.a(moteid.o)
                0x000000000002aa28                moteid_interface
 .rodata        0x000000000002aa30       0x1c obj_cooja/mtype496.a(pir-sensor.o)
                0x000000000002aa30                pir_interface
                0x000000000002aa3c                pir_sensor
 .rodata        0x000000000002aa4c        0xe obj_cooja/mtype496.a(rs232.o)
                0x000000000002aa4c                rs232_interface
 *fill*         0x000000000002aa5a        0x2 
 .rodata        0x000000000002aa5c       0x24 obj_cooja/mtype496.a(vib-sensor.o)
                0x000000000002aa5c                vib_interface
                0x000000000002aa70                vib_sensor
 .rodata        0x000000000002aa80        0x8 obj_cooja/mtype496.a(clock.o)
                0x000000000002aa80                clock_interface
 .rodata        0x000000000002aa88        0x8 obj_cooja/mtype496.a(cooja-log.o)
                0x000000000002aa88                simlog_interface
 .rodata        0x000000000002aa90       0x2f obj_cooja/mtype496.a(cfs-cooja.o)
                0x000000000002aa90                cfs_interface
 *fill*         0x000000000002aabf        0x1 
 .rodata        0x000000000002aac0       0x58 obj_cooja/mtype496.a(cooja-radio.o)
                0x000000000002aac0                radio_interface
                0x000000000002aae0                cooja_radio_driver
 .rodata        0x000000000002ab18        0x8 obj_cooja/mtype496.a(eeprom.o)
                0x000000000002ab18                eeprom_interface
 .rodata        0x000000000002ab20        0x8 obj_cooja/mtype496.a(sensors.o)
 .rodata        0x000000000002ab28       0x14 obj_cooja/mtype496.a(mqtt.o)
 .rodata        0x000000000002ab3c       0xf4 obj_cooja/mtype496.a(contiki-main.o)
 .rodata        0x000000000002ac30        0xf obj_cooja/mtype496.a(ctimer.o)
 .rodata        0x000000000002ac3f        0xc obj_cooja/mtype496.a(etimer.o)
 *fill*         0x000000000002ac4b        0x1 
 .rodata        0x000000000002ac4c       0xc0 obj_cooja/mtype496.a(log.o)
 .rodata        0x000000000002ad0c        0xe obj_cooja/mtype496.a(serial-line.o)
 *fill*         0x000000000002ad1a        0x2 
 .rodata        0x000000000002ad1c        0x8 obj_cooja/mtype496.a(linkaddr.o)
                0x000000000002ad1c                linkaddr_null
 .rodata        0x000000000002ad24       0x20 obj_cooja/mtype496.a(csma.o)
                0x000000000002ad2c                csma_driver
 .rodata        0x000000000002ad44       0x13 obj_cooja/mtype496.a(tcp-socket.o)
 .rodata        0x000000000002ad57        0xd obj_cooja/mtype496.a(tcpip.o)
 .rodata        0x000000000002ad64       0x4d obj_cooja/mtype496.a(uip-ds6-route.o)
 *fill*         0x000000000002adb1        0x3 
 .rodata        0x000000000002adb4      0x13c obj_cooja/mtype496.a(uip6.o)
 .rodata        0x000000000002aef0       0x30 obj_cooja/mtype496.a(sicslowpan.o)
                0x000000000002aef0                unc_llconf
                0x000000000002aef4                unc_ctxconf
                0x000000000002aef8                unc_mxconf
                0x000000000002aefc                llprefix
                0x000000000002af10                sicslowpan_driver
 .rodata        0x000000000002af20       0x2d obj_cooja/mtype496.a(uiplib.o)
 *fill*         0x000000000002af4d       0x13 
 .rodata        0x000000000002af60       0x70 obj_cooja/mtype496.a(rpl.o)
                0x000000000002af80                rpl_lite_driver
 .rodata        0x000000000002afd0       0xdb obj_cooja/mtype496.a(rpl-dag.o)
 *fill*         0x000000000002b0ab        0x1 
 .rodata        0x000000000002b0ac        0xc obj_cooja/mtype496.a(framer-802154.o)
                0x000000000002b0ac                framer_802154
 .rodata        0x000000000002b0b8       0x44 obj_cooja/mtype496.a(uip-sr.o)
 .rodata        0x000000000002b0fc       0x58 obj_cooja/mtype496.a(rpl-neighbor.o)
 .rodata        0x000000000002b154        0xc obj_cooja/mtype496.a(rpl-timers.o)

.rodata1
 *(.rodata1)

.eh_frame_hdr   0x000000000002b160     0x1664
 *(.eh_frame_hdr)
 .eh_frame_hdr  0x000000000002b160     0x1664 mqtt-demo.o
                0x000000000002b160                __GNU_EH_FRAME_HDR
 *(.eh_frame_entry .eh_frame_entry.*)

.eh_frame       0x000000000002c7c4     0x5ab8
 *(.eh_frame)
 .eh_frame      0x000000000002c7c4       0x3c /usr/lib/gcc/i686-linux-gnu/5/../../../i386-linux-gnu/crti.o
                                         0x40 (size before relaxing)
 .eh_frame      0x000000000002c800      0x208 mqtt-demo.o
                                        0x220 (size before relaxing)
 .eh_frame      0x000000000002ca08      0x178 obj_cooja/mtype496.o
                                        0x190 (size before relaxing)
 .eh_frame      0x000000000002cb80       0x40 obj_cooja/mtype496.a(simEnvChange.o)
                                         0x58 (size before relaxing)
 .eh_frame      0x000000000002cbc0       0x60 obj_cooja/mtype496.a(cooja_mt.o)
                                         0x78 (size before relaxing)
 .eh_frame      0x000000000002cc20       0x80 obj_cooja/mtype496.a(cooja_mtarch.o)
                                         0x98 (size before relaxing)
 .eh_frame      0x000000000002cca0       0xc8 obj_cooja/mtype496.a(rtimer-arch.o)
                                         0xe0 (size before relaxing)
 .eh_frame      0x000000000002cd68      0x160 obj_cooja/mtype496.a(beep.o)
                                        0x178 (size before relaxing)
 .eh_frame      0x000000000002cec8       0xa0 obj_cooja/mtype496.a(button-sensor.o)
                                         0xb8 (size before relaxing)
 .eh_frame      0x000000000002cf68       0xa0 obj_cooja/mtype496.a(leds-arch.o)
                                         0xb8 (size before relaxing)
 .eh_frame      0x000000000002d008       0x40 obj_cooja/mtype496.a(moteid.o)
                                         0x58 (size before relaxing)
 .eh_frame      0x000000000002d048       0xa0 obj_cooja/mtype496.a(pir-sensor.o)
                                         0xb8 (size before relaxing)
 .eh_frame      0x000000000002d0e8      0x100 obj_cooja/mtype496.a(rs232.o)
                                        0x118 (size before relaxing)
 .eh_frame      0x000000000002d1e8       0xa0 obj_cooja/mtype496.a(vib-sensor.o)
                                         0xb8 (size before relaxing)
 .eh_frame      0x000000000002d288       0xc0 obj_cooja/mtype496.a(clock.o)
                                         0xd8 (size before relaxing)
 .eh_frame      0x000000000002d348      0x120 obj_cooja/mtype496.a(cooja-log.o)
                                        0x138 (size before relaxing)
 .eh_frame      0x000000000002d468      0x160 obj_cooja/mtype496.a(cfs-cooja.o)
                                        0x178 (size before relaxing)
 .eh_frame      0x000000000002d5c8      0x340 obj_cooja/mtype496.a(cooja-radio.o)
                                        0x358 (size before relaxing)
 .eh_frame      0x000000000002d908       0xa0 obj_cooja/mtype496.a(eeprom.o)
                                         0xb8 (size before relaxing)
 .eh_frame      0x000000000002d9a8       0x40 obj_cooja/mtype496.a(random.o)
                                         0x58 (size before relaxing)
 .eh_frame      0x000000000002d9e8       0xc0 obj_cooja/mtype496.a(sensors.o)
                                         0xd8 (size before relaxing)
 .eh_frame      0x000000000002daa8       0xe0 obj_cooja/mtype496.a(leds.o)
                                         0xf8 (size before relaxing)
 .eh_frame      0x000000000002db88      0x4a4 obj_cooja/mtype496.a(mqtt.o)
                                        0x4bc (size before relaxing)
 .eh_frame      0x000000000002e02c       0x30 obj_cooja/mtype496.a(contiki-main.o)
                                         0x48 (size before relaxing)
 .eh_frame      0x000000000002e05c       0x40 obj_cooja/mtype496.a(autostart.o)
                                         0x58 (size before relaxing)
 .eh_frame      0x000000000002e09c      0x100 obj_cooja/mtype496.a(ctimer.o)
                                        0x118 (size before relaxing)
 .eh_frame      0x000000000002e19c       0x60 obj_cooja/mtype496.a(energest.o)
                                         0x78 (size before relaxing)
 .eh_frame      0x000000000002e1fc      0x1e0 obj_cooja/mtype496.a(etimer.o)
                                        0x1f8 (size before relaxing)
 .eh_frame      0x000000000002e3dc      0x100 obj_cooja/mtype496.a(log.o)
                                        0x118 (size before relaxing)
 .eh_frame      0x000000000002e4dc      0x1c4 obj_cooja/mtype496.a(process.o)
                                        0x1dc (size before relaxing)
 .eh_frame      0x000000000002e6a0       0x60 obj_cooja/mtype496.a(rtimer.o)
                                         0x78 (size before relaxing)
 .eh_frame      0x000000000002e700       0x20 obj_cooja/mtype496.a(node-id.o)
                                         0x38 (size before relaxing)
 .eh_frame      0x000000000002e720       0xa4 obj_cooja/mtype496.a(timer.o)
                                         0xbc (size before relaxing)
 .eh_frame      0x000000000002e7c4       0x60 obj_cooja/mtype496.a(serial-line.o)
                                         0x78 (size before relaxing)
 .eh_frame      0x000000000002e824      0x1a0 obj_cooja/mtype496.a(list.o)
                                        0x1b8 (size before relaxing)
 .eh_frame      0x000000000002e9c4       0xa0 obj_cooja/mtype496.a(ringbuf.o)
                                         0xb8 (size before relaxing)
 .eh_frame      0x000000000002ea64      0x28c obj_cooja/mtype496.a(packetbuf.o)
                                        0x2a4 (size before relaxing)
 .eh_frame      0x000000000002ecf0       0x80 obj_cooja/mtype496.a(netstack.o)
                                         0x98 (size before relaxing)
 .eh_frame      0x000000000002ed70       0x60 obj_cooja/mtype496.a(linkaddr.o)
                                         0x78 (size before relaxing)
 .eh_frame      0x000000000002edd0       0xa0 obj_cooja/mtype496.a(csma.o)
                                         0xb8 (size before relaxing)
 .eh_frame      0x000000000002ee70      0x1d4 obj_cooja/mtype496.a(csma-output.o)
                                        0x1ec (size before relaxing)
 .eh_frame      0x000000000002f044      0x2e8 obj_cooja/mtype496.a(uip-ds6.o)
                                        0x300 (size before relaxing)
 .eh_frame      0x000000000002f32c      0x248 obj_cooja/mtype496.a(tcp-socket.o)
                                        0x260 (size before relaxing)
 .eh_frame      0x000000000002f574      0x308 obj_cooja/mtype496.a(tcpip.o)
                                        0x320 (size before relaxing)
 .eh_frame      0x000000000002f87c      0x220 obj_cooja/mtype496.a(uip-ds6-route.o)
                                        0x238 (size before relaxing)
 .eh_frame      0x000000000002fa9c      0x274 obj_cooja/mtype496.a(uip6.o)
                                        0x28c (size before relaxing)
 .eh_frame      0x000000000002fd10      0x1c0 obj_cooja/mtype496.a(uip-ds6-nbr.o)
                                        0x1d8 (size before relaxing)
 .eh_frame      0x000000000002fed0       0x84 obj_cooja/mtype496.a(uip-nd6.o)
                                         0x9c (size before relaxing)
 .eh_frame      0x000000000002ff54      0x2f8 obj_cooja/mtype496.a(sicslowpan.o)
                                        0x310 (size before relaxing)
 .eh_frame      0x000000000003024c       0x88 obj_cooja/mtype496.a(uiplib.o)
                                         0xa0 (size before relaxing)
 .eh_frame      0x00000000000302d4      0x1e0 obj_cooja/mtype496.a(rpl.o)
                                        0x1f8 (size before relaxing)
 .eh_frame      0x00000000000304b4      0x1c4 obj_cooja/mtype496.a(rpl-icmp6.o)
                                        0x1dc (size before relaxing)
 .eh_frame      0x0000000000030678      0x370 obj_cooja/mtype496.a(rpl-dag.o)
                                        0x388 (size before relaxing)
 .eh_frame      0x00000000000309e8       0xa0 obj_cooja/mtype496.a(rpl-dag-root.o)
                                         0xb8 (size before relaxing)
 .eh_frame      0x0000000000030a88       0xa0 obj_cooja/mtype496.a(watchdog.o)
                                         0xb8 (size before relaxing)
 .eh_frame      0x0000000000030b28       0xc4 obj_cooja/mtype496.a(stimer.o)
                                         0xdc (size before relaxing)
 .eh_frame      0x0000000000030bec       0xa0 obj_cooja/mtype496.a(memb.o)
                                         0xb8 (size before relaxing)
 .eh_frame      0x0000000000030c8c      0x1a0 obj_cooja/mtype496.a(queuebuf.o)
                                        0x1b8 (size before relaxing)
 .eh_frame      0x0000000000030e2c      0x2ac obj_cooja/mtype496.a(nbr-table.o)
                                        0x2c4 (size before relaxing)
 .eh_frame      0x00000000000310d8      0x100 obj_cooja/mtype496.a(link-stats.o)
                                        0x118 (size before relaxing)
 .eh_frame      0x00000000000311d8       0x48 obj_cooja/mtype496.a(mac-sequence.o)
                                         0x60 (size before relaxing)
 .eh_frame      0x0000000000031220       0x20 obj_cooja/mtype496.a(mac.o)
                                         0x38 (size before relaxing)
 .eh_frame      0x0000000000031240       0xa4 obj_cooja/mtype496.a(framer-802154.o)
                                         0xbc (size before relaxing)
 .eh_frame      0x00000000000312e4      0x1a4 obj_cooja/mtype496.a(frame802154.o)
                                        0x1bc (size before relaxing)
 .eh_frame      0x0000000000031488      0x100 obj_cooja/mtype496.a(uipbuf.o)
                                        0x118 (size before relaxing)
 .eh_frame      0x0000000000031588      0x160 obj_cooja/mtype496.a(uip-icmp6.o)
                                        0x178 (size before relaxing)
 .eh_frame      0x00000000000316e8      0x184 obj_cooja/mtype496.a(uip-sr.o)
                                        0x19c (size before relaxing)
 .eh_frame      0x000000000003186c       0xe0 obj_cooja/mtype496.a(uip-packetqueue)
                                         0xf8 (size before relaxing)
 .eh_frame      0x000000000003194c       0x80 obj_cooja/mtype496.a(rpl-nbr-policy.)
                                         0x98 (size before relaxing)
 .eh_frame      0x00000000000319cc      0x2d4 obj_cooja/mtype496.a(rpl-neighbor.o)
                                        0x2ec (size before relaxing)
 .eh_frame      0x0000000000031ca0      0x368 obj_cooja/mtype496.a(rpl-timers.o)
                                        0x380 (size before relaxing)
 .eh_frame      0x0000000000032008      0x128 obj_cooja/mtype496.a(rpl-ext-header.)
                                        0x140 (size before relaxing)
 .eh_frame      0x0000000000032130      0x148 obj_cooja/mtype496.a(rpl-mrhof.o)
                                        0x160 (size before relaxing)
 .eh_frame      0x0000000000032278        0x4 /usr/lib/gcc/i686-linux-gnu/5/crtendS.o
 *(.eh_frame.*)

.gcc_except_table
 *(.gcc_except_table .gcc_except_table.*)

.gnu_extab
 *(.gnu_extab*)

.exception_ranges
 *(.exception_ranges .exception_ranges*)
                0x0000000000033f10                . = DATA_SEGMENT_ALIGN (0x1000, 0x1000)

.eh_frame
 *(.eh_frame)
 *(.eh_frame.*)

.gnu_extab
 *(.gnu_extab)

.gcc_except_table
 *(.gcc_except_table .gcc_except_table.*)

.exception_ranges
 *(.exception_ranges .exception_ranges*)

.tdata
 *(.tdata .tdata.* .gnu.linkonce.td.*)

.tbss
 *(.tbss .tbss.* .gnu.linkonce.tb.*)
 *(.tcommon)

.preinit_array
 *(.preinit_array)

.init_array     0x0000000000033f10        0x4
 *(SORT(.init_array.*) SORT(.ctors.*))
 *(.init_array EXCLUDE_FILE(*crtend?.o *crtend.o *crtbegin?.o *crtbegin.o) .ctors)
 .init_array    0x0000000000033f10        0x4 /usr/lib/gcc/i686-linux-gnu/5/crtbeginS.o

.fini_array     0x0000000000033f14        0x4
 *(SORT(.fini_array.*) SORT(.dtors.*))
 *(.fini_array EXCLUDE_FILE(*crtend?.o *crtend.o *crtbegin?.o *crtbegin.o) .dtors)
 .fini_array    0x0000000000033f14        0x4 /usr/lib/gcc/i686-linux-gnu/5/crtbeginS.o

.ctors
 *crtbegin.o(.ctors)
 *crtbegin?.o(.ctors)
 *(EXCLUDE_FILE(*crtend?.o *crtend.o) .ctors)
 *(SORT(.ctors.*))
 *(.ctors)

.dtors
 *crtbegin.o(.dtors)
 *crtbegin?.o(.dtors)
 *(EXCLUDE_FILE(*crtend?.o *crtend.o) .dtors)
 *(SORT(.dtors.*))
 *(.dtors)

.jcr            0x0000000000033f18        0x4
 *(.jcr)
 .jcr           0x0000000000033f18        0x0 /usr/lib/gcc/i686-linux-gnu/5/crtbeginS.o
 .jcr           0x0000000000033f18        0x4 /usr/lib/gcc/i686-linux-gnu/5/crtendS.o

.data.rel.ro
 *(.data.rel.ro.local* .gnu.linkonce.d.rel.ro.local.*)
 *(.data.rel.ro .data.rel.ro.* .gnu.linkonce.d.rel.ro.*)

.dynamic        0x0000000000033f1c       0xd0
 *(.dynamic)
 .dynamic       0x0000000000033f1c       0xd0 /usr/lib/gcc/i686-linux-gnu/5/../../../i386-linux-gnu/crti.o
                0x0000000000033f1c                _DYNAMIC

.got            0x0000000000033fec       0x14
 *(.got)
 .got           0x0000000000033fec       0x14 /usr/lib/gcc/i686-linux-gnu/5/../../../i386-linux-gnu/crti.o
 *(.igot)
                0x0000000000034ff4                . = DATA_SEGMENT_RELRO_END (., (SIZEOF (.got.plt) >= 0xc)?0xc:0x0)

.got.plt        0x0000000000034000        0xc
 *(.got.plt)
 .got.plt       0x0000000000034000        0xc /usr/lib/gcc/i686-linux-gnu/5/../../../i386-linux-gnu/crti.o
                0x0000000000034000                _GLOBAL_OFFSET_TABLE_
 *(.igot.plt)

.data           0x0000000000034020      0x324
 *(.data .data.* .gnu.linkonce.d.*)
 .data          0x0000000000034020        0x0 /usr/lib/gcc/i686-linux-gnu/5/../../../i386-linux-gnu/crti.o
 .data          0x0000000000034020        0x0 /usr/lib/gcc/i686-linux-gnu/5/crtbeginS.o
 .data.rel.local
                0x0000000000034020        0x4 /usr/lib/gcc/i686-linux-gnu/5/crtbeginS.o
                0x0000000000034020                __dso_handle
 .data          0x0000000000034024       0x14 mqtt-demo.o
                0x0000000000034028                mqtt_demo_process
 *fill*         0x0000000000034038        0x8 
 .data          0x0000000000034040       0x44 obj_cooja/mtype496.o
                0x0000000000034040                simInterfaces
                0x0000000000034074                sensors
 .data          0x0000000000034084        0x0 obj_cooja/mtype496.a(simEnvChange.o)
 .data          0x0000000000034084        0x0 obj_cooja/mtype496.a(cooja_mt.o)
 .data          0x0000000000034084        0x0 obj_cooja/mtype496.a(cooja_mtarch.o)
 .data          0x0000000000034084        0x0 obj_cooja/mtype496.a(rtimer-arch.o)
 .data          0x0000000000034084        0x0 obj_cooja/mtype496.a(beep.o)
 .data          0x0000000000034084        0x0 obj_cooja/mtype496.a(button-sensor.o)
 .data          0x0000000000034084        0x0 obj_cooja/mtype496.a(leds-arch.o)
 .data          0x0000000000034084        0x0 obj_cooja/mtype496.a(moteid.o)
 .data          0x0000000000034084        0x0 obj_cooja/mtype496.a(pir-sensor.o)
 .data          0x0000000000034084        0x0 obj_cooja/mtype496.a(rs232.o)
 .data          0x0000000000034084        0x0 obj_cooja/mtype496.a(vib-sensor.o)
 .data          0x0000000000034084        0x0 obj_cooja/mtype496.a(clock.o)
 .data          0x0000000000034084        0x0 obj_cooja/mtype496.a(cooja-log.o)
 .data          0x0000000000034084        0x0 obj_cooja/mtype496.a(cfs-cooja.o)
 .data          0x0000000000034084       0x2c obj_cooja/mtype496.a(cooja-radio.o)
                0x0000000000034084                simRadioHWOn
                0x0000000000034088                simSignalStrength
                0x000000000003408c                simLastSignalStrength
                0x0000000000034090                simPower
                0x0000000000034094                simRadioChannel
                0x0000000000034098                simLQI
                0x00000000000340a0                cooja_radio_process
 .data          0x00000000000340b0        0x0 obj_cooja/mtype496.a(eeprom.o)
 .data          0x00000000000340b0        0x0 obj_cooja/mtype496.a(random.o)
 .data          0x00000000000340b0       0x10 obj_cooja/mtype496.a(sensors.o)
                0x00000000000340b0                sensors_process
 .data          0x00000000000340c0        0x0 obj_cooja/mtype496.a(leds.o)
 .data          0x00000000000340c0       0x14 obj_cooja/mtype496.a(mqtt.o)
                0x00000000000340c4                mqtt_process
 .data          0x00000000000340d4        0x0 obj_cooja/mtype496.a(contiki-main.o)
 .data          0x00000000000340d4        0x0 obj_cooja/mtype496.a(autostart.o)
 .data          0x00000000000340d4       0x14 obj_cooja/mtype496.a(ctimer.o)
                0x00000000000340d8                ctimer_process
 .data          0x00000000000340e8        0x0 obj_cooja/mtype496.a(energest.o)
 .data          0x00000000000340e8       0x10 obj_cooja/mtype496.a(etimer.o)
                0x00000000000340e8                etimer_process
 *fill*         0x00000000000340f8        0x8 
 .data          0x0000000000034100       0xb0 obj_cooja/mtype496.a(log.o)
                0x0000000000034100                curr_log_level_main
                0x0000000000034120                all_modules
 .data          0x00000000000341b0        0x0 obj_cooja/mtype496.a(process.o)
 .data          0x00000000000341b0        0x0 obj_cooja/mtype496.a(rtimer.o)
 .data          0x00000000000341b0        0x0 obj_cooja/mtype496.a(node-id.o)
 .data          0x00000000000341b0        0x0 obj_cooja/mtype496.a(timer.o)
 .data          0x00000000000341b0       0x10 obj_cooja/mtype496.a(serial-line.o)
                0x00000000000341b0                serial_line_process
 .data          0x00000000000341c0        0x0 obj_cooja/mtype496.a(list.o)
 .data          0x00000000000341c0        0x0 obj_cooja/mtype496.a(ringbuf.o)
 .data          0x00000000000341c0        0x4 obj_cooja/mtype496.a(packetbuf.o)
 .data          0x00000000000341c4        0x4 obj_cooja/mtype496.a(netstack.o)
 .data          0x00000000000341c8        0x0 obj_cooja/mtype496.a(linkaddr.o)
 .data          0x00000000000341c8        0x0 obj_cooja/mtype496.a(csma.o)
 .data          0x00000000000341c8       0x28 obj_cooja/mtype496.a(csma-output.o)
 .data          0x00000000000341f0        0x0 obj_cooja/mtype496.a(uip-ds6.o)
 .data          0x00000000000341f0       0x14 obj_cooja/mtype496.a(tcp-socket.o)
                0x00000000000341f4                tcp_socket_process
 .data          0x0000000000034204       0x10 obj_cooja/mtype496.a(tcpip.o)
                0x0000000000034204                tcpip_process
 .data          0x0000000000034214       0x10 obj_cooja/mtype496.a(uip-ds6-route.o)
 .data          0x0000000000034224        0x0 obj_cooja/mtype496.a(uip6.o)
 .data          0x0000000000034224       0x14 obj_cooja/mtype496.a(uip-ds6-nbr.o)
                0x0000000000034234                ds6_neighbors
 .data          0x0000000000034238        0xc obj_cooja/mtype496.a(uip-nd6.o)
 .data          0x0000000000034244        0x0 obj_cooja/mtype496.a(sicslowpan.o)
 .data          0x0000000000034244        0x0 obj_cooja/mtype496.a(uiplib.o)
 .data          0x0000000000034244        0x0 obj_cooja/mtype496.a(rpl.o)
 .data          0x0000000000034244       0x30 obj_cooja/mtype496.a(rpl-icmp6.o)
 .data          0x0000000000034274        0x0 obj_cooja/mtype496.a(rpl-dag.o)
 .data          0x0000000000034274        0x0 obj_cooja/mtype496.a(rpl-dag-root.o)
 .data          0x0000000000034274        0x0 obj_cooja/mtype496.a(watchdog.o)
 .data          0x0000000000034274        0x0 obj_cooja/mtype496.a(stimer.o)
 .data          0x0000000000034274        0x0 obj_cooja/mtype496.a(memb.o)
 .data          0x0000000000034274       0x18 obj_cooja/mtype496.a(queuebuf.o)
 .data          0x000000000003428c       0x10 obj_cooja/mtype496.a(nbr-table.o)
 .data          0x000000000003429c       0x14 obj_cooja/mtype496.a(link-stats.o)
 .data          0x00000000000342b0        0x0 obj_cooja/mtype496.a(mac-sequence.o)
 .data          0x00000000000342b0        0x0 obj_cooja/mtype496.a(mac.o)
 .data          0x00000000000342b0        0x0 obj_cooja/mtype496.a(framer-802154.o)
 .data          0x00000000000342b0        0x2 obj_cooja/mtype496.a(frame802154.o)
 .data          0x00000000000342b2        0x0 obj_cooja/mtype496.a(uipbuf.o)
 *fill*         0x00000000000342b2        0x2 
 .data          0x00000000000342b4       0x20 obj_cooja/mtype496.a(uip-icmp6.o)
 .data          0x00000000000342d4       0x10 obj_cooja/mtype496.a(uip-sr.o)
 .data          0x00000000000342e4        0xc obj_cooja/mtype496.a(uip-packetqueue)
 .data          0x00000000000342f0        0x0 obj_cooja/mtype496.a(rpl-nbr-policy.)
 .data          0x00000000000342f0       0x14 obj_cooja/mtype496.a(rpl-neighbor.o)
                0x0000000000034300                rpl_neighbors
 .data          0x0000000000034304        0x0 obj_cooja/mtype496.a(rpl-timers.o)
 .data          0x0000000000034304        0x0 obj_cooja/mtype496.a(rpl-ext-header.)
 *fill*         0x0000000000034304       0x1c 
 .data          0x0000000000034320       0x24 obj_cooja/mtype496.a(rpl-mrhof.o)
                0x0000000000034320                rpl_mrhof
 .data          0x0000000000034344        0x0 /usr/lib/gcc/i686-linux-gnu/5/crtendS.o
 .data          0x0000000000034344        0x0 /usr/lib/gcc/i686-linux-gnu/5/../../../i386-linux-gnu/crtn.o

.tm_clone_table
                0x0000000000034344        0x0
 .tm_clone_table
                0x0000000000034344        0x0 /usr/lib/gcc/i686-linux-gnu/5/crtbeginS.o
 .tm_clone_table
                0x0000000000034344        0x0 /usr/lib/gcc/i686-linux-gnu/5/crtendS.o

.data1
 *(.data1)
                0x0000000000034344                _edata = .
                [!provide]                        PROVIDE (edata, .)
                0x0000000000034344                . = .
                0x0000000000034344                __bss_start = .

.bss            0x0000000000034360    0x14600
 *(.dynbss)
 .dynbss        0x0000000000034360        0x0 /usr/lib/gcc/i686-linux-gnu/5/../../../i386-linux-gnu/crti.o
 *(.bss .bss.* .gnu.linkonce.b.*)
 .bss           0x0000000000034360        0x0 /usr/lib/gcc/i686-linux-gnu/5/../../../i386-linux-gnu/crti.o
 .bss           0x0000000000034360        0x1 /usr/lib/gcc/i686-linux-gnu/5/crtbeginS.o
 *fill*         0x0000000000034361       0x1f 
 .bss           0x0000000000034380      0xb70 mqtt-demo.o
 *fill*         0x0000000000034ef0       0x10 
 .bss           0x0000000000034f00     0x2030 obj_cooja/mtype496.o
 .bss           0x0000000000036f30        0x1 obj_cooja/mtype496.a(simEnvChange.o)
                0x0000000000036f30                simDontFallAsleep
 *fill*         0x0000000000036f31        0x3 
 .bss           0x0000000000036f34        0x4 obj_cooja/mtype496.a(cooja_mt.o)
 .bss           0x0000000000036f38        0x4 obj_cooja/mtype496.a(cooja_mtarch.o)
 .bss           0x0000000000036f3c        0x0 obj_cooja/mtype496.a(rtimer-arch.o)
 .bss           0x0000000000036f3c        0x0 obj_cooja/mtype496.a(beep.o)
 .bss           0x0000000000036f3c        0x8 obj_cooja/mtype496.a(button-sensor.o)
 .bss           0x0000000000036f44        0x0 obj_cooja/mtype496.a(leds-arch.o)
 .bss           0x0000000000036f44        0x0 obj_cooja/mtype496.a(moteid.o)
 .bss           0x0000000000036f44        0x1 obj_cooja/mtype496.a(pir-sensor.o)
                0x0000000000036f44                simPirValue
 *fill*         0x0000000000036f45        0x3 
 .bss           0x0000000000036f48        0x4 obj_cooja/mtype496.a(rs232.o)
 .bss           0x0000000000036f4c        0x1 obj_cooja/mtype496.a(vib-sensor.o)
                0x0000000000036f4c                simVibValue
 .bss           0x0000000000036f4d        0x0 obj_cooja/mtype496.a(clock.o)
 *fill*         0x0000000000036f4d       0x13 
 .bss           0x0000000000036f60     0x2020 obj_cooja/mtype496.a(cooja-log.o)
 .bss           0x0000000000038f80      0xfc0 obj_cooja/mtype496.a(cfs-cooja.o)
                0x0000000000038f80                simCFSData
                0x0000000000039f20                simCFSSize
                0x0000000000039f24                simCFSChanged
                0x0000000000039f28                simCFSRead
                0x0000000000039f2c                simCFSWritten
 .bss           0x0000000000039f40       0x24 obj_cooja/mtype496.a(cooja-radio.o)
                0x0000000000039f40                simReceiving
                0x0000000000039f44                simInSize
                0x0000000000039f48                simLastPacketTimestamp
                0x0000000000039f50                simOutSize
 .bss           0x0000000000039f64        0xc obj_cooja/mtype496.a(eeprom.o)
                0x0000000000039f64                simEEPROMChanged
                0x0000000000039f68                simEEPROMRead
                0x0000000000039f6c                simEEPROMWritten
 .bss           0x0000000000039f70        0x0 obj_cooja/mtype496.a(random.o)
 .bss           0x0000000000039f70        0xc obj_cooja/mtype496.a(sensors.o)
 .bss           0x0000000000039f7c        0x0 obj_cooja/mtype496.a(leds.o)
 .bss           0x0000000000039f7c       0x15 obj_cooja/mtype496.a(mqtt.o)
 .bss           0x0000000000039f91        0x0 obj_cooja/mtype496.a(contiki-main.o)
 .bss           0x0000000000039f91        0x0 obj_cooja/mtype496.a(autostart.o)
 *fill*         0x0000000000039f91        0x3 
 .bss           0x0000000000039f94        0x5 obj_cooja/mtype496.a(ctimer.o)
 .bss           0x0000000000039f99        0x0 obj_cooja/mtype496.a(energest.o)
 *fill*         0x0000000000039f99        0x3 
 .bss           0x0000000000039f9c        0x8 obj_cooja/mtype496.a(etimer.o)
 .bss           0x0000000000039fa4       0x28 obj_cooja/mtype496.a(log.o)
                0x0000000000039fa4                curr_log_level_rpl
                0x0000000000039fa8                curr_log_level_tcpip
                0x0000000000039fac                curr_log_level_ipv6
                0x0000000000039fb0                curr_log_level_6lowpan
                0x0000000000039fb4                curr_log_level_nullnet
                0x0000000000039fb8                curr_log_level_mac
                0x0000000000039fbc                curr_log_level_framer
                0x0000000000039fc0                curr_log_level_6top
                0x0000000000039fc4                curr_log_level_coap
                0x0000000000039fc8                curr_log_level_lwm2m
 *fill*         0x0000000000039fcc       0x14 
 .bss           0x0000000000039fe0      0x1a1 obj_cooja/mtype496.a(process.o)
                0x0000000000039fe0                process_list
                0x0000000000039fe4                process_current
 *fill*         0x000000000003a181        0x3 
 .bss           0x000000000003a184        0x4 obj_cooja/mtype496.a(rtimer.o)
 .bss           0x000000000003a188        0x2 obj_cooja/mtype496.a(node-id.o)
                0x000000000003a188                node_id
 .bss           0x000000000003a18a        0x0 obj_cooja/mtype496.a(timer.o)
 *fill*         0x000000000003a18a       0x16 
 .bss           0x000000000003a1a0      0x140 obj_cooja/mtype496.a(serial-line.o)
 .bss           0x000000000003a2e0        0x0 obj_cooja/mtype496.a(list.o)
 .bss           0x000000000003a2e0        0x0 obj_cooja/mtype496.a(ringbuf.o)
 .bss           0x000000000003a2e0       0xa0 obj_cooja/mtype496.a(packetbuf.o)
 .bss           0x000000000003a380        0x4 obj_cooja/mtype496.a(netstack.o)
 .bss           0x000000000003a384        0x0 obj_cooja/mtype496.a(linkaddr.o)
 .bss           0x000000000003a384        0x0 obj_cooja/mtype496.a(csma.o)
 *fill*         0x000000000003a384       0x1c 
 .bss           0x000000000003a3a0      0x726 obj_cooja/mtype496.a(csma-output.o)
 *fill*         0x000000000003aac6        0x2 
 .bss           0x000000000003aac8       0x20 obj_cooja/mtype496.a(uip-ds6.o)
 .bss           0x000000000003aae8        0x5 obj_cooja/mtype496.a(tcp-socket.o)
 *fill*         0x000000000003aaed       0x13 
 .bss           0x000000000003ab00       0xc4 obj_cooja/mtype496.a(tcpip.o)
 *fill*         0x000000000003abc4       0x1c 
 .bss           0x000000000003abe0       0x60 obj_cooja/mtype496.a(uip-ds6-route.o)
 .bss           0x000000000003ac40        0xc obj_cooja/mtype496.a(uip6.o)
                0x000000000003ac40                uip_ext_bitmap
                0x000000000003ac41                uip_ext_len
                0x000000000003ac42                uip_ext_opt_offset
 *fill*         0x000000000003ac4c       0x14 
 .bss           0x000000000003ac60     0x1c20 obj_cooja/mtype496.a(uip-ds6-nbr.o)
 .bss           0x000000000003c880       0x10 obj_cooja/mtype496.a(uip-nd6.o)
 *fill*         0x000000000003c890       0x10 
 .bss           0x000000000003c8a0      0x724 obj_cooja/mtype496.a(sicslowpan.o)
 .bss           0x000000000003cfc4        0x0 obj_cooja/mtype496.a(uiplib.o)
 .bss           0x000000000003cfc4        0x1 obj_cooja/mtype496.a(rpl.o)
 .bss           0x000000000003cfc5        0x0 obj_cooja/mtype496.a(rpl-icmp6.o)
 .bss           0x000000000003cfc5        0x0 obj_cooja/mtype496.a(rpl-dag.o)
 *fill*         0x000000000003cfc5        0x3 
 .bss           0x000000000003cfc8       0x11 obj_cooja/mtype496.a(rpl-dag-root.o)
 .bss           0x000000000003cfd9        0x0 obj_cooja/mtype496.a(watchdog.o)
 .bss           0x000000000003cfd9        0x0 obj_cooja/mtype496.a(stimer.o)
 .bss           0x000000000003cfd9        0x0 obj_cooja/mtype496.a(memb.o)
 *fill*         0x000000000003cfd9        0x7 
 .bss           0x000000000003cfe0     0x2c80 obj_cooja/mtype496.a(queuebuf.o)
 .bss           0x000000000003fc60     0x1214 obj_cooja/mtype496.a(nbr-table.o)
 *fill*         0x0000000000040e74        0xc 
 .bss           0x0000000000040e80      0xe10 obj_cooja/mtype496.a(link-stats.o)
 *fill*         0x0000000000041c90       0x10 
 .bss           0x0000000000041ca0      0x100 obj_cooja/mtype496.a(mac-sequence.o)
 .bss           0x0000000000041da0        0x0 obj_cooja/mtype496.a(mac.o)
 .bss           0x0000000000041da0        0x2 obj_cooja/mtype496.a(framer-802154.o)
 .bss           0x0000000000041da2        0x0 obj_cooja/mtype496.a(frame802154.o)
 *fill*         0x0000000000041da2        0x2 
 .bss           0x0000000000041da4        0xc obj_cooja/mtype496.a(uipbuf.o)
 .bss           0x0000000000041db0       0x18 obj_cooja/mtype496.a(uip-icmp6.o)
 *fill*         0x0000000000041dc8       0x18 
 .bss           0x0000000000041de0     0x1d80 obj_cooja/mtype496.a(uip-sr.o)
 .bss           0x0000000000043b60      0xa78 obj_cooja/mtype496.a(uip-packetqueue)
 .bss           0x00000000000445d8        0xe obj_cooja/mtype496.a(rpl-nbr-policy.)
 *fill*         0x00000000000445e6       0x1a 
 .bss           0x0000000000044600      0x960 obj_cooja/mtype496.a(rpl-neighbor.o)
 .bss           0x0000000000044f60       0x40 obj_cooja/mtype496.a(rpl-timers.o)
 .bss           0x0000000000044fa0        0x0 obj_cooja/mtype496.a(rpl-ext-header.)
 .bss           0x0000000000044fa0        0x0 obj_cooja/mtype496.a(rpl-mrhof.o)
 .bss           0x0000000000044fa0        0x0 /usr/lib/gcc/i686-linux-gnu/5/crtendS.o
 .bss           0x0000000000044fa0        0x0 /usr/lib/gcc/i686-linux-gnu/5/../../../i386-linux-gnu/crtn.o
 *(COMMON)
 COMMON         0x0000000000044fa0        0x8 obj_cooja/mtype496.o
                0x0000000000044fa0                referenceVar
                0x0000000000044fa4                sensors_flags
 COMMON         0x0000000000044fa8        0xc obj_cooja/mtype496.a(simEnvChange.o)
                0x0000000000044fa8                simEtimerPending
                0x0000000000044fac                simProcessRunValue
                0x0000000000044fb0                simEtimerNextExpirationTime
 *fill*         0x0000000000044fb4        0x4 
 COMMON         0x0000000000044fb8       0x18 obj_cooja/mtype496.a(rtimer-arch.o)
                0x0000000000044fb8                simRtimerPending
                0x0000000000044fc0                simRtimerCurrentTicks
                0x0000000000044fc8                simRtimerNextExpirationTime
 COMMON         0x0000000000044fd0        0x1 obj_cooja/mtype496.a(beep.o)
                0x0000000000044fd0                simBeeped
 COMMON         0x0000000000044fd1        0x3 obj_cooja/mtype496.a(button-sensor.o)
                0x0000000000044fd1                simButtonIsActive
                0x0000000000044fd2                simButtonIsDown
                0x0000000000044fd3                simButtonChanged
 COMMON         0x0000000000044fd4        0x1 obj_cooja/mtype496.a(leds-arch.o)
                0x0000000000044fd4                simLedsValue
 *fill*         0x0000000000044fd5        0x3 
 COMMON         0x0000000000044fd8        0xc obj_cooja/mtype496.a(moteid.o)
                0x0000000000044fd8                simRandomSeed
                0x0000000000044fdc                simMoteIDChanged
                0x0000000000044fe0                simMoteID
 COMMON         0x0000000000044fe4        0x2 obj_cooja/mtype496.a(pir-sensor.o)
                0x0000000000044fe4                simPirIsActive
                0x0000000000044fe5                simPirChanged
 *fill*         0x0000000000044fe6       0x1a 
 COMMON         0x0000000000045000      0x820 obj_cooja/mtype496.a(rs232.o)
                0x0000000000045000                simSerialReceivingFlag
                0x0000000000045004                simSerialReceivingLength
                0x0000000000045020                simSerialReceivingData
 COMMON         0x0000000000045820        0x2 obj_cooja/mtype496.a(vib-sensor.o)
                0x0000000000045820                simVibChanged
                0x0000000000045821                simVibIsActive
 *fill*         0x0000000000045822        0x2 
 COMMON         0x0000000000045824        0x4 obj_cooja/mtype496.a(clock.o)
                0x0000000000045824                simCurrentTime
 *fill*         0x0000000000045828       0x18 
 COMMON         0x0000000000045840     0x2020 obj_cooja/mtype496.a(cooja-log.o)
                0x0000000000045840                simLoggedLength
                0x0000000000045844                simLoggedFlag
                0x0000000000045860                simLoggedData
 COMMON         0x0000000000047860      0x100 obj_cooja/mtype496.a(cooja-radio.o)
                0x0000000000047860                simOutDataBuffer
                0x00000000000478e0                simInDataBuffer
 COMMON         0x0000000000047960      0x400 obj_cooja/mtype496.a(eeprom.o)
                0x0000000000047960                simEEPROMData
 COMMON         0x0000000000047d60        0x1 obj_cooja/mtype496.a(sensors.o)
                0x0000000000047d60                sensors_event
 COMMON         0x0000000000047d61        0x1 obj_cooja/mtype496.a(mqtt.o)
                0x0000000000047d61                mqtt_update_event
 *fill*         0x0000000000047d62        0x2 
 COMMON         0x0000000000047d64       0x50 obj_cooja/mtype496.a(contiki-main.o)
                0x0000000000047d64                eb_per_time_source
                0x0000000000047d78                unicast_per_neighbor_rpl_storing
                0x0000000000047d8c                unicast_per_neighbor_rpl_ns
                0x0000000000047da0                default_common
 COMMON         0x0000000000047db4        0x1 obj_cooja/mtype496.a(serial-line.o)
                0x0000000000047db4                serial_line_event_message
 *fill*         0x0000000000047db5        0x3 
 COMMON         0x0000000000047db8       0x2c obj_cooja/mtype496.a(packetbuf.o)
                0x0000000000047db8                packetbuf_attrs
                0x0000000000047dd4                packetbuf_addrs
 COMMON         0x0000000000047de4        0x8 obj_cooja/mtype496.a(linkaddr.o)
                0x0000000000047de4                linkaddr_node_addr
 *fill*         0x0000000000047dec       0x14 
 COMMON         0x0000000000047e00      0x181 obj_cooja/mtype496.a(uip-ds6.o)
                0x0000000000047e00                uip_ds6_prefix_list
                0x0000000000047e60                uip_ds6_timer_periodic
                0x0000000000047e70                uip_ds6_netif_addr_list_offset
                0x0000000000047e80                uip_ds6_if
                0x0000000000047f78                uip_ds6_timer_ra
                0x0000000000047f80                uip_ds6_addr_size
 COMMON         0x0000000000047f81        0x1 obj_cooja/mtype496.a(tcpip.o)
                0x0000000000047f81                tcpip_event
 *fill*         0x0000000000047f82       0x1e 
 COMMON         0x0000000000047fa0      0x80c obj_cooja/mtype496.a(uip6.o)
                0x0000000000047fa0                uip_slen
                0x0000000000047fa4                uip_acc32
                0x0000000000047fc0                uip_conns
                0x0000000000048140                uip_lladdr
                0x0000000000048148                uip_appdata
                0x000000000004814c                uip_flags
                0x0000000000048160                uip_aligned_buf
                0x0000000000048660                uip_listenports
                0x0000000000048688                uip_len
                0x000000000004868c                uip_sappdata
                0x00000000000486a0                uip_udp_conns
                0x00000000000487a0                uip_udp_conn
                0x00000000000487a4                uip_next_hdr
                0x00000000000487a8                uip_conn
 COMMON         0x00000000000487ac       0x10 obj_cooja/mtype496.a(rpl.o)
                0x00000000000487ac                rpl_multicast_addr
 *fill*         0x00000000000487bc        0x4 
 COMMON         0x00000000000487c0      0x164 obj_cooja/mtype496.a(rpl-dag.o)
                0x00000000000487c0                curr_instance
 *fill*         0x0000000000048924       0x1c 
 COMMON         0x0000000000048940       0x20 obj_cooja/mtype496.a(link-stats.o)
                0x0000000000048940                periodic_timer
                0x0000000000048960                . = ALIGN ((. != 0x0)?0x4:0x1)
                0x0000000000048960                . = ALIGN (0x4)
                0x0000000000048960                . = SEGMENT_START ("ldata-segment", .)
                0x0000000000048960                . = ALIGN (0x4)
                0x0000000000048960                _end = .
                [!provide]                        PROVIDE (end, .)
                0x0000000000048960                . = DATA_SEGMENT_END (.)

.stab
 *(.stab)

.stabstr
 *(.stabstr)

.stab.excl
 *(.stab.excl)

.stab.exclstr
 *(.stab.exclstr)

.stab.index
 *(.stab.index)

.stab.indexstr
 *(.stab.indexstr)

.comment        0x0000000000000000       0x35
 *(.comment)
 .comment       0x0000000000000000       0x35 /usr/lib/gcc/i686-linux-gnu/5/crtbeginS.o
                                         0x36 (size before relaxing)
 .comment       0x0000000000000035       0x36 mqtt-demo.o
 .comment       0x0000000000000035       0x36 obj_cooja/mtype496.o
 .comment       0x0000000000000035       0x36 obj_cooja/mtype496.a(simEnvChange.o)
 .comment       0x0000000000000035       0x36 obj_cooja/mtype496.a(cooja_mt.o)
 .comment       0x0000000000000035       0x36 obj_cooja/mtype496.a(cooja_mtarch.o)
 .comment       0x0000000000000035       0x36 obj_cooja/mtype496.a(rtimer-arch.o)
 .comment       0x0000000000000035       0x36 obj_cooja/mtype496.a(beep.o)
 .comment       0x0000000000000035       0x36 obj_cooja/mtype496.a(button-sensor.o)
 .comment       0x0000000000000035       0x36 obj_cooja/mtype496.a(leds-arch.o)
 .comment       0x0000000000000035       0x36 obj_cooja/mtype496.a(moteid.o)
 .comment       0x0000000000000035       0x36 obj_cooja/mtype496.a(pir-sensor.o)
 .comment       0x0000000000000035       0x36 obj_cooja/mtype496.a(rs232.o)
 .comment       0x0000000000000035       0x36 obj_cooja/mtype496.a(vib-sensor.o)
 .comment       0x0000000000000035       0x36 obj_cooja/mtype496.a(clock.o)
 .comment       0x0000000000000035       0x36 obj_cooja/mtype496.a(cooja-log.o)
 .comment       0x0000000000000035       0x36 obj_cooja/mtype496.a(cfs-cooja.o)
 .comment       0x0000000000000035       0x36 obj_cooja/mtype496.a(cooja-radio.o)
 .comment       0x0000000000000035       0x36 obj_cooja/mtype496.a(eeprom.o)
 .comment       0x0000000000000035       0x36 obj_cooja/mtype496.a(random.o)
 .comment       0x0000000000000035       0x36 obj_cooja/mtype496.a(sensors.o)
 .comment       0x0000000000000035       0x36 obj_cooja/mtype496.a(leds.o)
 .comment       0x0000000000000035       0x36 obj_cooja/mtype496.a(mqtt.o)
 .comment       0x0000000000000035       0x36 obj_cooja/mtype496.a(contiki-main.o)
 .comment       0x0000000000000035       0x36 obj_cooja/mtype496.a(autostart.o)
 .comment       0x0000000000000035       0x36 obj_cooja/mtype496.a(ctimer.o)
 .comment       0x0000000000000035       0x36 obj_cooja/mtype496.a(energest.o)
 .comment       0x0000000000000035       0x36 obj_cooja/mtype496.a(etimer.o)
 .comment       0x0000000000000035       0x36 obj_cooja/mtype496.a(log.o)
 .comment       0x0000000000000035       0x36 obj_cooja/mtype496.a(process.o)
 .comment       0x0000000000000035       0x36 obj_cooja/mtype496.a(rtimer.o)
 .comment       0x0000000000000035       0x36 obj_cooja/mtype496.a(node-id.o)
 .comment       0x0000000000000035       0x36 obj_cooja/mtype496.a(timer.o)
 .comment       0x0000000000000035       0x36 obj_cooja/mtype496.a(serial-line.o)
 .comment       0x0000000000000035       0x36 obj_cooja/mtype496.a(list.o)
 .comment       0x0000000000000035       0x36 obj_cooja/mtype496.a(ringbuf.o)
 .comment       0x0000000000000035       0x36 obj_cooja/mtype496.a(packetbuf.o)
 .comment       0x0000000000000035       0x36 obj_cooja/mtype496.a(netstack.o)
 .comment       0x0000000000000035       0x36 obj_cooja/mtype496.a(linkaddr.o)
 .comment       0x0000000000000035       0x36 obj_cooja/mtype496.a(csma.o)
 .comment       0x0000000000000035       0x36 obj_cooja/mtype496.a(csma-output.o)
 .comment       0x0000000000000035       0x36 obj_cooja/mtype496.a(uip-ds6.o)
 .comment       0x0000000000000035       0x36 obj_cooja/mtype496.a(tcp-socket.o)
 .comment       0x0000000000000035       0x36 obj_cooja/mtype496.a(tcpip.o)
 .comment       0x0000000000000035       0x36 obj_cooja/mtype496.a(uip-ds6-route.o)
 .comment       0x0000000000000035       0x36 obj_cooja/mtype496.a(uip6.o)
 .comment       0x0000000000000035       0x36 obj_cooja/mtype496.a(uip-ds6-nbr.o)
 .comment       0x0000000000000035       0x36 obj_cooja/mtype496.a(uip-nd6.o)
 .comment       0x0000000000000035       0x36 obj_cooja/mtype496.a(sicslowpan.o)
 .comment       0x0000000000000035       0x36 obj_cooja/mtype496.a(uiplib.o)
 .comment       0x0000000000000035       0x36 obj_cooja/mtype496.a(rpl.o)
 .comment       0x0000000000000035       0x36 obj_cooja/mtype496.a(rpl-icmp6.o)
 .comment       0x0000000000000035       0x36 obj_cooja/mtype496.a(rpl-dag.o)
 .comment       0x0000000000000035       0x36 obj_cooja/mtype496.a(rpl-dag-root.o)
 .comment       0x0000000000000035       0x36 obj_cooja/mtype496.a(watchdog.o)
 .comment       0x0000000000000035       0x36 obj_cooja/mtype496.a(stimer.o)
 .comment       0x0000000000000035       0x36 obj_cooja/mtype496.a(memb.o)
 .comment       0x0000000000000035       0x36 obj_cooja/mtype496.a(queuebuf.o)
 .comment       0x0000000000000035       0x36 obj_cooja/mtype496.a(nbr-table.o)
 .comment       0x0000000000000035       0x36 obj_cooja/mtype496.a(link-stats.o)
 .comment       0x0000000000000035       0x36 obj_cooja/mtype496.a(mac-sequence.o)
 .comment       0x0000000000000035       0x36 obj_cooja/mtype496.a(mac.o)
 .comment       0x0000000000000035       0x36 obj_cooja/mtype496.a(framer-802154.o)
 .comment       0x0000000000000035       0x36 obj_cooja/mtype496.a(frame802154.o)
 .comment       0x0000000000000035       0x36 obj_cooja/mtype496.a(uipbuf.o)
 .comment       0x0000000000000035       0x36 obj_cooja/mtype496.a(uip-icmp6.o)
 .comment       0x0000000000000035       0x36 obj_cooja/mtype496.a(uip-sr.o)
 .comment       0x0000000000000035       0x36 obj_cooja/mtype496.a(uip-packetqueue)
 .comment       0x0000000000000035       0x36 obj_cooja/mtype496.a(rpl-nbr-policy.)
 .comment       0x0000000000000035       0x36 obj_cooja/mtype496.a(rpl-neighbor.o)
 .comment       0x0000000000000035       0x36 obj_cooja/mtype496.a(rpl-timers.o)
 .comment       0x0000000000000035       0x36 obj_cooja/mtype496.a(rpl-ext-header.)
 .comment       0x0000000000000035       0x36 obj_cooja/mtype496.a(rpl-mrhof.o)
 .comment       0x0000000000000035       0x36 /usr/lib/gcc/i686-linux-gnu/5/crtendS.o

.debug
 *(.debug)

.line
 *(.line)

.debug_srcinfo
 *(.debug_srcinfo)

.debug_sfnames
 *(.debug_sfnames)

.debug_aranges  0x0000000000000000      0x900
 *(.debug_aranges)
 .debug_aranges
                0x0000000000000000       0x20 mqtt-demo.o
 .debug_aranges
                0x0000000000000020       0x20 obj_cooja/mtype496.o
 .debug_aranges
                0x0000000000000040       0x20 obj_cooja/mtype496.a(simEnvChange.o)
 .debug_aranges
                0x0000000000000060       0x20 obj_cooja/mtype496.a(cooja_mt.o)
 .debug_aranges
                0x0000000000000080       0x20 obj_cooja/mtype496.a(cooja_mtarch.o)
 .debug_aranges
                0x00000000000000a0       0x20 obj_cooja/mtype496.a(rtimer-arch.o)
 .debug_aranges
                0x00000000000000c0       0x20 obj_cooja/mtype496.a(beep.o)
 .debug_aranges
                0x00000000000000e0       0x20 obj_cooja/mtype496.a(button-sensor.o)
 .debug_aranges
                0x0000000000000100       0x20 obj_cooja/mtype496.a(leds-arch.o)
 .debug_aranges
                0x0000000000000120       0x20 obj_cooja/mtype496.a(moteid.o)
 .debug_aranges
                0x0000000000000140       0x20 obj_cooja/mtype496.a(pir-sensor.o)
 .debug_aranges
                0x0000000000000160       0x20 obj_cooja/mtype496.a(rs232.o)
 .debug_aranges