Archive member included to satisfy reference by file (symbol)

obj_cooja/mtype366.a(simEnvChange.o)
                              obj_cooja/mtype366.o (simDontFallAsleep)
obj_cooja/mtype366.a(cooja_mt.o)
                              obj_cooja/mtype366.o (cooja_mt_start)
obj_cooja/mtype366.a(cooja_mtarch.o)
                              obj_cooja/mtype366.a(cooja_mt.o) (cooja_mtarch_start)
obj_cooja/mtype366.a(rtimer-arch.o)
                              obj_cooja/mtype366.o (rtimer_arch_check)
obj_cooja/mtype366.a(beep.o)  obj_cooja/mtype366.o (beep_interface)
obj_cooja/mtype366.a(button-sensor.o)
                              obj_cooja/mtype366.o (button_interface)
obj_cooja/mtype366.a(leds-arch.o)
                              obj_cooja/mtype366.o (leds_interface)
obj_cooja/mtype366.a(moteid.o)
                              obj_cooja/mtype366.o (moteid_interface)
obj_cooja/mtype366.a(pir-sensor.o)
                              obj_cooja/mtype366.o (pir_interface)
obj_cooja/mtype366.a(rs232.o)
                              obj_cooja/mtype366.o (rs232_interface)
obj_cooja/mtype366.a(vib-sensor.o)
                              obj_cooja/mtype366.o (vib_interface)
obj_cooja/mtype366.a(clock.o)
                              obj_cooja/mtype366.o (clock_interface)
obj_cooja/mtype366.a(cooja-log.o)
                              obj_cooja/mtype366.o (simlog_interface)
obj_cooja/mtype366.a(cfs-cooja.o)
                              obj_cooja/mtype366.o (cfs_interface)
obj_cooja/mtype366.a(cooja-radio.o)
                              obj_cooja/mtype366.o (radio_interface)
obj_cooja/mtype366.a(eeprom.o)
                              obj_cooja/mtype366.o (eeprom_interface)
obj_cooja/mtype366.a(random.o)
                              obj_cooja/mtype366.a(moteid.o) (random_init)
obj_cooja/mtype366.a(sensors.o)
                              obj_cooja/mtype366.a(button-sensor.o) (sensors_changed)
obj_cooja/mtype366.a(contiki-main.o)
                              obj_cooja/mtype366.o (main)
obj_cooja/mtype366.a(autostart.o)
                              obj_cooja/mtype366.a(contiki-main.o) (autostart_start)
obj_cooja/mtype366.a(ctimer.o)
                              obj_cooja/mtype366.a(contiki-main.o) (ctimer_init)
obj_cooja/mtype366.a(energest.o)
                              obj_cooja/mtype366.a(contiki-main.o) (energest_init)
obj_cooja/mtype366.a(etimer.o)
                              obj_cooja/mtype366.a(contiki-main.o) (etimer_process)
obj_cooja/mtype366.a(log.o)   obj_cooja/mtype366.a(contiki-main.o) (curr_log_level_main)
obj_cooja/mtype366.a(process.o)
                              obj_cooja/mtype366.a(ctimer.o) (process_current)
obj_cooja/mtype366.a(rtimer.o)
                              obj_cooja/mtype366.a(contiki-main.o) (rtimer_init)
obj_cooja/mtype366.a(node-id.o)
                              obj_cooja/mtype366.a(contiki-main.o) (node_id)
obj_cooja/mtype366.a(timer.o)
                              obj_cooja/mtype366.a(button-sensor.o) (timer_set)
obj_cooja/mtype366.a(serial-line.o)
                              obj_cooja/mtype366.a(rs232.o) (serial_line_input_byte)
obj_cooja/mtype366.a(list.o)  obj_cooja/mtype366.a(ctimer.o) (list_init)
obj_cooja/mtype366.a(ringbuf.o)
                              obj_cooja/mtype366.a(serial-line.o) (ringbuf_init)
obj_cooja/mtype366.a(packetbuf.o)
                              obj_cooja/mtype366.a(cooja-radio.o) (packetbuf_clear)
obj_cooja/mtype366.a(netstack.o)
                              obj_cooja/mtype366.a(contiki-main.o) (netstack_init)
obj_cooja/mtype366.a(linkaddr.o)
                              obj_cooja/mtype366.a(contiki-main.o) (linkaddr_node_addr)
obj_cooja/mtype366.a(csma.o)  obj_cooja/mtype366.a(cooja-radio.o) (csma_driver)
obj_cooja/mtype366.a(csma-output.o)
                              obj_cooja/mtype366.a(csma.o) (csma_output_packet)
obj_cooja/mtype366.a(uip-ds6.o)
                              obj_cooja/mtype366.a(contiki-main.o) (uip_ds6_get_link_local)
obj_cooja/mtype366.a(tcpip.o)
                              obj_cooja/mtype366.a(contiki-main.o) (tcpip_process)
obj_cooja/mtype366.a(uip-ds6-route.o)
                              obj_cooja/mtype366.a(uip-ds6.o) (uip_ds6_route_init)
obj_cooja/mtype366.a(uip6.o)  obj_cooja/mtype366.a(contiki-main.o) (uip_lladdr)
obj_cooja/mtype366.a(uip-ds6-nbr.o)
                              obj_cooja/mtype366.a(uip-ds6.o) (uip_ds6_neighbors_init)
obj_cooja/mtype366.a(uip-nd6.o)
                              obj_cooja/mtype366.a(uip6.o) (uip_nd6_init)
obj_cooja/mtype366.a(simple-udp.o)
                              udp-client.o (simple_udp_sendto)
obj_cooja/mtype366.a(sicslowpan.o)
                              obj_cooja/mtype366.a(contiki-main.o) (sicslowpan_driver)
obj_cooja/mtype366.a(uiplib.o)
                              obj_cooja/mtype366.a(log.o) (uiplib_ipaddr_snprint)
obj_cooja/mtype366.a(rpl.o)   udp-client.o (rpl_lite_driver)
obj_cooja/mtype366.a(rpl-icmp6.o)
[...]
Memory Configuration

Name             Origin             Length             Attributes
*default*        0x0000000000000000 0xffffffffffffffff

Linker script and memory map

LOAD /usr/lib/gcc/i686-linux-gnu/5/../../../i386-linux-gnu/crti.o
LOAD /usr/lib/gcc/i686-linux-gnu/5/crtbeginS.o
LOAD udp-client.o
LOAD obj_cooja/mtype366.o
LOAD obj_cooja/mtype366.a
LOAD /usr/lib/gcc/i686-linux-gnu/5/libgcc.a
LOAD /usr/lib/gcc/i686-linux-gnu/5/libgcc_s.so
LOAD /usr/lib/gcc/i686-linux-gnu/5/../../../i386-linux-gnu/libc.so
START GROUP
LOAD /lib/i386-linux-gnu/libc.so.6
LOAD /usr/lib/i386-linux-gnu/libc_nonshared.a
LOAD /lib/i386-linux-gnu/ld-linux.so.2
END GROUP
LOAD /usr/lib/gcc/i686-linux-gnu/5/libgcc.a
LOAD /usr/lib/gcc/i686-linux-gnu/5/libgcc_s.so
LOAD /usr/lib/gcc/i686-linux-gnu/5/crtendS.o
LOAD /usr/lib/gcc/i686-linux-gnu/5/../../../i386-linux-gnu/crtn.o
                0x0000000000000114                . = (0x0 + SIZEOF_HEADERS)

.note.gnu.build-id
                0x0000000000000114       0x24
 *(.note.gnu.build-id)
 .note.gnu.build-id
                0x0000000000000114       0x24 /usr/lib/gcc/i686-linux-gnu/5/../../../i386-linux-gnu/crti.o

.hash
 *(.hash)

.gnu.hash       0x0000000000000138     0x1338
 *(.gnu.hash)
 .gnu.hash      0x0000000000000138     0x1338 /usr/lib/gcc/i686-linux-gnu/5/../../../i386-linux-gnu/crti.o

.dynsym         0x0000000000001470     0x2530
 *(.dynsym)
 .dynsym        0x0000000000001470     0x2530 /usr/lib/gcc/i686-linux-gnu/5/../../../i386-linux-gnu/crti.o

.dynstr         0x00000000000039a0     0x28f3
 *(.dynstr)
 .dynstr        0x00000000000039a0     0x28f3 /usr/lib/gcc/i686-linux-gnu/5/../../../i386-linux-gnu/crti.o

.gnu.version    0x0000000000006294      0x4a6
 *(.gnu.version)
 .gnu.version   0x0000000000006294      0x4a6 /usr/lib/gcc/i686-linux-gnu/5/../../../i386-linux-gnu/crti.o

.gnu.version_d  0x000000000000673c        0x0
 *(.gnu.version_d)
 .gnu.version_d
                0x000000000000673c        0x0 /usr/lib/gcc/i686-linux-gnu/5/../../../i386-linux-gnu/crti.o

.gnu.version_r  0x000000000000673c       0x40
 *(.gnu.version_r)
 .gnu.version_r
                0x000000000000673c       0x40 /usr/lib/gcc/i686-linux-gnu/5/../../../i386-linux-gnu/crti.o

.rel.dyn        0x000000000000677c     0x8368
 *(.rel.init)
 .rel.init      0x000000000000677c        0x0 /usr/lib/gcc/i686-linux-gnu/5/../../../i386-linux-gnu/crti.o
 *(.rel.text .rel.text.* .rel.gnu.linkonce.t.*)
 .rel.text      0x000000000000677c     0x7b48 /usr/lib/gcc/i686-linux-gnu/5/../../../i386-linux-gnu/crti.o
 *(.rel.fini)
 .rel.fini      0x000000000000e2c4        0x0 /usr/lib/gcc/i686-linux-gnu/5/../../../i386-linux-gnu/crti.o
 *(.rel.rodata .rel.rodata.* .rel.gnu.linkonce.r.*)
 .rel.rodata    0x000000000000e2c4      0x4b8 /usr/lib/gcc/i686-linux-gnu/5/../../../i386-linux-gnu/crti.o
 *(.rel.data.rel.ro .rel.data.rel.ro.* .rel.gnu.linkonce.d.rel.ro.*)
 *(.rel.data .rel.data.* .rel.gnu.linkonce.d.*)
 .rel.data.rel.local
                0x000000000000e77c        0x8 /usr/lib/gcc/i686-linux-gnu/5/../../../i386-linux-gnu/crti.o
 .rel.data      0x000000000000e784      0x328 /usr/lib/gcc/i686-linux-gnu/5/../../../i386-linux-gnu/crti.o
 *(.rel.tdata .rel.tdata.* .rel.gnu.linkonce.td.*)
 *(.rel.tbss .rel.tbss.* .rel.gnu.linkonce.tb.*)
 *(.rel.ctors)
 *(.rel.dtors)
 *(.rel.got)
 .rel.got       0x000000000000eaac       0x28 /usr/lib/gcc/i686-linux-gnu/5/../../../i386-linux-gnu/crti.o
 *(.rel.bss .rel.bss.* .rel.gnu.linkonce.b.*)
 *(.rel.ifunc)
 .rel.ifunc     0x000000000000ead4        0x0 /usr/lib/gcc/i686-linux-gnu/5/../../../i386-linux-gnu/crti.o
 .rel.fini_array
                0x000000000000ead4        0x8 /usr/lib/gcc/i686-linux-gnu/5/../../../i386-linux-gnu/crti.o
 .rel.init_array
                0x000000000000eadc        0x8 /usr/lib/gcc/i686-linux-gnu/5/../../../i386-linux-gnu/crti.o

.rel.plt        0x000000000000eae4        0x0
 *(.rel.plt)
 .rel.plt       0x000000000000eae4        0x0 /usr/lib/gcc/i686-linux-gnu/5/../../../i386-linux-gnu/crti.o
 *(.rel.iplt)

.init           0x000000000000eae4       0x23
 *(SORT(.init))
 .init          0x000000000000eae4       0x1e /usr/lib/gcc/i686-linux-gnu/5/../../../i386-linux-gnu/crti.o
                0x000000000000eae4                _init
 .init          0x000000000000eb02        0x5 /usr/lib/gcc/i686-linux-gnu/5/../../../i386-linux-gnu/crtn.o

.plt            0x000000000000eb10       0x10
 *(.plt)
 .plt           0x000000000000eb10       0x10 /usr/lib/gcc/i686-linux-gnu/5/../../../i386-linux-gnu/crti.o
 *(.iplt)

.plt.got        0x000000000000eb20       0x10
 *(.plt.got)
 .plt.got       0x000000000000eb20       0x10 /usr/lib/gcc/i686-linux-gnu/5/../../../i386-linux-gnu/crti.o

.text           0x000000000000eb30    0x133c2
 *(.text.unlikely .text.*_unlikely .text.unlikely.*)
 .text.unlikely
                0x000000000000eb30        0x0 /usr/lib/gcc/i686-linux-gnu/5/crtbeginS.o
 *(.text.exit .text.exit.*)
 *(.text.startup .text.startup.*)
 *(.text.hot .text.hot.*)
 *(.text .stub .text.* .gnu.linkonce.t.*)
 .text          0x000000000000eb30        0x0 /usr/lib/gcc/i686-linux-gnu/5/../../../i386-linux-gnu/crti.o
 .gnu.linkonce.t.__x86.get_pc_thunk.bx
                0x000000000000eb30        0x4 /usr/lib/gcc/i686-linux-gnu/5/../../../i386-linux-gnu/crti.o
                0x000000000000eb30                __x86.get_pc_thunk.bx
 *fill*         0x000000000000eb34        0xc 
 .text          0x000000000000eb40      0x11c /usr/lib/gcc/i686-linux-gnu/5/crtbeginS.o
 .text.__x86.get_pc_thunk.dx
                0x000000000000ec5c        0x4 /usr/lib/gcc/i686-linux-gnu/5/crtbeginS.o
                0x000000000000ec5c                __x86.get_pc_thunk.dx
 .text          0x000000000000ec60      0x25b udp-client.o
 .text          0x000000000000eebb      0x271 obj_cooja/mtype366.o
                0x000000000000ef4d                platform_init_stage_one
                0x000000000000ef53                platform_init_stage_two
                0x000000000000ef61                platform_init_stage_three
                0x000000000000ef74                platform_main_loop
                0x000000000000efe7                Java_org_contikios_cooja_corecomm_Lib2_init
                0x000000000000f01e                Java_org_contikios_cooja_corecomm_Lib2_getMemory
                0x000000000000f051                Java_org_contikios_cooja_corecomm_Lib2_setMemory
                0x000000000000f0b1                Java_org_contikios_cooja_corecomm_Lib2_tick
                0x000000000000f119                Java_org_contikios_cooja_corecomm_Lib2_setReferenceAddress
 .text          0x000000000000f12c       0x65 obj_cooja/mtype366.a(simEnvChange.o)
                0x000000000000f12c                doActionsBeforeTick
                0x000000000000f15e                doActionsAfterTick
 .text          0x000000000000f191       0x83 obj_cooja/mtype366.a(cooja_mt.o)
                0x000000000000f191                cooja_mt_start
                0x000000000000f1bb                cooja_mt_exec
                0x000000000000f1f1                cooja_mt_yield
 .text          0x000000000000f214       0xbe obj_cooja/mtype366.a(cooja_mtarch.o)
                0x000000000000f214                cooja_mtarch_start
                0x000000000000f287                cooja_sw
                0x000000000000f2aa                cooja_mtarch_exec
                0x000000000000f2c7                cooja_mtarch_yield
 .text          0x000000000000f2d2       0xc5 obj_cooja/mtype366.a(rtimer-arch.o)
                0x000000000000f2d2                rtimer_arch_init
                0x000000000000f2f6                rtimer_arch_schedule
                0x000000000000f326                rtimer_arch_next
                0x000000000000f336                rtimer_arch_pending
                0x000000000000f340                rtimer_arch_check
                0x000000000000f387                rtimer_arch_now
 .text          0x000000000000f397       0x81 obj_cooja/mtype366.a(beep.o)
                0x000000000000f397                beep_alarm
                0x000000000000f3a4                beep_beep
                0x000000000000f3b1                beep
                0x000000000000f3be                beep_down
                0x000000000000f3cb                beep_on
                0x000000000000f3d8                beep_off
                0x000000000000f3e5                beep_spinup
                0x000000000000f3f2                beep_quick
                0x000000000000f3ff                beep_long
 .text          0x000000000000f418      0x10d obj_cooja/mtype366.a(button-sensor.o)
 .text          0x000000000000f525       0x49 obj_cooja/mtype366.a(leds-arch.o)
                0x000000000000f525                leds_arch_init
                0x000000000000f532                leds_arch_get
                0x000000000000f53e                leds_arch_set
 .text          0x000000000000f56e       0x35 obj_cooja/mtype366.a(moteid.o)
 .text          0x000000000000f5a3       0xb7 obj_cooja/mtype366.a(pir-sensor.o)
 .text          0x000000000000f65a      0x148 obj_cooja/mtype366.a(rs232.o)
                0x000000000000f65a                rs232_init
                0x000000000000f660                rs232_set_speed
                0x000000000000f66f                rs232_set_input
                0x000000000000f67d                rs232_send
                0x000000000000f6a1                rs232_print
                0x000000000000f6bd                slip_arch_writeb
 .text          0x000000000000f7a2       0xb7 obj_cooja/mtype366.a(vib-sensor.o)
 .text          0x000000000000f859       0x38 obj_cooja/mtype366.a(clock.o)
                0x000000000000f859                clock_init
                0x000000000000f85f                clock_time
                0x000000000000f869                clock_seconds
                0x000000000000f87f                clock_delay
 .text          0x000000000000f891      0x219 obj_cooja/mtype366.a(cooja-log.o)
                0x000000000000f891                simlog_char
                0x000000000000f8d4                simlog
                0x000000000000f94a                log_message
                0x000000000000f97b                log_set_putchar_with_slip
                0x000000000000f989                log_putchar
                0x000000000000fa04                log_puts
                0x000000000000fa2c                log_printf
 .text          0x000000000000faaa      0x2b9 obj_cooja/mtype366.a(cfs-cooja.o)
                0x000000000000faaa                cfs_open
                0x000000000000fb13                cfs_close
                0x000000000000fb20                cfs_read
                0x000000000000fbb5                cfs_write
                0x000000000000fc91                cfs_seek
                0x000000000000fd19                cfs_remove
                0x000000000000fd3d                cfs_opendir
                0x000000000000fd47                cfs_readdir
                0x000000000000fd51                cfs_closedir
 .text          0x000000000000fd63      0x605 obj_cooja/mtype366.a(cooja-radio.o)
                0x000000000000fda5                radio_set_channel
                0x000000000000fdb3                radio_set_txpower
                0x000000000000fdcb                radio_signal_strength_last
                0x000000000000fdd5                radio_signal_strength_current
                0x000000000000fddf                radio_LQI
 .text          0x0000000000010368       0xee obj_cooja/mtype366.a(eeprom.o)
                0x0000000000010368                eeprom_init
                0x000000000001036e                eeprom_read
                0x00000000000103dc                eeprom_write
 .text          0x0000000000010456       0x2d obj_cooja/mtype366.a(random.o)
                0x0000000000010456                random_init
                0x0000000000010476                random_rand
 .text          0x0000000000010483      0x29c obj_cooja/mtype366.a(sensors.o)
                0x00000000000104be                sensors_first
                0x00000000000104c8                sensors_next
                0x00000000000104e2                sensors_changed
                0x0000000000010516                sensors_find
 .text          0x000000000001071f      0x328 obj_cooja/mtype366.a(contiki-main.o)
                0x000000000001071f                main
 .text          0x0000000000010a47       0x92 obj_cooja/mtype366.a(autostart.o)
                0x0000000000010a47                autostart_start
                0x0000000000010a91                autostart_exit
 .text          0x0000000000010ad9      0x355 obj_cooja/mtype366.a(ctimer.o)
                0x0000000000010c01                ctimer_init
                0x0000000000010c34                ctimer_set
                0x0000000000010c5a                ctimer_set_with_process
                0x0000000000010cd7                ctimer_reset
                0x0000000000010d2b                ctimer_restart
                0x0000000000010d7f                ctimer_stop
                0x0000000000010dcf                ctimer_expired
 .text          0x0000000000010e2e       0x1b obj_cooja/mtype366.a(energest.o)
                0x0000000000010e2e                energest_init
                0x0000000000010e34                energest_flush
                0x0000000000010e3a                energest_get_total_time
 .text          0x0000000000010e49      0x43f obj_cooja/mtype366.a(etimer.o)
                0x000000000001106d                etimer_request_poll
                0x00000000000110f6                etimer_set
                0x000000000001111f                etimer_reset_with_new_interval
                0x000000000001114e                etimer_reset
                0x0000000000011174                etimer_restart
                0x000000000001119a                etimer_adjust
                0x00000000000111b7                etimer_expired
                0x00000000000111ca                etimer_expiration_time
                0x00000000000111dc                etimer_start_time
                0x00000000000111e6                etimer_pending
                0x00000000000111f8                etimer_next_expiration_time
                0x0000000000011212                etimer_stop
 .text          0x0000000000011288      0x394 obj_cooja/mtype366.a(log.o)
                0x0000000000011288                log_6addr
                0x00000000000112db                log_6addr_compact_snprint
                0x0000000000011379                log_6addr_compact
                0x00000000000113cc                log_lladdr
                0x000000000001143e                log_lladdr_compact
                0x00000000000114a6                log_set_level
                0x0000000000011561                log_get_level
                0x00000000000115da                log_level_to_str
 .text          0x000000000001161c      0x4fb obj_cooja/mtype366.a(process.o)
                0x000000000001161c                process_alloc_event
                0x0000000000011631                process_start
                0x000000000001180b                process_exit
                0x0000000000011828                process_init
                0x00000000000119bd                process_run
                0x00000000000119f0                process_nevents
                0x0000000000011a0b                process_post
                0x0000000000011a9e                process_post_synch
                0x0000000000011ad3                process_poll
                0x0000000000011b03                process_is_running
 .text          0x0000000000011b17       0xeb obj_cooja/mtype366.a(rtimer.o)
                0x0000000000011b17                rtimer_init
                0x0000000000011b25                rtimer_set
                0x0000000000011ba0                rtimer_run_next
 .text          0x0000000000011c02       0x25 obj_cooja/mtype366.a(node-id.o)
                0x0000000000011c02                node_id_init
 .text          0x0000000000011c27       0x9c obj_cooja/mtype366.a(timer.o)
                0x0000000000011c27                timer_set
                0x0000000000011c45                timer_reset
                0x0000000000011c5d                timer_restart
                0x0000000000011c72                timer_expired
                0x0000000000011c9f                timer_remaining
 .text          0x0000000000011cc3      0x1eb obj_cooja/mtype366.a(serial-line.o)
                0x0000000000011cc3                serial_line_input_byte
                0x0000000000011e79                serial_line_init
 .text          0x0000000000011eae      0x28f obj_cooja/mtype366.a(list.o)
                0x0000000000011eae                list_init
                0x0000000000011ebd                list_head
                0x0000000000011ec7                list_copy
                0x0000000000011ed7                list_tail
                0x0000000000011f0d                list_add
                0x0000000000011f59                list_push
                0x0000000000011f85                list_chop
                0x0000000000011fef                list_pop
                0x0000000000012017                list_remove
                0x000000000001207f                list_length
                0x00000000000120ad                list_insert
                0x00000000000120f2                list_item_next
                0x0000000000012109                list_contains
 .text          0x000000000001213d      0x156 obj_cooja/mtype366.a(ringbuf.o)
                0x000000000001213d                ringbuf_init
                0x000000000001216f                ringbuf_put
                0x00000000000121ed                ringbuf_get
                0x000000000001225a                ringbuf_size
                0x000000000001226c                ringbuf_elements
 .text          0x0000000000012293      0x407 obj_cooja/mtype366.a(packetbuf.o)
                0x0000000000012293                packetbuf_clear
                0x00000000000122be                packetbuf_copyfrom
                0x000000000001230d                packetbuf_copyto
                0x00000000000123a0                packetbuf_hdralloc
                0x000000000001241c                packetbuf_hdrreduce
                0x0000000000012462                packetbuf_set_datalen
                0x000000000001247c                packetbuf_dataptr
                0x0000000000012499                packetbuf_hdrptr
                0x00000000000124a3                packetbuf_datalen
                0x00000000000124af                packetbuf_hdrlen
                0x00000000000124c6                packetbuf_totlen
                0x00000000000124dc                packetbuf_remaininglen
                0x00000000000124ef                packetbuf_attr_clear
                0x000000000001253b                packetbuf_attr_copyto
                0x0000000000012593                packetbuf_attr_copyfrom
                0x00000000000125eb                packetbuf_set_attr
                0x0000000000012615                packetbuf_attr
                0x000000000001262f                packetbuf_set_addr
                0x0000000000012660                packetbuf_addr
                0x000000000001267d                packetbuf_holds_broadcast
 .text          0x000000000001269a       0xef obj_cooja/mtype366.a(netstack.o)
                0x000000000001269a                netstack_process_ip_callback
                0x000000000001272b                netstack_ip_packet_processor_add
                0x000000000001274e                uip_ds6_ip_packet_processor_rm
                0x000000000001276b                netstack_init
 .text          0x0000000000012789       0x4f obj_cooja/mtype366.a(linkaddr.o)
                0x0000000000012789                linkaddr_copy
                0x000000000001279f                linkaddr_cmp
                0x00000000000127c2                linkaddr_set_node_addr
 .text          0x00000000000127d8      0x165 obj_cooja/mtype366.a(csma.o)
 .text          0x000000000001293d      0x944 obj_cooja/mtype366.a(csma-output.o)
                0x0000000000012fb6                csma_output_packet
                0x0000000000013243                csma_output_init
 .text          0x0000000000013281      0xb25 obj_cooja/mtype366.a(uip-ds6.o)
                0x0000000000013281                uip_ds6_init
                0x000000000001342c                uip_ds6_periodic
                0x00000000000134b3                uip_ds6_list_loop
                0x0000000000013573                uip_ds6_prefix_add
                0x000000000001361f                uip_ds6_prefix_rm
                0x0000000000013632                uip_ds6_prefix_lookup
                0x0000000000013671                uip_ds6_is_addr_onlink
                0x00000000000136e4                uip_ds6_addr_add
                0x0000000000013804                uip_ds6_addr_rm
                0x00000000000138ad                uip_ds6_addr_lookup
                0x00000000000138e6                uip_ds6_get_link_local
                0x0000000000013967                uip_ds6_get_global
                0x00000000000139e8                uip_ds6_maddr_add
                0x0000000000013a48                uip_ds6_maddr_rm
                0x0000000000013a5b                uip_ds6_maddr_lookup
                0x0000000000013a94                uip_ds6_aaddr_add
                0x0000000000013af4                uip_ds6_aaddr_rm
                0x0000000000013b07                uip_ds6_aaddr_lookup
                0x0000000000013b40                uip_ds6_select_src
                0x0000000000013c89                uip_ds6_set_addr_iid
                0x0000000000013cb4                uip_ds6_set_lladdr_from_iid
                0x0000000000013cdd                get_match_length
                0x0000000000013d6e                uip_ds6_compute_reachable_time
 .text          0x0000000000013da6      0x737 obj_cooja/mtype366.a(tcpip.o)
                0x0000000000013dc0                tcpip_output
                0x0000000000013e4f                udp_attach
                0x0000000000013e67                udp_new
                0x0000000000013eb1                udp_broadcast_new
                0x0000000000014023                tcpip_input
                0x00000000000141c3                tcpip_ipv6_output
                0x00000000000143d7                tcpip_poll_udp
                0x00000000000143f5                tcpip_uipcall
 .text          0x00000000000144dd      0x35b obj_cooja/mtype366.a(uip-ds6-route.o)
                0x000000000001452e                uip_ds6_route_init
                0x0000000000014558                uip_ds6_route_nexthop
                0x0000000000014562                uip_ds6_route_head
                0x000000000001456c                uip_ds6_route_next
                0x0000000000014576                uip_ds6_route_is_nexthop
                0x0000000000014580                uip_ds6_route_num_routes
                0x000000000001458a                uip_ds6_route_lookup
                0x0000000000014594                uip_ds6_route_add
                0x00000000000145a7                uip_ds6_route_rm
                0x00000000000145ad                uip_ds6_route_rm_by_nexthop
                0x00000000000145b3                uip_ds6_defrt_head
                0x00000000000145cc                uip_ds6_defrt_add
                0x000000000001467a                uip_ds6_defrt_rm
                0x00000000000146e0                uip_ds6_defrt_lookup
                0x0000000000014747                uip_ds6_defrt_choose
                0x00000000000147bd                uip_ds6_defrt_periodic
 .text          0x0000000000014838     0x123f obj_cooja/mtype366.a(uip6.o)
                0x00000000000148e7                uip_chksum
                0x00000000000149c8                uip_icmp6chksum
                0x00000000000149dd                uip_udpchksum
                0x00000000000149f2                uip_init
                0x0000000000014a36                remove_ext_hdr
                0x0000000000014b1b                uip_udp_new
                0x0000000000014e38                uip_process
                0x0000000000015972                uip_htons
                0x0000000000015994                uip_htonl
                0x00000000000159d2                uip_send
 .text          0x0000000000015a77      0x374 obj_cooja/mtype366.a(uip-ds6-nbr.o)
                0x0000000000015a77                uip_ds6_neighbors_init
                0x0000000000015a9b                uip_ds6_nbr_add
                0x0000000000015b21                uip_ds6_nbr_rm
                0x0000000000015b6c                uip_ds6_nbr_update_ll
                0x0000000000015c5a                uip_ds6_nbr_get_ipaddr
                0x0000000000015c6f                uip_ds6_nbr_get_ll
                0x0000000000015c8b                uip_ds6_nbr_num
                0x0000000000015cd4                uip_ds6_nbr_head
                0x0000000000015ced                uip_ds6_nbr_next
                0x0000000000015d09                uip_ds6_nbr_lookup
                0x0000000000015d6c                uip_ds6_nbr_ll_lookup
                0x0000000000015d88                uip_ds6_nbr_ipaddr_from_lladdr
                0x0000000000015db1                uip_ds6_nbr_lladdr_from_ipaddr
                0x0000000000015de5                uip_ds6_link_callback
 .text          0x0000000000015deb      0x6b5 obj_cooja/mtype366.a(uip-nd6.o)
                0x0000000000016487                uip_nd6_init
 .text          0x00000000000164a0      0x37a obj_cooja/mtype366.a(simple-udp.o)
                0x00000000000164cd                simple_udp_send
                0x0000000000016530                simple_udp_sendto
                0x000000000001658b                simple_udp_sendto_port
                0x00000000000165e4                simple_udp_register
 .text          0x000000000001681a     0x2a78 obj_cooja/mtype366.a(sicslowpan.o)
                0x0000000000016d18                netstack_sniffer_add
                0x0000000000016d26                netstack_sniffer_remove
                0x000000000001925e                sicslowpan_init
                0x0000000000019288                sicslowpan_get_last_rssi
 .text          0x0000000000019292      0x4d1 obj_cooja/mtype366.a(uiplib.o)
                0x0000000000019292                uiplib_ip6addrconv
                0x000000000001944a                uiplib_ip4addrconv
                0x000000000001950d                uiplib_ipaddr_print
                0x0000000000019560                uiplib_ipaddr_snprint
 .text          0x0000000000019763      0x4c9 obj_cooja/mtype366.a(rpl.o)
                0x0000000000019763                rpl_lollipop_greater_than
                0x00000000000197bd                rpl_get_global_address
                0x00000000000198b5                rpl_link_callback
                0x00000000000198f9                rpl_has_joined
                0x000000000001991e                rpl_is_reachable
                0x000000000001999f                rpl_reset_prefix
                0x0000000000019a09                rpl_set_prefix_from_addr
                0x0000000000019aee                rpl_set_prefix
                0x0000000000019c08                rpl_set_leaf_only
                0x0000000000019c20                rpl_get_leaf_only
 .text          0x0000000000019c2c     0x13cb obj_cooja/mtype366.a(rpl-icmp6.o)
                0x0000000000019d51                rpl_icmp6_update_nbr_table
                0x0000000000019dea                rpl_icmp6_dis_output
                0x000000000001a440                rpl_icmp6_dio_output
                0x000000000001ac4d                rpl_icmp6_dao_output
                0x000000000001af3e                rpl_icmp6_dao_ack_output
                0x000000000001afae                rpl_icmp6_init
 .text          0x000000000001aff7      0xe51 obj_cooja/mtype366.a(rpl-dag.o)
                0x000000000001aff7                rpl_dag_state_to_str
                0x000000000001b036                rpl_dag_get_root_ipaddr
                0x000000000001b07e                rpl_dag_leave
                0x000000000001b107                rpl_dag_poison_and_leave
                0x000000000001b11f                rpl_dag_periodic
                0x000000000001b1a7                rpl_is_addr_in_our_dag
                0x000000000001b1eb                rpl_get_default_instance
                0x000000000001b207                rpl_get_any_dag
                0x000000000001b260                rpl_refresh_routes
                0x000000000001b2a0                rpl_global_repair
                0x000000000001b32c                rpl_local_repair
                0x000000000001b376                rpl_dag_ready_to_advertise
                0x000000000001b3b9                rpl_dag_update_state
                0x000000000001badd                rpl_process_dio
                0x000000000001bb5e                rpl_process_dis
                0x000000000001bba3                rpl_process_dao
                0x000000000001bc32                rpl_process_dao_ack
                0x000000000001bcc4                rpl_process_hbh
                0x000000000001bd14                rpl_dag_init_root
                0x000000000001be28                rpl_dag_init
 .text          0x000000000001be48      0x286 obj_cooja/mtype366.a(rpl-dag-root.o)
                0x000000000001be48                rpl_dag_root_print_links
                0x000000000001bf96                rpl_dag_root_set_prefix
                0x000000000001bfc2                rpl_dag_root_start
                0x000000000001c09f                rpl_dag_root_is_root
 .text          0x000000000001c0ce       0x1e obj_cooja/mtype366.a(watchdog.o)
                0x000000000001c0ce                watchdog_init
                0x000000000001c0d4                watchdog_start
                0x000000000001c0da                watchdog_periodic
                0x000000000001c0e0                watchdog_stop
                0x000000000001c0e6                watchdog_reboot
 .text          0x000000000001c0ec       0xb2 obj_cooja/mtype366.a(stimer.o)
                0x000000000001c0ec                stimer_set
                0x000000000001c10a                stimer_reset
                0x000000000001c122                stimer_restart
                0x000000000001c137                stimer_expired
                0x000000000001c162                stimer_remaining
                0x000000000001c186                stimer_elapsed
 .text          0x000000000001c19e      0x1b8 obj_cooja/mtype366.a(memb.o)
                0x000000000001c19e                memb_init
                0x000000000001c1f3                memb_alloc
                0x000000000001c258                memb_free
                0x000000000001c2d3                memb_inmemb
                0x000000000001c312                memb_numfree
 .text          0x000000000001c356      0x2e7 obj_cooja/mtype366.a(queuebuf.o)
                0x000000000001c360                queuebuf_init
                0x000000000001c389                queuebuf_numfree
                0x000000000001c3a1                queuebuf_new_from_packetbuf
                0x000000000001c440                queuebuf_update_attr_from_packetbuf
                0x000000000001c475                queuebuf_update_from_packetbuf
                0x000000000001c4c5                queuebuf_free
                0x000000000001c50e                queuebuf_to_packetbuf
                0x000000000001c57a                queuebuf_dataptr
                0x000000000001c5b4                queuebuf_datalen
                0x000000000001c5d7                queuebuf_addr
                0x000000000001c60c                queuebuf_attr
                0x000000000001c637                queuebuf_debug_print
 .text          0x000000000001c63d      0x78b obj_cooja/mtype366.a(nbr-table.o)
                0x000000000001cab6                nbr_table_register
                0x000000000001cb23                nbr_table_is_registered
                0x000000000001cb5e                nbr_table_head
                0x000000000001cbb9                nbr_table_next
                0x000000000001cc1a                nbr_table_add_lladdr
                0x000000000001cce4                nbr_table_get_from_lladdr
                0x000000000001cd30                nbr_table_remove
                0x000000000001cd68                nbr_table_lock
                0x000000000001cd82                nbr_table_unlock
                0x000000000001cd9c                nbr_table_get_lladdr
 .text          0x000000000001cdc8      0x37c obj_cooja/mtype366.a(link-stats.o)
                0x000000000001cdc8                link_stats_from_lladdr
                0x000000000001cde4                link_stats_is_fresh
                0x000000000001ce20                guess_etx_from_rssi
                0x000000000001ce9c                link_stats_packet_sent
                0x000000000001cfaf                link_stats_input_callback
                0x000000000001d0bf                link_stats_reset
                0x000000000001d10f                link_stats_init
 .text          0x000000000001d144      0x187 obj_cooja/mtype366.a(mac-sequence.o)
                0x000000000001d144                mac_sequence_is_duplicate
                0x000000000001d1e4                mac_sequence_register_seqno
 .text          0x000000000001d2cb       0x23 obj_cooja/mtype366.a(mac.o)
                0x000000000001d2cb                mac_call_sent_callback
 .text          0x000000000001d2ee      0x41d obj_cooja/mtype366.a(framer-802154.o)
                0x000000000001d47d                framer_802154_setup_params
 .text          0x000000000001d70b      0xb6f obj_cooja/mtype366.a(frame802154.o)
                0x000000000001d73c                frame802154_get_pan_id
                0x000000000001d748                frame802154_set_pan_id
                0x000000000001d762                frame802154_has_panid
                0x000000000001d911                frame802154_check_dest_panid
                0x000000000001d999                frame802154_is_broadcast_addr
                0x000000000001d9e6                frame802154_extract_linkaddr
                0x000000000001dc4b                frame802154_hdrlen
                0x000000000001dcbe                frame802154_create_fcf
                0x000000000001dd76                frame802154_create
                0x000000000001deeb                frame802154_parse_fcf
                0x000000000001dfcd                frame802154_parse
 .text          0x000000000001e27a      0x1ec obj_cooja/mtype366.a(uipbuf.o)
                0x000000000001e27a                uipbuf_get_next_header
                0x000000000001e2e9                uipbuf_get_last_header
                0x000000000001e370                uipbuf_get_attr
                0x000000000001e397                uipbuf_set_attr
                0x000000000001e3ce                uipbuf_clear_attr
                0x000000000001e3fa                uipbuf_set_attr_flag
                0x000000000001e41b                uipbuf_clr_attr_flag
                0x000000000001e442                uipbuf_is_attr_flag
 .text          0x000000000001e466      0x96e obj_cooja/mtype366.a(uip-icmp6.o)
                0x000000000001e4db                uip_icmp6_input
                0x000000000001e532                uip_icmp6_register_input_handler
                0x000000000001e73e                uip_icmp6_error_output
                0x000000000001ea9d                uip_icmp6_send
                0x000000000001ed5c                uip_icmp6_echo_reply_callback_add
                0x000000000001ed8e                uip_icmp6_echo_reply_callback_rm
                0x000000000001edab                uip_icmp6_init
 .text          0x000000000001edd4      0x69b obj_cooja/mtype366.a(uip-sr.o)
                0x000000000001edd4                uip_sr_num_nodes
                0x000000000001ee62                uip_sr_get_node
                0x000000000001eeb9                uip_sr_is_addr_reachable
                0x000000000001ef67                uip_sr_expire_parent
                0x000000000001efb0                uip_sr_update_node
                0x000000000001f0e0                uip_sr_init
                0x000000000001f114                uip_sr_node_head
                0x000000000001f12d                uip_sr_node_next
                0x000000000001f143                uip_sr_periodic
                0x000000000001f249                uip_sr_free_all
                0x000000000001f2b9                uip_sr_link_snprint
 .text          0x000000000001f46f      0x146 obj_cooja/mtype366.a(uip-packetqueue)
                0x000000000001f49d                uip_packetqueue_new
                0x000000000001f4ac                uip_packetqueue_alloc
                0x000000000001f507                uip_packetqueue_free
                0x000000000001f54e                uip_packetqueue_buf
                0x000000000001f56b                uip_packetqueue_buflen
                0x000000000001f58c                uip_packetqueue_set_buflen
 .text          0x000000000001f5b5      0x128 obj_cooja/mtype366.a(uip-udp-packet.)
                0x000000000001f5b5                uip_udp_packet_send
                0x000000000001f610                uip_udp_packet_sendto
 .text          0x000000000001f6dd      0x1c8 obj_cooja/mtype366.a(rpl-nbr-policy.)
                0x000000000001f862                rpl_nbr_policy_find_removable
 .text          0x000000000001f8a5      0x8ed obj_cooja/mtype366.a(rpl-neighbor.o)
                0x000000000001f921                rpl_neighbor_snprint
                0x000000000001fbce                rpl_neighbor_print_list
                0x000000000001fc83                rpl_neighbor_count
                0x000000000001fd2a                rpl_neighbor_get_from_lladdr
                0x000000000001fd46                rpl_neighbor_is_acceptable_parent
                0x000000000001fd7a                rpl_neighbor_get_link_metric
                0x000000000001fdae                rpl_neighbor_rank_via_nbr
                0x000000000001fde2                rpl_neighbor_get_lladdr
                0x000000000001fdfe                rpl_neighbor_get_ipaddr
                0x000000000001fe25                rpl_neighbor_get_link_stats
                0x000000000001fe4c                rpl_neighbor_is_fresh
                0x000000000001fe73                rpl_neighbor_is_reachable
                0x000000000001febe                rpl_neighbor_is_parent
                0x000000000001fee8                rpl_neighbor_set_preferred_parent
                0x000000000001ff74                rpl_neighbor_remove_all
                0x000000000001ffc3                rpl_neighbor_get_from_ipaddr
                0x00000000000200c7                rpl_neighbor_select_best
                0x0000000000020173                rpl_neighbor_init
 .text          0x0000000000020192      0xa19 obj_cooja/mtype366.a(rpl-timers.o)
                0x0000000000020192                rpl_timers_schedule_periodic_dis
                0x00000000000202e0                rpl_timers_dio_reset
                0x00000000000203d1                rpl_timers_schedule_unicast_dio
                0x0000000000020557                rpl_timers_schedule_dao
                0x0000000000020691                rpl_timers_schedule_dao_ack
                0x0000000000020717                get_probing_delay
                0x000000000002074b                get_probing_target
                0x0000000000020935                rpl_schedule_probing
                0x0000000000020963                rpl_schedule_probing_now
                0x00000000000209cd                rpl_timers_unschedule_leaving
                0x0000000000020a05                rpl_timers_schedule_leaving
                0x0000000000020a46                rpl_timers_init
                0x0000000000020ad6                rpl_timers_stop_dag_timers
                0x0000000000020b4f                rpl_timers_unschedule_state_update
                0x0000000000020b73                rpl_timers_schedule_state_update
 .text          0x0000000000020bab     0x102c obj_cooja/mtype366.a(rpl-ext-header.)
                0x0000000000020bab                rpl_ext_header_srh_get_next_hop
                0x0000000000020d27                rpl_ext_header_srh_update
                0x0000000000021420                rpl_ext_header_hbh_update
                0x0000000000021975                rpl_ext_header_update
                0x00000000000219fe                rpl_ext_header_remove
 .text          0x0000000000021bd7      0x31b obj_cooja/mtype366.a(rpl-mrhof.o)
 .text          0x0000000000021ef2        0x0 /usr/lib/gcc/i686-linux-gnu/5/crtendS.o
 .text          0x0000000000021ef2        0x0 /usr/lib/gcc/i686-linux-gnu/5/../../../i386-linux-gnu/crtn.o
 *(.gnu.warning)

.fini           0x0000000000021ef4       0x14
 *(SORT(.fini))
 .fini          0x0000000000021ef4        0xf /usr/lib/gcc/i686-linux-gnu/5/../../../i386-linux-gnu/crti.o
                0x0000000000021ef4                _fini
 .fini          0x0000000000021f03        0x5 /usr/lib/gcc/i686-linux-gnu/5/../../../i386-linux-gnu/crtn.o
                [!provide]                        PROVIDE (__etext, .)
                [!provide]                        PROVIDE (_etext, .)
                [!provide]                        PROVIDE (etext, .)

.rodata         0x0000000000021f20      0x780
 *(.rodata .rodata.* .gnu.linkonce.r.*)
 .rodata        0x0000000000021f20       0x73 udp-client.o
                0x0000000000021f2c                autostart_processes
 *fill*         0x0000000000021f93        0x1 
 .rodata        0x0000000000021f94        0x8 obj_cooja/mtype366.a(beep.o)
                0x0000000000021f94                beep_interface
 .rodata        0x0000000000021f9c       0x20 obj_cooja/mtype366.a(button-sensor.o)
                0x0000000000021f9c                button_interface
                0x0000000000021fac                button_sensor
 .rodata        0x0000000000021fbc        0x8 obj_cooja/mtype366.a(leds-arch.o)
                0x0000000000021fbc                leds_interface
 .rodata        0x0000000000021fc4        0x8 obj_cooja/mtype366.a(moteid.o)
                0x0000000000021fc4                moteid_interface
 .rodata        0x0000000000021fcc       0x1c obj_cooja/mtype366.a(pir-sensor.o)
                0x0000000000021fcc                pir_interface
                0x0000000000021fd8                pir_sensor
 .rodata        0x0000000000021fe8        0xe obj_cooja/mtype366.a(rs232.o)
                0x0000000000021fe8                rs232_interface
 *fill*         0x0000000000021ff6        0x2 
 .rodata        0x0000000000021ff8       0x24 obj_cooja/mtype366.a(vib-sensor.o)
                0x0000000000021ff8                vib_interface
                0x000000000002200c                vib_sensor
 .rodata        0x000000000002201c        0x8 obj_cooja/mtype366.a(clock.o)
                0x000000000002201c                clock_interface
 .rodata        0x0000000000022024        0x8 obj_cooja/mtype366.a(cooja-log.o)
                0x0000000000022024                simlog_interface
 .rodata        0x000000000002202c       0x2f obj_cooja/mtype366.a(cfs-cooja.o)
                0x000000000002202c                cfs_interface
 *fill*         0x000000000002205b        0x5 
 .rodata        0x0000000000022060       0x58 obj_cooja/mtype366.a(cooja-radio.o)
                0x0000000000022060                radio_interface
                0x0000000000022080                cooja_radio_driver
 .rodata        0x00000000000220b8        0x8 obj_cooja/mtype366.a(eeprom.o)
                0x00000000000220b8                eeprom_interface
 .rodata        0x00000000000220c0        0x8 obj_cooja/mtype366.a(sensors.o)
 .rodata        0x00000000000220c8       0xf4 obj_cooja/mtype366.a(contiki-main.o)
 .rodata        0x00000000000221bc        0xf obj_cooja/mtype366.a(ctimer.o)
 .rodata        0x00000000000221cb        0xc obj_cooja/mtype366.a(etimer.o)
 *fill*         0x00000000000221d7        0x1 
 .rodata        0x00000000000221d8       0xc0 obj_cooja/mtype366.a(log.o)
 .rodata        0x0000000000022298        0xe obj_cooja/mtype366.a(serial-line.o)
 *fill*         0x00000000000222a6        0x2 
 .rodata        0x00000000000222a8        0x8 obj_cooja/mtype366.a(linkaddr.o)
                0x00000000000222a8                linkaddr_null
 .rodata        0x00000000000222b0       0x20 obj_cooja/mtype366.a(csma.o)
                0x00000000000222b8                csma_driver
 .rodata        0x00000000000222d0        0xd obj_cooja/mtype366.a(tcpip.o)
 *fill*         0x00000000000222dd        0x3 
 .rodata        0x00000000000222e0       0x4d obj_cooja/mtype366.a(uip-ds6-route.o)
 *fill*         0x000000000002232d        0x3 
 .rodata        0x0000000000022330       0xf4 obj_cooja/mtype366.a(uip6.o)
 .rodata        0x0000000000022424       0x13 obj_cooja/mtype366.a(simple-udp.o)
 *fill*         0x0000000000022437        0x1 
 .rodata        0x0000000000022438       0x30 obj_cooja/mtype366.a(sicslowpan.o)
                0x0000000000022438                unc_llconf
                0x000000000002243c                unc_ctxconf
                0x0000000000022440                unc_mxconf
                0x0000000000022444                llprefix
                0x0000000000022458                sicslowpan_driver
 .rodata        0x0000000000022468       0x2d obj_cooja/mtype366.a(uiplib.o)
 *fill*         0x0000000000022495        0xb 
 .rodata        0x00000000000224a0       0x70 obj_cooja/mtype366.a(rpl.o)
                0x00000000000224c0                rpl_lite_driver
 .rodata        0x0000000000022510       0xdb obj_cooja/mtype366.a(rpl-dag.o)
 *fill*         0x00000000000225eb        0x1 
 .rodata        0x00000000000225ec        0xc obj_cooja/mtype366.a(framer-802154.o)
                0x00000000000225ec                framer_802154
 .rodata        0x00000000000225f8       0x44 obj_cooja/mtype366.a(uip-sr.o)
 .rodata        0x000000000002263c       0x58 obj_cooja/mtype366.a(rpl-neighbor.o)
 .rodata        0x0000000000022694        0xc obj_cooja/mtype366.a(rpl-timers.o)

.rodata1
 *(.rodata1)

.eh_frame_hdr   0x00000000000226a0     0x13ec
 *(.eh_frame_hdr)
 .eh_frame_hdr  0x00000000000226a0     0x13ec udp-client.o
                0x00000000000226a0                __GNU_EH_FRAME_HDR
 *(.eh_frame_entry .eh_frame_entry.*)

.eh_frame       0x0000000000023a8c     0x50a8
 *(.eh_frame)
 .eh_frame      0x0000000000023a8c       0x3c /usr/lib/gcc/i686-linux-gnu/5/../../../i386-linux-gnu/crti.o
                                         0x40 (size before relaxing)
 .eh_frame      0x0000000000023ac8       0x40 udp-client.o
                                         0x58 (size before relaxing)
 .eh_frame      0x0000000000023b08      0x178 obj_cooja/mtype366.o
                                        0x190 (size before relaxing)
 .eh_frame      0x0000000000023c80       0x40 obj_cooja/mtype366.a(simEnvChange.o)
                                         0x58 (size before relaxing)
 .eh_frame      0x0000000000023cc0       0x60 obj_cooja/mtype366.a(cooja_mt.o)
                                         0x78 (size before relaxing)
 .eh_frame      0x0000000000023d20       0x80 obj_cooja/mtype366.a(cooja_mtarch.o)
                                         0x98 (size before relaxing)
 .eh_frame      0x0000000000023da0       0xc8 obj_cooja/mtype366.a(rtimer-arch.o)
                                         0xe0 (size before relaxing)
 .eh_frame      0x0000000000023e68      0x160 obj_cooja/mtype366.a(beep.o)
                                        0x178 (size before relaxing)
 .eh_frame      0x0000000000023fc8       0xa0 obj_cooja/mtype366.a(button-sensor.o)
                                         0xb8 (size before relaxing)
 .eh_frame      0x0000000000024068       0xa0 obj_cooja/mtype366.a(leds-arch.o)
                                         0xb8 (size before relaxing)
 .eh_frame      0x0000000000024108       0x40 obj_cooja/mtype366.a(moteid.o)
                                         0x58 (size before relaxing)
 .eh_frame      0x0000000000024148       0xa0 obj_cooja/mtype366.a(pir-sensor.o)
                                         0xb8 (size before relaxing)
 .eh_frame      0x00000000000241e8      0x100 obj_cooja/mtype366.a(rs232.o)
                                        0x118 (size before relaxing)
 .eh_frame      0x00000000000242e8       0xa0 obj_cooja/mtype366.a(vib-sensor.o)
                                         0xb8 (size before relaxing)
 .eh_frame      0x0000000000024388       0xc0 obj_cooja/mtype366.a(clock.o)
                                         0xd8 (size before relaxing)
 .eh_frame      0x0000000000024448      0x120 obj_cooja/mtype366.a(cooja-log.o)
                                        0x138 (size before relaxing)
 .eh_frame      0x0000000000024568      0x160 obj_cooja/mtype366.a(cfs-cooja.o)
                                        0x178 (size before relaxing)
 .eh_frame      0x00000000000246c8      0x340 obj_cooja/mtype366.a(cooja-radio.o)
                                        0x358 (size before relaxing)
 .eh_frame      0x0000000000024a08       0xa0 obj_cooja/mtype366.a(eeprom.o)
                                         0xb8 (size before relaxing)
 .eh_frame      0x0000000000024aa8       0x40 obj_cooja/mtype366.a(random.o)
                                         0x58 (size before relaxing)
 .eh_frame      0x0000000000024ae8       0xc0 obj_cooja/mtype366.a(sensors.o)
                                         0xd8 (size before relaxing)
 .eh_frame      0x0000000000024ba8       0x30 obj_cooja/mtype366.a(contiki-main.o)
                                         0x48 (size before relaxing)
 .eh_frame      0x0000000000024bd8       0x40 obj_cooja/mtype366.a(autostart.o)
                                         0x58 (size before relaxing)
 .eh_frame      0x0000000000024c18      0x100 obj_cooja/mtype366.a(ctimer.o)
                                        0x118 (size before relaxing)
 .eh_frame      0x0000000000024d18       0x60 obj_cooja/mtype366.a(energest.o)
                                         0x78 (size before relaxing)
 .eh_frame      0x0000000000024d78      0x1e0 obj_cooja/mtype366.a(etimer.o)
                                        0x1f8 (size before relaxing)
 .eh_frame      0x0000000000024f58      0x100 obj_cooja/mtype366.a(log.o)
                                        0x118 (size before relaxing)
 .eh_frame      0x0000000000025058      0x1c4 obj_cooja/mtype366.a(process.o)
                                        0x1dc (size before relaxing)
 .eh_frame      0x000000000002521c       0x60 obj_cooja/mtype366.a(rtimer.o)
                                         0x78 (size before relaxing)
 .eh_frame      0x000000000002527c       0x20 obj_cooja/mtype366.a(node-id.o)
                                         0x38 (size before relaxing)
 .eh_frame      0x000000000002529c       0xa4 obj_cooja/mtype366.a(timer.o)
                                         0xbc (size before relaxing)
 .eh_frame      0x0000000000025340       0x60 obj_cooja/mtype366.a(serial-line.o)
                                         0x78 (size before relaxing)
 .eh_frame      0x00000000000253a0      0x1a0 obj_cooja/mtype366.a(list.o)
                                        0x1b8 (size before relaxing)
 .eh_frame      0x0000000000025540       0xa0 obj_cooja/mtype366.a(ringbuf.o)
                                         0xb8 (size before relaxing)
 .eh_frame      0x00000000000255e0      0x28c obj_cooja/mtype366.a(packetbuf.o)
                                        0x2a4 (size before relaxing)
 .eh_frame      0x000000000002586c       0x80 obj_cooja/mtype366.a(netstack.o)
                                         0x98 (size before relaxing)
 .eh_frame      0x00000000000258ec       0x60 obj_cooja/mtype366.a(linkaddr.o)
                                         0x78 (size before relaxing)
 .eh_frame      0x000000000002594c       0xa0 obj_cooja/mtype366.a(csma.o)
                                         0xb8 (size before relaxing)
 .eh_frame      0x00000000000259ec      0x1d4 obj_cooja/mtype366.a(csma-output.o)
                                        0x1ec (size before relaxing)
 .eh_frame      0x0000000000025bc0      0x2e8 obj_cooja/mtype366.a(uip-ds6.o)
                                        0x300 (size before relaxing)
 .eh_frame      0x0000000000025ea8      0x244 obj_cooja/mtype366.a(tcpip.o)
                                        0x25c (size before relaxing)
 .eh_frame      0x00000000000260ec      0x220 obj_cooja/mtype366.a(uip-ds6-route.o)
                                        0x238 (size before relaxing)
 .eh_frame      0x000000000002630c      0x1a8 obj_cooja/mtype366.a(uip6.o)
                                        0x1c0 (size before relaxing)
 .eh_frame      0x00000000000264b4      0x1c0 obj_cooja/mtype366.a(uip-ds6-nbr.o)
                                        0x1d8 (size before relaxing)
 .eh_frame      0x0000000000026674       0x84 obj_cooja/mtype366.a(uip-nd6.o)
                                         0x9c (size before relaxing)
 .eh_frame      0x00000000000266f8       0xd4 obj_cooja/mtype366.a(simple-udp.o)
                                         0xec (size before relaxing)
 .eh_frame      0x00000000000267cc      0x2f8 obj_cooja/mtype366.a(sicslowpan.o)
                                        0x310 (size before relaxing)
 .eh_frame      0x0000000000026ac4       0x88 obj_cooja/mtype366.a(uiplib.o)
                                         0xa0 (size before relaxing)
 .eh_frame      0x0000000000026b4c      0x1e0 obj_cooja/mtype366.a(rpl.o)
                                        0x1f8 (size before relaxing)
 .eh_frame      0x0000000000026d2c      0x1c4 obj_cooja/mtype366.a(rpl-icmp6.o)
                                        0x1dc (size before relaxing)
 .eh_frame      0x0000000000026ef0      0x370 obj_cooja/mtype366.a(rpl-dag.o)
                                        0x388 (size before relaxing)
 .eh_frame      0x0000000000027260       0xa0 obj_cooja/mtype366.a(rpl-dag-root.o)
                                         0xb8 (size before relaxing)
 .eh_frame      0x0000000000027300       0xa0 obj_cooja/mtype366.a(watchdog.o)
                                         0xb8 (size before relaxing)
 .eh_frame      0x00000000000273a0       0xc4 obj_cooja/mtype366.a(stimer.o)
                                         0xdc (size before relaxing)
 .eh_frame      0x0000000000027464       0xa0 obj_cooja/mtype366.a(memb.o)
                                         0xb8 (size before relaxing)
 .eh_frame      0x0000000000027504      0x1a0 obj_cooja/mtype366.a(queuebuf.o)
                                        0x1b8 (size before relaxing)
 .eh_frame      0x00000000000276a4      0x2ac obj_cooja/mtype366.a(nbr-table.o)
                                        0x2c4 (size before relaxing)
 .eh_frame      0x0000000000027950      0x100 obj_cooja/mtype366.a(link-stats.o)
                                        0x118 (size before relaxing)
 .eh_frame      0x0000000000027a50       0x48 obj_cooja/mtype366.a(mac-sequence.o)
                                         0x60 (size before relaxing)
 .eh_frame      0x0000000000027a98       0x20 obj_cooja/mtype366.a(mac.o)
                                         0x38 (size before relaxing)
 .eh_frame      0x0000000000027ab8       0xa4 obj_cooja/mtype366.a(framer-802154.o)
                                         0xbc (size before relaxing)
 .eh_frame      0x0000000000027b5c      0x1a4 obj_cooja/mtype366.a(frame802154.o)
                                        0x1bc (size before relaxing)
 .eh_frame      0x0000000000027d00      0x100 obj_cooja/mtype366.a(uipbuf.o)
                                        0x118 (size before relaxing)
 .eh_frame      0x0000000000027e00      0x160 obj_cooja/mtype366.a(uip-icmp6.o)
                                        0x178 (size before relaxing)
 .eh_frame      0x0000000000027f60      0x184 obj_cooja/mtype366.a(uip-sr.o)
                                        0x19c (size before relaxing)
 .eh_frame      0x00000000000280e4       0xe0 obj_cooja/mtype366.a(uip-packetqueue)
                                         0xf8 (size before relaxing)
 .eh_frame      0x00000000000281c4       0x40 obj_cooja/mtype366.a(uip-udp-packet.)
                                         0x58 (size before relaxing)
 .eh_frame      0x0000000000028204       0x80 obj_cooja/mtype366.a(rpl-nbr-policy.)
                                         0x98 (size before relaxing)
 .eh_frame      0x0000000000028284      0x2d4 obj_cooja/mtype366.a(rpl-neighbor.o)
                                        0x2ec (size before relaxing)
 .eh_frame      0x0000000000028558      0x368 obj_cooja/mtype366.a(rpl-timers.o)
                                        0x380 (size before relaxing)
 .eh_frame      0x00000000000288c0      0x128 obj_cooja/mtype366.a(rpl-ext-header.)
                                        0x140 (size before relaxing)
 .eh_frame      0x00000000000289e8      0x148 obj_cooja/mtype366.a(rpl-mrhof.o)
                                        0x160 (size before relaxing)
 .eh_frame      0x0000000000028b30        0x4 /usr/lib/gcc/i686-linux-gnu/5/crtendS.o
 *(.eh_frame.*)

.gcc_except_table
 *(.gcc_except_table .gcc_except_table.*)

.gnu_extab
 *(.gnu_extab*)

.exception_ranges
 *(.exception_ranges .exception_ranges*)
                0x0000000000029f10                . = DATA_SEGMENT_ALIGN (0x1000, 0x1000)

.eh_frame
 *(.eh_frame)
 *(.eh_frame.*)

.gnu_extab
 *(.gnu_extab)

.gcc_except_table
 *(.gcc_except_table .gcc_except_table.*)

.exception_ranges
 *(.exception_ranges .exception_ranges*)

.tdata
 *(.tdata .tdata.* .gnu.linkonce.td.*)

.tbss
 *(.tbss .tbss.* .gnu.linkonce.tb.*)
 *(.tcommon)

.preinit_array
 *(.preinit_array)

.init_array     0x0000000000029f10        0x4
 *(SORT(.init_array.*) SORT(.ctors.*))
 *(.init_array EXCLUDE_FILE(*crtend?.o *crtend.o *crtbegin?.o *crtbegin.o) .ctors)
 .init_array    0x0000000000029f10        0x4 /usr/lib/gcc/i686-linux-gnu/5/crtbeginS.o

.fini_array     0x0000000000029f14        0x4
 *(SORT(.fini_array.*) SORT(.dtors.*))
 *(.fini_array EXCLUDE_FILE(*crtend?.o *crtend.o *crtbegin?.o *crtbegin.o) .dtors)
 .fini_array    0x0000000000029f14        0x4 /usr/lib/gcc/i686-linux-gnu/5/crtbeginS.o

.ctors
 *crtbegin.o(.ctors)
 *crtbegin?.o(.ctors)
 *(EXCLUDE_FILE(*crtend?.o *crtend.o) .ctors)
 *(SORT(.ctors.*))
 *(.ctors)

.dtors
 *crtbegin.o(.dtors)
 *crtbegin?.o(.dtors)
 *(EXCLUDE_FILE(*crtend?.o *crtend.o) .dtors)
 *(SORT(.dtors.*))
 *(.dtors)

.jcr            0x0000000000029f18        0x4
 *(.jcr)
 .jcr           0x0000000000029f18        0x0 /usr/lib/gcc/i686-linux-gnu/5/crtbeginS.o
 .jcr           0x0000000000029f18        0x4 /usr/lib/gcc/i686-linux-gnu/5/crtendS.o

.data.rel.ro
 *(.data.rel.ro.local* .gnu.linkonce.d.rel.ro.local.*)
 *(.data.rel.ro .data.rel.ro.* .gnu.linkonce.d.rel.ro.*)

.dynamic        0x0000000000029f1c       0xd0
 *(.dynamic)
 .dynamic       0x0000000000029f1c       0xd0 /usr/lib/gcc/i686-linux-gnu/5/../../../i386-linux-gnu/crti.o
                0x0000000000029f1c                _DYNAMIC

.got            0x0000000000029fec       0x14
 *(.got)
 .got           0x0000000000029fec       0x14 /usr/lib/gcc/i686-linux-gnu/5/../../../i386-linux-gnu/crti.o
 *(.igot)
                0x000000000002aff4                . = DATA_SEGMENT_RELRO_END (., (SIZEOF (.got.plt) >= 0xc)?0xc:0x0)

.got.plt        0x000000000002a000        0xc
 *(.got.plt)
 .got.plt       0x000000000002a000        0xc /usr/lib/gcc/i686-linux-gnu/5/../../../i386-linux-gnu/crti.o
                0x000000000002a000                _GLOBAL_OFFSET_TABLE_
 *(.igot.plt)

.data           0x000000000002a020      0x304
 *(.data .data.* .gnu.linkonce.d.*)
 .data          0x000000000002a020        0x0 /usr/lib/gcc/i686-linux-gnu/5/../../../i386-linux-gnu/crti.o
 .data          0x000000000002a020        0x0 /usr/lib/gcc/i686-linux-gnu/5/crtbeginS.o
 .data.rel.local
                0x000000000002a020        0x4 /usr/lib/gcc/i686-linux-gnu/5/crtbeginS.o
                0x000000000002a020                __dso_handle
 .data          0x000000000002a024       0x10 udp-client.o
                0x000000000002a024                udp_client_process
 *fill*         0x000000000002a034        0xc 
 .data          0x000000000002a040       0x44 obj_cooja/mtype366.o
                0x000000000002a040                simInterfaces
                0x000000000002a074                sensors
 .data          0x000000000002a084        0x0 obj_cooja/mtype366.a(simEnvChange.o)
 .data          0x000000000002a084        0x0 obj_cooja/mtype366.a(cooja_mt.o)
 .data          0x000000000002a084        0x0 obj_cooja/mtype366.a(cooja_mtarch.o)
 .data          0x000000000002a084        0x0 obj_cooja/mtype366.a(rtimer-arch.o)
 .data          0x000000000002a084        0x0 obj_cooja/mtype366.a(beep.o)
 .data          0x000000000002a084        0x0 obj_cooja/mtype366.a(button-sensor.o)
 .data          0x000000000002a084        0x0 obj_cooja/mtype366.a(leds-arch.o)
 .data          0x000000000002a084        0x0 obj_cooja/mtype366.a(moteid.o)
 .data          0x000000000002a084        0x0 obj_cooja/mtype366.a(pir-sensor.o)
 .data          0x000000000002a084        0x0 obj_cooja/mtype366.a(rs232.o)
 .data          0x000000000002a084        0x0 obj_cooja/mtype366.a(vib-sensor.o)
 .data          0x000000000002a084        0x0 obj_cooja/mtype366.a(clock.o)
 .data          0x000000000002a084        0x0 obj_cooja/mtype366.a(cooja-log.o)
 .data          0x000000000002a084        0x0 obj_cooja/mtype366.a(cfs-cooja.o)
 .data          0x000000000002a084       0x2c obj_cooja/mtype366.a(cooja-radio.o)
                0x000000000002a084                simRadioHWOn
                0x000000000002a088                simSignalStrength
                0x000000000002a08c                simLastSignalStrength
                0x000000000002a090                simPower
                0x000000000002a094                simRadioChannel
                0x000000000002a098                simLQI
                0x000000000002a0a0                cooja_radio_process
 .data          0x000000000002a0b0        0x0 obj_cooja/mtype366.a(eeprom.o)
 .data          0x000000000002a0b0        0x0 obj_cooja/mtype366.a(random.o)
 .data          0x000000000002a0b0       0x10 obj_cooja/mtype366.a(sensors.o)
                0x000000000002a0b0                sensors_process
 .data          0x000000000002a0c0        0x0 obj_cooja/mtype366.a(contiki-main.o)
 .data          0x000000000002a0c0        0x0 obj_cooja/mtype366.a(autostart.o)
 .data          0x000000000002a0c0       0x14 obj_cooja/mtype366.a(ctimer.o)
                0x000000000002a0c4                ctimer_process
 .data          0x000000000002a0d4        0x0 obj_cooja/mtype366.a(energest.o)
 .data          0x000000000002a0d4       0x10 obj_cooja/mtype366.a(etimer.o)
                0x000000000002a0d4                etimer_process
 *fill*         0x000000000002a0e4       0x1c 
 .data          0x000000000002a100       0xb0 obj_cooja/mtype366.a(log.o)
                0x000000000002a100                curr_log_level_main
                0x000000000002a120                all_modules
 .data          0x000000000002a1b0        0x0 obj_cooja/mtype366.a(process.o)
 .data          0x000000000002a1b0        0x0 obj_cooja/mtype366.a(rtimer.o)
 .data          0x000000000002a1b0        0x0 obj_cooja/mtype366.a(node-id.o)
 .data          0x000000000002a1b0        0x0 obj_cooja/mtype366.a(timer.o)
 .data          0x000000000002a1b0       0x10 obj_cooja/mtype366.a(serial-line.o)
                0x000000000002a1b0                serial_line_process
 .data          0x000000000002a1c0        0x0 obj_cooja/mtype366.a(list.o)
 .data          0x000000000002a1c0        0x0 obj_cooja/mtype366.a(ringbuf.o)
 .data          0x000000000002a1c0        0x4 obj_cooja/mtype366.a(packetbuf.o)
 .data          0x000000000002a1c4        0x4 obj_cooja/mtype366.a(netstack.o)
 .data          0x000000000002a1c8        0x0 obj_cooja/mtype366.a(linkaddr.o)
 .data          0x000000000002a1c8        0x0 obj_cooja/mtype366.a(csma.o)
 .data          0x000000000002a1c8       0x28 obj_cooja/mtype366.a(csma-output.o)
 .data          0x000000000002a1f0        0x0 obj_cooja/mtype366.a(uip-ds6.o)
 .data          0x000000000002a1f0       0x10 obj_cooja/mtype366.a(tcpip.o)
                0x000000000002a1f0                tcpip_process
 .data          0x000000000002a200       0x10 obj_cooja/mtype366.a(uip-ds6-route.o)
 .data          0x000000000002a210        0x0 obj_cooja/mtype366.a(uip6.o)
 .data          0x000000000002a210       0x14 obj_cooja/mtype366.a(uip-ds6-nbr.o)
                0x000000000002a220                ds6_neighbors
 .data          0x000000000002a224        0xc obj_cooja/mtype366.a(uip-nd6.o)
 .data          0x000000000002a230       0x10 obj_cooja/mtype366.a(simple-udp.o)
                0x000000000002a230                simple_udp_process
 .data          0x000000000002a240        0x0 obj_cooja/mtype366.a(sicslowpan.o)
 .data          0x000000000002a240        0x0 obj_cooja/mtype366.a(uiplib.o)
 .data          0x000000000002a240        0x0 obj_cooja/mtype366.a(rpl.o)
 .data          0x000000000002a240       0x30 obj_cooja/mtype366.a(rpl-icmp6.o)
 .data          0x000000000002a270        0x0 obj_cooja/mtype366.a(rpl-dag.o)
 .data          0x000000000002a270        0x0 obj_cooja/mtype366.a(rpl-dag-root.o)
 .data          0x000000000002a270        0x0 obj_cooja/mtype366.a(watchdog.o)
 .data          0x000000000002a270        0x0 obj_cooja/mtype366.a(stimer.o)
 .data          0x000000000002a270        0x0 obj_cooja/mtype366.a(memb.o)
 .data          0x000000000002a270       0x18 obj_cooja/mtype366.a(queuebuf.o)
 .data          0x000000000002a288       0x10 obj_cooja/mtype366.a(nbr-table.o)
 .data          0x000000000002a298       0x14 obj_cooja/mtype366.a(link-stats.o)
 .data          0x000000000002a2ac        0x0 obj_cooja/mtype366.a(mac-sequence.o)
 .data          0x000000000002a2ac        0x0 obj_cooja/mtype366.a(mac.o)
 .data          0x000000000002a2ac        0x0 obj_cooja/mtype366.a(framer-802154.o)
 .data          0x000000000002a2ac        0x2 obj_cooja/mtype366.a(frame802154.o)
 .data          0x000000000002a2ae        0x0 obj_cooja/mtype366.a(uipbuf.o)
 *fill*         0x000000000002a2ae        0x2 
 .data          0x000000000002a2b0       0x20 obj_cooja/mtype366.a(uip-icmp6.o)
 .data          0x000000000002a2d0       0x10 obj_cooja/mtype366.a(uip-sr.o)
 .data          0x000000000002a2e0        0xc obj_cooja/mtype366.a(uip-packetqueue)
 .data          0x000000000002a2ec        0x0 obj_cooja/mtype366.a(uip-udp-packet.)
 .data          0x000000000002a2ec        0x0 obj_cooja/mtype366.a(rpl-nbr-policy.)
 .data          0x000000000002a2ec       0x14 obj_cooja/mtype366.a(rpl-neighbor.o)
                0x000000000002a2fc                rpl_neighbors
 .data          0x000000000002a300        0x0 obj_cooja/mtype366.a(rpl-timers.o)
 .data          0x000000000002a300        0x0 obj_cooja/mtype366.a(rpl-ext-header.)
 .data          0x000000000002a300       0x24 obj_cooja/mtype366.a(rpl-mrhof.o)
                0x000000000002a300                rpl_mrhof
 .data          0x000000000002a324        0x0 /usr/lib/gcc/i686-linux-gnu/5/crtendS.o
 .data          0x000000000002a324        0x0 /usr/lib/gcc/i686-linux-gnu/5/../../../i386-linux-gnu/crtn.o

.tm_clone_table
                0x000000000002a324        0x0
 .tm_clone_table
                0x000000000002a324        0x0 /usr/lib/gcc/i686-linux-gnu/5/crtbeginS.o
 .tm_clone_table
                0x000000000002a324        0x0 /usr/lib/gcc/i686-linux-gnu/5/crtendS.o

.data1
 *(.data1)
                0x000000000002a324                _edata = .
                [!provide]                        PROVIDE (edata, .)
                0x000000000002a324                . = .
                0x000000000002a324                __bss_start = .

.bss            0x000000000002a340    0x13d20
 *(.dynbss)
 .dynbss        0x000000000002a340        0x0 /usr/lib/gcc/i686-linux-gnu/5/../../../i386-linux-gnu/crti.o
 *(.bss .bss.* .gnu.linkonce.b.*)
 .bss           0x000000000002a340        0x0 /usr/lib/gcc/i686-linux-gnu/5/../../../i386-linux-gnu/crti.o
 .bss           0x000000000002a340        0x1 /usr/lib/gcc/i686-linux-gnu/5/crtbeginS.o
 *fill*         0x000000000002a341       0x1f 
 .bss           0x000000000002a360       0x38 udp-client.o
 *fill*         0x000000000002a398        0x8 
 .bss           0x000000000002a3a0     0x2030 obj_cooja/mtype366.o
 .bss           0x000000000002c3d0        0x1 obj_cooja/mtype366.a(simEnvChange.o)
                0x000000000002c3d0                simDontFallAsleep
 *fill*         0x000000000002c3d1        0x3 
 .bss           0x000000000002c3d4        0x4 obj_cooja/mtype366.a(cooja_mt.o)
 .bss           0x000000000002c3d8        0x4 obj_cooja/mtype366.a(cooja_mtarch.o)
 .bss           0x000000000002c3dc        0x0 obj_cooja/mtype366.a(rtimer-arch.o)
 .bss           0x000000000002c3dc        0x0 obj_cooja/mtype366.a(beep.o)
 .bss           0x000000000002c3dc        0x8 obj_cooja/mtype366.a(button-sensor.o)
 .bss           0x000000000002c3e4        0x0 obj_cooja/mtype366.a(leds-arch.o)
 .bss           0x000000000002c3e4        0x0 obj_cooja/mtype366.a(moteid.o)
 .bss           0x000000000002c3e4        0x1 obj_cooja/mtype366.a(pir-sensor.o)
                0x000000000002c3e4                simPirValue
 *fill*         0x000000000002c3e5        0x3 
 .bss           0x000000000002c3e8        0x4 obj_cooja/mtype366.a(rs232.o)
 .bss           0x000000000002c3ec        0x1 obj_cooja/mtype366.a(vib-sensor.o)
                0x000000000002c3ec                simVibValue
 .bss           0x000000000002c3ed        0x0 obj_cooja/mtype366.a(clock.o)
 *fill*         0x000000000002c3ed       0x13 
 .bss           0x000000000002c400     0x2020 obj_cooja/mtype366.a(cooja-log.o)
 .bss           0x000000000002e420      0xfc0 obj_cooja/mtype366.a(cfs-cooja.o)
                0x000000000002e420                simCFSData
                0x000000000002f3c0                simCFSSize
                0x000000000002f3c4                simCFSChanged
                0x000000000002f3c8                simCFSRead
                0x000000000002f3cc                simCFSWritten
 .bss           0x000000000002f3e0       0x24 obj_cooja/mtype366.a(cooja-radio.o)
                0x000000000002f3e0                simReceiving
                0x000000000002f3e4                simInSize
                0x000000000002f3e8                simLastPacketTimestamp
                0x000000000002f3f0                simOutSize
 .bss           0x000000000002f404        0xc obj_cooja/mtype366.a(eeprom.o)
                0x000000000002f404                simEEPROMChanged
                0x000000000002f408                simEEPROMRead
                0x000000000002f40c                simEEPROMWritten
 .bss           0x000000000002f410        0x0 obj_cooja/mtype366.a(random.o)
 .bss           0x000000000002f410        0xc obj_cooja/mtype366.a(sensors.o)
 .bss           0x000000000002f41c        0x0 obj_cooja/mtype366.a(contiki-main.o)
 .bss           0x000000000002f41c        0x0 obj_cooja/mtype366.a(autostart.o)
 .bss           0x000000000002f41c        0x5 obj_cooja/mtype366.a(ctimer.o)
 .bss           0x000000000002f421        0x0 obj_cooja/mtype366.a(energest.o)
 *fill*         0x000000000002f421        0x3 
 .bss           0x000000000002f424        0x8 obj_cooja/mtype366.a(etimer.o)
 .bss           0x000000000002f42c       0x28 obj_cooja/mtype366.a(log.o)
                0x000000000002f42c                curr_log_level_rpl
                0x000000000002f430                curr_log_level_tcpip
                0x000000000002f434                curr_log_level_ipv6
                0x000000000002f438                curr_log_level_6lowpan
                0x000000000002f43c                curr_log_level_nullnet
                0x000000000002f440                curr_log_level_mac
                0x000000000002f444                curr_log_level_framer
                0x000000000002f448                curr_log_level_6top
                0x000000000002f44c                curr_log_level_coap
                0x000000000002f450                curr_log_level_lwm2m
 *fill*         0x000000000002f454        0xc 
 .bss           0x000000000002f460      0x1a1 obj_cooja/mtype366.a(process.o)
                0x000000000002f460                process_list
                0x000000000002f464                process_current
 *fill*         0x000000000002f601        0x3 
 .bss           0x000000000002f604        0x4 obj_cooja/mtype366.a(rtimer.o)
 .bss           0x000000000002f608        0x2 obj_cooja/mtype366.a(node-id.o)
                0x000000000002f608                node_id
 .bss           0x000000000002f60a        0x0 obj_cooja/mtype366.a(timer.o)
 *fill*         0x000000000002f60a       0x16 
 .bss           0x000000000002f620      0x140 obj_cooja/mtype366.a(serial-line.o)
 .bss           0x000000000002f760        0x0 obj_cooja/mtype366.a(list.o)
 .bss           0x000000000002f760        0x0 obj_cooja/mtype366.a(ringbuf.o)
 .bss           0x000000000002f760       0xa0 obj_cooja/mtype366.a(packetbuf.o)
 .bss           0x000000000002f800        0x4 obj_cooja/mtype366.a(netstack.o)
 .bss           0x000000000002f804        0x0 obj_cooja/mtype366.a(linkaddr.o)
 .bss           0x000000000002f804        0x0 obj_cooja/mtype366.a(csma.o)
 *fill*         0x000000000002f804       0x1c 
 .bss           0x000000000002f820      0x726 obj_cooja/mtype366.a(csma-output.o)
 *fill*         0x000000000002ff46        0x2 
 .bss           0x000000000002ff48       0x20 obj_cooja/mtype366.a(uip-ds6.o)
 .bss           0x000000000002ff68       0x10 obj_cooja/mtype366.a(tcpip.o)
 *fill*         0x000000000002ff78        0x8 
 .bss           0x000000000002ff80       0x60 obj_cooja/mtype366.a(uip-ds6-route.o)
 .bss           0x000000000002ffe0        0x6 obj_cooja/mtype366.a(uip6.o)
                0x000000000002ffe0                uip_ext_bitmap
                0x000000000002ffe1                uip_ext_len
                0x000000000002ffe2                uip_ext_opt_offset
 *fill*         0x000000000002ffe6       0x1a 
 .bss           0x0000000000030000     0x1c20 obj_cooja/mtype366.a(uip-ds6-nbr.o)
 .bss           0x0000000000031c20       0x10 obj_cooja/mtype366.a(uip-nd6.o)
 *fill*         0x0000000000031c30       0x10 
 .bss           0x0000000000031c40      0x520 obj_cooja/mtype366.a(simple-udp.o)
 .bss           0x0000000000032160      0x724 obj_cooja/mtype366.a(sicslowpan.o)
 .bss           0x0000000000032884        0x0 obj_cooja/mtype366.a(uiplib.o)
 .bss           0x0000000000032884        0x1 obj_cooja/mtype366.a(rpl.o)
 .bss           0x0000000000032885        0x0 obj_cooja/mtype366.a(rpl-icmp6.o)
 .bss           0x0000000000032885        0x0 obj_cooja/mtype366.a(rpl-dag.o)
 *fill*         0x0000000000032885        0x3 
 .bss           0x0000000000032888       0x11 obj_cooja/mtype366.a(rpl-dag-root.o)
 .bss           0x0000000000032899        0x0 obj_cooja/mtype366.a(watchdog.o)
 .bss           0x0000000000032899        0x0 obj_cooja/mtype366.a(stimer.o)
 .bss           0x0000000000032899        0x0 obj_cooja/mtype366.a(memb.o)
 *fill*         0x0000000000032899        0x7 
 .bss           0x00000000000328a0     0x2c80 obj_cooja/mtype366.a(queuebuf.o)
 .bss           0x0000000000035520     0x1214 obj_cooja/mtype366.a(nbr-table.o)
 *fill*         0x0000000000036734        0xc 
 .bss           0x0000000000036740      0xe10 obj_cooja/mtype366.a(link-stats.o)
 *fill*         0x0000000000037550       0x10 
 .bss           0x0000000000037560      0x100 obj_cooja/mtype366.a(mac-sequence.o)
 .bss           0x0000000000037660        0x0 obj_cooja/mtype366.a(mac.o)
 .bss           0x0000000000037660        0x2 obj_cooja/mtype366.a(framer-802154.o)
 .bss           0x0000000000037662        0x0 obj_cooja/mtype366.a(frame802154.o)
 *fill*         0x0000000000037662        0x2 
 .bss           0x0000000000037664        0xc obj_cooja/mtype366.a(uipbuf.o)
 .bss           0x0000000000037670       0x18 obj_cooja/mtype366.a(uip-icmp6.o)
 *fill*         0x0000000000037688       0x18 
 .bss           0x00000000000376a0     0x1d80 obj_cooja/mtype366.a(uip-sr.o)
 .bss           0x0000000000039420      0xa78 obj_cooja/mtype366.a(uip-packetqueue)
 .bss           0x0000000000039e98        0x0 obj_cooja/mtype366.a(uip-udp-packet.)
 .bss           0x0000000000039e98        0xe obj_cooja/mtype366.a(rpl-nbr-policy.)
 *fill*         0x0000000000039ea6       0x1a 
 .bss           0x0000000000039ec0      0x960 obj_cooja/mtype366.a(rpl-neighbor.o)
 .bss           0x000000000003a820       0x40 obj_cooja/mtype366.a(rpl-timers.o)
 .bss           0x000000000003a860        0x0 obj_cooja/mtype366.a(rpl-ext-header.)
 .bss           0x000000000003a860        0x0 obj_cooja/mtype366.a(rpl-mrhof.o)
 .bss           0x000000000003a860        0x0 /usr/lib/gcc/i686-linux-gnu/5/crtendS.o
 .bss           0x000000000003a860        0x0 /usr/lib/gcc/i686-linux-gnu/5/../../../i386-linux-gnu/crtn.o
 *(COMMON)
 COMMON         0x000000000003a860        0x8 obj_cooja/mtype366.o
                0x000000000003a860                referenceVar
                0x000000000003a864                sensors_flags
 COMMON         0x000000000003a868        0xc obj_cooja/mtype366.a(simEnvChange.o)
                0x000000000003a868                simEtimerPending
                0x000000000003a86c                simProcessRunValue
                0x000000000003a870                simEtimerNextExpirationTime
 *fill*         0x000000000003a874        0x4 
 COMMON         0x000000000003a878       0x18 obj_cooja/mtype366.a(rtimer-arch.o)
                0x000000000003a878                simRtimerPending
                0x000000000003a880                simRtimerCurrentTicks
                0x000000000003a888                simRtimerNextExpirationTime
 COMMON         0x000000000003a890        0x1 obj_cooja/mtype366.a(beep.o)
                0x000000000003a890                simBeeped
 COMMON         0x000000000003a891        0x3 obj_cooja/mtype366.a(button-sensor.o)
                0x000000000003a891                simButtonIsActive
                0x000000000003a892                simButtonIsDown
                0x000000000003a893                simButtonChanged
 COMMON         0x000000000003a894        0x1 obj_cooja/mtype366.a(leds-arch.o)
                0x000000000003a894                simLedsValue
 *fill*         0x000000000003a895        0x3 
 COMMON         0x000000000003a898        0xc obj_cooja/mtype366.a(moteid.o)
                0x000000000003a898                simRandomSeed
                0x000000000003a89c                simMoteIDChanged
                0x000000000003a8a0                simMoteID
 COMMON         0x000000000003a8a4        0x2 obj_cooja/mtype366.a(pir-sensor.o)
                0x000000000003a8a4                simPirIsActive
                0x000000000003a8a5                simPirChanged
 *fill*         0x000000000003a8a6       0x1a 
 COMMON         0x000000000003a8c0      0x820 obj_cooja/mtype366.a(rs232.o)
                0x000000000003a8c0                simSerialReceivingFlag
                0x000000000003a8c4                simSerialReceivingLength
                0x000000000003a8e0                simSerialReceivingData
 COMMON         0x000000000003b0e0        0x2 obj_cooja/mtype366.a(vib-sensor.o)
                0x000000000003b0e0                simVibChanged
                0x000000000003b0e1                simVibIsActive
 *fill*         0x000000000003b0e2        0x2 
 COMMON         0x000000000003b0e4        0x4 obj_cooja/mtype366.a(clock.o)
                0x000000000003b0e4                simCurrentTime
 *fill*         0x000000000003b0e8       0x18 
 COMMON         0x000000000003b100     0x2020 obj_cooja/mtype366.a(cooja-log.o)
                0x000000000003b100                simLoggedLength
                0x000000000003b104                simLoggedFlag
                0x000000000003b120                simLoggedData
 COMMON         0x000000000003d120      0x100 obj_cooja/mtype366.a(cooja-radio.o)
                0x000000000003d120                simOutDataBuffer
                0x000000000003d1a0                simInDataBuffer
 COMMON         0x000000000003d220      0x400 obj_cooja/mtype366.a(eeprom.o)
                0x000000000003d220                simEEPROMData
 COMMON         0x000000000003d620        0x1 obj_cooja/mtype366.a(sensors.o)
                0x000000000003d620                sensors_event
 *fill*         0x000000000003d621        0x3 
 COMMON         0x000000000003d624       0x50 obj_cooja/mtype366.a(contiki-main.o)
                0x000000000003d624                eb_per_time_source
                0x000000000003d638                unicast_per_neighbor_rpl_storing
                0x000000000003d64c                unicast_per_neighbor_rpl_ns
                0x000000000003d660                default_common
 COMMON         0x000000000003d674        0x1 obj_cooja/mtype366.a(serial-line.o)
                0x000000000003d674                serial_line_event_message
 *fill*         0x000000000003d675        0x3 
 COMMON         0x000000000003d678       0x2c obj_cooja/mtype366.a(packetbuf.o)
                0x000000000003d678                packetbuf_attrs
                0x000000000003d694                packetbuf_addrs
 COMMON         0x000000000003d6a4        0x8 obj_cooja/mtype366.a(linkaddr.o)
                0x000000000003d6a4                linkaddr_node_addr
 *fill*         0x000000000003d6ac       0x14 
 COMMON         0x000000000003d6c0      0x181 obj_cooja/mtype366.a(uip-ds6.o)
                0x000000000003d6c0                uip_ds6_prefix_list
                0x000000000003d720                uip_ds6_timer_periodic
                0x000000000003d730                uip_ds6_netif_addr_list_offset
                0x000000000003d740                uip_ds6_if
                0x000000000003d838                uip_ds6_timer_ra
                0x000000000003d840                uip_ds6_addr_size
 COMMON         0x000000000003d841        0x1 obj_cooja/mtype366.a(tcpip.o)
                0x000000000003d841                tcpip_event
 *fill*         0x000000000003d842       0x1e 
 COMMON         0x000000000003d860      0x64c obj_cooja/mtype366.a(uip6.o)
                0x000000000003d860                uip_slen
                0x000000000003d864                uip_lladdr
                0x000000000003d86c                uip_appdata
                0x000000000003d870                uip_flags
                0x000000000003d880                uip_aligned_buf
                0x000000000003dd80                uip_len
                0x000000000003dd84                uip_sappdata
                0x000000000003dda0                uip_udp_conns
                0x000000000003dea0                uip_udp_conn
                0x000000000003dea4                uip_next_hdr
                0x000000000003dea8                uip_conn
 COMMON         0x000000000003deac       0x10 obj_cooja/mtype366.a(rpl.o)
                0x000000000003deac                rpl_multicast_addr
 *fill*         0x000000000003debc        0x4 
 COMMON         0x000000000003dec0      0x164 obj_cooja/mtype366.a(rpl-dag.o)
                0x000000000003dec0                curr_instance
 *fill*         0x000000000003e024       0x1c 
 COMMON         0x000000000003e040       0x20 obj_cooja/mtype366.a(link-stats.o)
                0x000000000003e040                periodic_timer
                0x000000000003e060                . = ALIGN ((. != 0x0)?0x4:0x1)
                0x000000000003e060                . = ALIGN (0x4)
                0x000000000003e060                . = SEGMENT_START ("ldata-segment", .)
                0x000000000003e060                . = ALIGN (0x4)
                0x000000000003e060                _end = .
                [!provide]                        PROVIDE (end, .)
                0x000000000003e060                . = DATA_SEGMENT_END (.)

.stab
 *(.stab)

.stabstr
 *(.stabstr)

.stab.excl
 *(.stab.excl)

.stab.exclstr
 *(.stab.exclstr)

.stab.index
 *(.stab.index)

.stab.indexstr
 *(.stab.indexstr)

.comment        0x0000000000000000       0x35
 *(.comment)
 .comment       0x0000000000000000       0x35 /usr/lib/gcc/i686-linux-gnu/5/crtbeginS.o
                                         0x36 (size before relaxing)
 .comment       0x0000000000000035       0x36 udp-client.o
 .comment       0x0000000000000035       0x36 obj_cooja/mtype366.o
 .comment       0x0000000000000035       0x36 obj_cooja/mtype366.a(simEnvChange.o)
 .comment       0x0000000000000035       0x36 obj_cooja/mtype366.a(cooja_mt.o)
 .comment       0x0000000000000035       0x36 obj_cooja/mtype366.a(cooja_mtarch.o)
 .comment       0x0000000000000035       0x36 obj_cooja/mtype366.a(rtimer-arch.o)
 .comment       0x0000000000000035       0x36 obj_cooja/mtype366.a(beep.o)
 .comment       0x0000000000000035       0x36 obj_cooja/mtype366.a(button-sensor.o)
 .comment       0x0000000000000035       0x36 obj_cooja/mtype366.a(leds-arch.o)
 .comment       0x0000000000000035       0x36 obj_cooja/mtype366.a(moteid.o)
 .comment       0x0000000000000035       0x36 obj_cooja/mtype366.a(pir-sensor.o)
 .comment       0x0000000000000035       0x36 obj_cooja/mtype366.a(rs232.o)
 .comment       0x0000000000000035       0x36 obj_cooja/mtype366.a(vib-sensor.o)
 .comment       0x0000000000000035       0x36 obj_cooja/mtype366.a(clock.o)
 .comment       0x0000000000000035       0x36 obj_cooja/mtype366.a(cooja-log.o)
 .comment       0x0000000000000035       0x36 obj_cooja/mtype366.a(cfs-cooja.o)
 .comment       0x0000000000000035       0x36 obj_cooja/mtype366.a(cooja-radio.o)
 .comment       0x0000000000000035       0x36 obj_cooja/mtype366.a(eeprom.o)
 .comment       0x0000000000000035       0x36 obj_cooja/mtype366.a(random.o)
 .comment       0x0000000000000035       0x36 obj_cooja/mtype366.a(sensors.o)
 .comment       0x0000000000000035       0x36 obj_cooja/mtype366.a(contiki-main.o)
 .comment       0x0000000000000035       0x36 obj_cooja/mtype366.a(autostart.o)
 .comment       0x0000000000000035       0x36 obj_cooja/mtype366.a(ctimer.o)
 .comment       0x0000000000000035       0x36 obj_cooja/mtype366.a(energest.o)
 .comment       0x0000000000000035       0x36 obj_cooja/mtype366.a(etimer.o)
 .comment       0x0000000000000035       0x36 obj_cooja/mtype366.a(log.o)
 .comment       0x0000000000000035       0x36 obj_cooja/mtype366.a(process.o)
 .comment       0x0000000000000035       0x36 obj_cooja/mtype366.a(rtimer.o)
 .comment       0x0000000000000035       0x36 obj_cooja/mtype366.a(node-id.o)
 .comment       0x0000000000000035       0x36 obj_cooja/mtype366.a(timer.o)
 .comment       0x0000000000000035       0x36 obj_cooja/mtype366.a(serial-line.o)
 .comment       0x0000000000000035       0x36 obj_cooja/mtype366.a(list.o)
 .comment       0x0000000000000035       0x36 obj_cooja/mtype366.a(ringbuf.o)
 .comment       0x0000000000000035       0x36 obj_cooja/mtype366.a(packetbuf.o)
 .comment       0x0000000000000035       0x36 obj_cooja/mtype366.a(netstack.o)
 .comment       0x0000000000000035       0x36 obj_cooja/mtype366.a(linkaddr.o)
 .comment       0x0000000000000035       0x36 obj_cooja/mtype366.a(csma.o)
 .comment       0x0000000000000035       0x36 obj_cooja/mtype366.a(csma-output.o)
 .comment       0x0000000000000035       0x36 obj_cooja/mtype366.a(uip-ds6.o)
 .comment       0x0000000000000035       0x36 obj_cooja/mtype366.a(tcpip.o)
 .comment       0x0000000000000035       0x36 obj_cooja/mtype366.a(uip-ds6-route.o)
 .comment       0x0000000000000035       0x36 obj_cooja/mtype366.a(uip6.o)
 .comment       0x0000000000000035       0x36 obj_cooja/mtype366.a(uip-ds6-nbr.o)
 .comment       0x0000000000000035       0x36 obj_cooja/mtype366.a(uip-nd6.o)
 .comment       0x0000000000000035       0x36 obj_cooja/mtype366.a(simple-udp.o)
 .comment       0x0000000000000035       0x36 obj_cooja/mtype366.a(sicslowpan.o)
 .comment       0x0000000000000035       0x36 obj_cooja/mtype366.a(uiplib.o)
 .comment       0x0000000000000035       0x36 obj_cooja/mtype366.a(rpl.o)
 .comment       0x0000000000000035       0x36 obj_cooja/mtype366.a(rpl-icmp6.o)
 .comment       0x0000000000000035       0x36 obj_cooja/mtype366.a(rpl-dag.o)
 .comment       0x0000000000000035       0x36 obj_cooja/mtype366.a(rpl-dag-root.o)
 .comment       0x0000000000000035       0x36 obj_cooja/mtype366.a(watchdog.o)
 .comment       0x0000000000000035       0x36 obj_cooja/mtype366.a(stimer.o)
 .comment       0x0000000000000035       0x36 obj_cooja/mtype366.a(memb.o)
 .comment       0x0000000000000035       0x36 obj_cooja/mtype366.a(queuebuf.o)
 .comment       0x0000000000000035       0x36 obj_cooja/mtype366.a(nbr-table.o)
 .comment       0x0000000000000035       0x36 obj_cooja/mtype366.a(link-stats.o)
 .comment       0x0000000000000035       0x36 obj_cooja/mtype366.a(mac-sequence.o)
 .comment       0x0000000000000035       0x36 obj_cooja/mtype366.a(mac.o)
 .comment       0x0000000000000035       0x36 obj_cooja/mtype366.a(framer-802154.o)
 .comment       0x0000000000000035       0x36 obj_cooja/mtype366.a(frame802154.o)
 .comment       0x0000000000000035       0x36 obj_cooja/mtype366.a(uipbuf.o)
 .comment       0x0000000000000035       0x36 obj_cooja/mtype366.a(uip-icmp6.o)
 .comment       0x0000000000000035       0x36 obj_cooja/mtype366.a(uip-sr.o)
 .comment       0x0000000000000035       0x36 obj_cooja/mtype366.a(uip-packetqueue)
 .comment       0x0000000000000035       0x36 obj_cooja/mtype366.a(uip-udp-packet.)
 .comment       0x0000000000000035       0x36 obj_cooja/mtype366.a(rpl-nbr-policy.)
 .comment       0x0000000000000035       0x36 obj_cooja/mtype366.a(rpl-neighbor.o)
 .comment       0x0000000000000035       0x36 obj_cooja/mtype366.a(rpl-timers.o)
 .comment       0x0000000000000035       0x36 obj_cooja/mtype366.a(rpl-ext-header.)
 .comment       0x0000000000000035       0x36 obj_cooja/mtype366.a(rpl-mrhof.o)
 .comment       0x0000000000000035       0x36 /usr/lib/gcc/i686-linux-gnu/5/crtendS.o

.debug
 *(.debug)

.line
 *(.line)

.debug_srcinfo
 *(.debug_srcinfo)

.debug_sfnames
 *(.debug_sfnames)

.debug_aranges  0x0000000000000000      0x8e0
 *(.debug_aranges)
 .debug_aranges
                0x0000000000000000       0x20 udp-client.o
 .debug_aranges
                0x0000000000000020       0x20 obj_cooja/mtype366.o
 .debug_aranges
                0x0000000000000040       0x20 obj_cooja/mtype366.a(simEnvChange.o)
 .debug_aranges
                0x0000000000000060       0x20 obj_cooja/mtype366.a(cooja_mt.o)
 .debug_aranges
                0x0000000000000080       0x20 obj_cooja/mtype366.a(cooja_mtarch.o)
 .debug_aranges
                0x00000000000000a0       0x20 obj_cooja/mtype366.a(rtimer-arch.o)
 .debug_aranges
                0x00000000000000c0       0x20 obj_cooja/mtype366.a(beep.o)
 .debug_aranges
                0x00000000000000e0       0x20 obj_cooja/mtype366.a(button-sensor.o)
 .debug_aranges
                0x0000000000000100       0x20 obj_cooja/mtype366.a(leds-arch.o)
 .debug_aranges
                0x0000000000000120       0x20 obj_cooja/mtype366.a(moteid.o)
 .debug_aranges
                0x0000000000000140       0x20 obj_cooja/mtype366.a(pir-sensor.o)
 .debug_aranges
                0x0000000000000160       0x20 obj_cooja/mtype366.a(rs232.o)
 .debug_aranges
                0x0000000000000180       0x20 obj_cooja/mtype366.a(vib-sensor.o)
 .debug_aranges
                0x00000000000001a0       0x20 obj_cooja/mtype366.a(clock.o)
 .debug_aranges
                0x00000000000001c0       0x20 obj_cooja/mtype366.a(cooja-log.o)
 .debug_aranges
                0x00000000000001e0       0x20 obj_cooja/mtype366.a(cfs-cooja.o)
 .debug_aranges
                0x0000000000000200       0x20 obj_cooja/mtype366.a(cooja-radio.o)
 .debug_aranges
                0x0000000000000220       0x20 obj_cooja/mtype366.a(eeprom.o)
 .debug_aranges
                0x0000000000000240       0x20 obj_cooja/mtype366.a(random.o)
 .debug_aranges
                0x0000000000000260       0x20 obj_cooja/mtype366.a(sensors.o)
 .debug_aranges
                0x0000000000000280       0x20 obj_cooja/mtype366.a(contiki-main.o)
 .debug_aranges
                0x00000000000002a0       0x20 obj_cooja/mtype366.a(autostart.o)
 .debug_aranges
                0x00000000000002c0       0x20 obj_cooja/mtype366.a(ctimer.o)
 .debug_aranges
                0x00000000000002e0       0x20 obj_cooja/mtype366.a(energest.o)
 .debug_aranges
                0x0000000000000300       0x20 obj_cooja/mtype366.a(etimer.o)
 .debug_aranges
                0x0000000000000320       0x20 obj_cooja/mtype366.a(log.o)
 .debug_aranges
                0x0000000000000340       0x20 obj_cooja/mtype366.a(process.o)
 .debug_aranges
                0x0000000000000360       0x20 obj_cooja/mtype366.a(rtimer.o)
 .debug_aranges
                0x0000000000000380       0x20 obj_cooja/mtype366.a(node-id.o)
 .debug_aranges
                0x00000000000003a0       0x20 obj_cooja/mtype366.a(timer.o)
 .debug_aranges
                0x00000000000003c0       0x20 obj_cooja/mtype366.a(serial-line.o)
 .debug_aranges
                0x00000000000003e0       0x20 obj_cooja/mtype366.a(list.o)
 .debug_aranges
                0x0000000000000400       0x20 obj_cooja/mtype366.a(ringbuf.o)
 .debug_aranges
                0x0000000000000420       0x20 obj_cooja/mtype366.a(packetbuf.o)
 .debug_aranges
                0x0000000000000440       0x20 obj_cooja/mtype366.a(netstack.o)
 .debug_aranges
                0x0000000000000460       0x20 obj_cooja/mtype366.a(linkaddr.o)
 .debug_aranges
                0x0000000000000480       0x20 obj_cooja/mtype366.a(csma.o)
 .debug_aranges
                0x00000000000004a0       0x20 obj_cooja/mtype366.a(csma-output.o)
 .debug_aranges
                0x00000000000004c0       0x20 obj_cooja/mtype366.a(uip-ds6.o)
 .debug_aranges
                0x00000000000004e0       0x20 obj_cooja/mtype366.a(tcpip.o)
 .debug_aranges
                0x0000000000000500       0x20 obj_cooja/mtype366.a(uip-ds6-route.o)
 .debug_aranges
                0x0000000000000520       0x20 obj_cooja/mtype366.a(uip6.o)
 .debug_aranges